@01 instances/miplib2010/satellites1-25.mps.gz ===========
-----------------------------
Mon Nov 13 16:49:18 MST 2017
-----------------------------
@03 1510616958

Welcome to IBM(R) ILOG(R) CPLEX(R) Interactive Optimizer 12.8.0.0
  with Simplex, Mixed Integer & Barrier Optimizers
5725-A06 5725-A29 5724-Y48 5724-Y49 5724-Y54 5724-Y55 5655-Y21
Copyright IBM Corp. 1988, 2017.  All Rights Reserved.

Type 'help' for a list of available commands.
Type 'help' followed by a command name for more
information on commands.

CPLEX> CPLEX> Logfile 'cplex.log' closed.
CPLEX> New value for default parallel thread count: 1
CPLEX> New value for mixed integer optimality gap tolerance: 0
CPLEX> New value for type of clock used to measure time: 2
CPLEX> New value for time limit in seconds: 7200
CPLEX> New value for parallel optimization mode: 1
CPLEX> Selected objective sense:  MINIMIZE
Selected objective  name:  R5997
Selected RHS        name:  B
Selected bound      name:  BOUND
Problem 'instances/miplib2010/satellites1-25.mps.gz' read.
Read time = 0.01 sec. (3.40 ticks)
CPLEX> Problem is a minimization problem.
New sense ['max' or 'min']: No changes made.
CPLEX> CPXPARAM_TimeLimit                               7200
CPXPARAM_Threads                                 1
CPXPARAM_Parallel                                1
CPXPARAM_MIP_Tolerances_MIPGap                   0
Tried aggregator 2 times.
MIP Presolve eliminated 930 rows and 846 columns.
MIP Presolve modified 3354 coefficients.
Aggregator did 408 substitutions.
Reduced MIP has 4658 rows, 7759 columns, and 50343 nonzeros.
Reduced MIP has 7716 binaries, 0 generals, 0 SOSs, and 0 indicators.
Presolve time = 0.04 sec. (50.89 ticks)
Found incumbent of value 93.000000 after 0.07 sec. (93.04 ticks)
Probing fixed 503 vars, tightened 0 bounds.
Probing time = 0.72 sec. (945.65 ticks)
Tried aggregator 2 times.
MIP Presolve eliminated 438 rows and 665 columns.
MIP Presolve modified 430 coefficients.
Aggregator did 6 substitutions.
Reduced MIP has 4214 rows, 7088 columns, and 45547 nonzeros.
Reduced MIP has 7045 binaries, 0 generals, 0 SOSs, and 0 indicators.
Presolve time = 0.04 sec. (46.10 ticks)
Probing time = 0.01 sec. (11.92 ticks)
Clique table members: 28538.
MIP emphasis: balance optimality and feasibility.
MIP search method: dynamic search.
Parallel mode: none, using 1 thread.
Root relaxation solution time = 0.59 sec. (870.74 ticks)

        Nodes                                         Cuts/
   Node  Left     Objective  IInf  Best Integer    Best Bound    ItCnt     Gap

*     0+    0                           93.0000     -224.0000           340.86%
      0     0      -20.0000   647       93.0000      -20.0000     4292  121.51%
      0     0      -20.0000   506       93.0000      Cuts: 27     6106  121.51%
      0     0      -20.0000   590       93.0000      Cuts: 49     8814  121.51%
      0     0      -20.0000   608       93.0000       Cuts: 6    10514  121.51%
*     0+    0                           45.0000      -20.0000           144.44%
      0     2      -20.0000   608       45.0000      -20.0000    10514  144.44%
Elapsed time = 4.42 sec. (6153.46 ticks, tree = 0.01 MB, solutions = 2)
      1     3      -20.0000   624       45.0000      -20.0000    16432  144.44%
      2     4      -20.0000   633       45.0000      -20.0000    19166  144.44%
      3     5      -20.0000   523       45.0000      -20.0000    21749  144.44%
      5     7      -20.0000   522       45.0000      -20.0000    23696  144.44%
      6     8      -19.5000   322       45.0000      -20.0000    27414  144.44%
      7     9      -20.0000   582       45.0000      -20.0000    32283  144.44%
      8    10       30.0005   303       45.0000      -20.0000    33849  144.44%
     10    12      -20.0000   540       45.0000      -20.0000    33941  144.44%
     14    16      -20.0000   377       45.0000      -20.0000    35102  144.44%
     17    19      -19.5000   338       45.0000      -20.0000    37696  144.44%
Elapsed time = 9.08 sec. (12196.62 ticks, tree = 0.75 MB, solutions = 2)
     43    31      -15.0000   277       45.0000      -20.0000    41861  144.44%
     71    45      -19.0000   400       45.0000      -20.0000    46176  144.44%
*   107    66      integral     0       19.0000      -20.0000    49164  205.26%
    111    65      -20.0000   447       19.0000      -20.0000    51376  205.26%
    119    72      -18.9995   399       19.0000      -20.0000    56859  205.26%
    148    99      -15.8464   376       19.0000      -20.0000    62659  205.26%
*   190   116      integral     0       -1.0000      -20.0000    64538     ---
    192   116      -20.0000   687       -1.0000      -20.0000    67490     ---
    199   123      -20.0000   418       -1.0000      -20.0000    70283     ---
    222   139      -20.0000   580       -1.0000      -20.0000    77285     ---
    232   141      -17.6461   153       -1.0000      -20.0000    82316     ---
    255   160      -19.5000   250       -1.0000      -20.0000    87404     ---
Elapsed time = 17.65 sec. (23855.89 ticks, tree = 8.35 MB, solutions = 4)
    268   161    infeasible             -1.0000      -20.0000    90599     ---
    275   162      -20.0000   336       -1.0000      -20.0000    92287     ---
    285   162    infeasible             -1.0000      -20.0000    94804     ---
    288   161      -19.0000   400       -1.0000      -20.0000   107564     ---
    296   159    infeasible             -1.0000      -20.0000   111446     ---
    298   159      -20.0000   595       -1.0000      -20.0000   115151     ---
    299   160      -20.0000   656       -1.0000      -20.0000   122153     ---
    301   162      -20.0000   456       -1.0000      -20.0000   127649     ---
    305   166      -20.0000   381       -1.0000      -20.0000   129993     ---
    311   172      -19.5000   336       -1.0000      -20.0000   134456     ---
Elapsed time = 28.84 sec. (37678.17 ticks, tree = 8.42 MB, solutions = 4)
    315   176      -18.5000   339       -1.0000      -20.0000   138031     ---
    324   185      -17.6667   530       -1.0000      -20.0000   141965     ---
    341   198      -20.0000   373       -1.0000      -20.0000   149859     ---
    344   201      -19.5000   338       -1.0000      -20.0000   152380     ---
    354   207      -20.0000   280       -1.0000      -20.0000   156718     ---
    364   209    infeasible             -1.0000      -20.0000   160023     ---
    370   210      -20.0000   376       -1.0000      -20.0000   164092     ---
    382   222      -17.9239   493       -1.0000      -20.0000   168275     ---
    400   236      -19.5000   463       -1.0000      -20.0000   172027     ---
    425   253      -19.7142   361       -1.0000      -20.0000   176603     ---
Elapsed time = 37.58 sec. (49271.38 ticks, tree = 11.53 MB, solutions = 4)
    440   256      -20.0000   397       -1.0000      -20.0000   180568     ---
    471   280    infeasible             -1.0000      -20.0000   184908     ---
    500   301      -20.0000   415       -1.0000      -20.0000   189649     ---
    502   303      -19.9167   413       -1.0000      -20.0000   192047     ---
    516   310      -18.4988   249       -1.0000      -20.0000   196770     ---
    527   311      -20.0000   391       -1.0000      -20.0000   200023     ---
    546   325      -18.5000   379       -1.0000      -20.0000   204971     ---
    561   332      -19.5000   432       -1.0000      -20.0000   209196     ---
    573   328    infeasible             -1.0000      -20.0000   213948     ---
    576   326      -20.0000   383       -1.0000      -20.0000   218700     ---
Elapsed time = 45.73 sec. (60001.69 ticks, tree = 13.98 MB, solutions = 4)
    592   336      -18.4995   191       -1.0000      -20.0000   223280     ---
    605   345      -20.0000   511       -1.0000      -20.0000   228935     ---
    611   349      -19.5000   402       -1.0000      -20.0000   232037     ---
    641   371      -18.4995   355       -1.0000      -20.0000   237287     ---
    651   373      -20.0000   287       -1.0000      -20.0000   240411     ---
    667   377      -19.0000   369       -1.0000      -20.0000   245224     ---
    679   381      -19.5000   199       -1.0000      -20.0000   249302     ---
    688   380      -20.0000   294       -1.0000      -20.0000   251959     ---
    702   387      -19.5000   133       -1.0000      -20.0000   255577     ---
    723   389      -20.0000    96       -1.0000      -20.0000   259950     ---
Elapsed time = 53.96 sec. (70866.84 ticks, tree = 16.53 MB, solutions = 4)
    740   389      -19.5000   257       -1.0000      -20.0000   263342     ---
    773   397      -19.0000   348       -1.0000      -20.0000   269196     ---
    788   406      -18.0000   226       -1.0000      -20.0000   272514     ---
    796   400      -19.5000   417       -1.0000      -20.0000   276475     ---
    814   409      -19.0000   418       -1.0000      -20.0000   280116     ---
    839   412      -20.0000   232       -1.0000      -20.0000   283692     ---
    847   414      -20.0000   194       -1.0000      -20.0000   288727     ---
    851   415      -18.0000   199       -1.0000      -20.0000   292011     ---
    873   431      -19.5000   228       -1.0000      -20.0000   296958     ---
    880   438      -18.5000   214       -1.0000      -20.0000   299365     ---
Elapsed time = 62.00 sec. (81360.94 ticks, tree = 18.97 MB, solutions = 4)
    893   441      -18.5000   153       -1.0000      -20.0000   304639     ---
    902   442      -19.9029   467       -1.0000      -20.0000   308136     ---
    925   457      -18.6654   255       -1.0000      -19.9167   312730     ---
    940   464      -18.9988   128       -1.0000      -19.9167   315987     ---
    953   467      -16.8929   250       -1.0000      -19.7500   321097     ---
    973   479      -19.7500   449       -1.0000      -19.7500   325511     ---
   1018   496      -18.7500   290       -1.0000      -19.7500   329977     ---
   1043   510      -19.1928   550       -1.0000      -19.7354   334226     ---
   1056   511      -17.1853   150       -1.0000      -19.6667   337298     ---
   1079   516    infeasible             -1.0000      -19.5270   342896     ---
Elapsed time = 69.91 sec. (91860.70 ticks, tree = 23.20 MB, solutions = 4)
   1089   510    infeasible             -1.0000      -19.5000   346830     ---
   1119   505    infeasible             -1.0000      -19.5000   351189     ---
   1130   507      -19.3443   237       -1.0000      -19.5000   354361     ---
   1183   507      -19.5000   294       -1.0000      -19.5000   359141     ---
   1208   508      -17.9294   291       -1.0000      -19.5000   362998     ---
   1216   510        cutoff             -1.0000      -19.5000   367290     ---
*  1218   501      integral     0       -5.0000      -19.5000   368235  290.00%
   1239   495      -19.0000   250       -5.0000      -19.5000   371300  290.00%
   1264   510      -19.0000   370       -5.0000      -19.5000   376325  290.00%
   1294   510      -19.0000   430       -5.0000      -19.5000   384077  290.00%
Elapsed time = 77.70 sec. (102069.58 ticks, tree = 22.72 MB, solutions = 5)
   1312   516      -19.5000   330       -5.0000      -19.5000   387300  290.00%
   1335   512      -19.5000   337       -5.0000      -19.5000   393493  290.00%
   1343   508      -19.5000   274       -5.0000      -19.5000   397833  290.00%
   1362   509      -18.9766   296       -5.0000      -19.5000   401923  290.00%
   1373   512    infeasible             -5.0000      -19.5000   404855  290.00%
   1398   518      -18.5000   501       -5.0000      -19.4988   411556  289.98%
   1416   502    infeasible             -5.0000      -19.2500   415890  285.00%
   1451   510      -18.5000   234       -5.0000      -19.0000   419183  280.00%
   1527   502      -18.3333   359       -5.0000      -19.0000   426742  280.00%
   1649   501    infeasible             -5.0000      -19.0000   440375  280.00%
Elapsed time = 88.75 sec. (116190.69 ticks, tree = 23.38 MB, solutions = 5)
   1740   518      -19.0000   238       -5.0000      -19.0000   454892  280.00%
   1843   541      -18.5000   286       -5.0000      -19.0000   470451  280.00%
   1944   563      -19.0000   212       -5.0000      -19.0000   485979  280.00%
   2002   566      -18.0000   415       -5.0000      -19.0000   501383  280.00%
   2044   563      -20.0000   334       -5.0000      -19.0000   523760  280.00%
   2055   404      -19.5000   277       -5.0000      -19.0000   535998  280.00%
   2090   103      -19.5000   241       -5.0000      -19.0000   546926  280.00%
   2121    50      -19.7500   367       -5.0000      -19.0000   558916  280.00%
   2154    58      -20.0000   245       -5.0000      -19.0000   571814  280.00%
   2184    56      -19.7500   385       -5.0000      -19.0000   583475  280.00%
Elapsed time = 121.57 sec. (161540.94 ticks, tree = 0.85 MB, solutions = 5)
   2206    62      -19.0000   407       -5.0000      -19.0000   601309  280.00%
   2220    63      -19.5000   333       -5.0000      -19.0000   614411  280.00%
   2225    62      -20.0000   397       -5.0000      -19.0000   621826  280.00%
   2237    69    infeasible             -5.0000      -19.0000   629675  280.00%
   2256    76      -20.0000   371       -5.0000      -19.0000   644043  280.00%
   2276    86      -19.7500   461       -5.0000      -19.0000   660597  280.00%
   2301    97      -17.5000   374       -5.0000      -19.0000   684050  280.00%
   2327    96      -18.0000   300       -5.0000      -19.0000   692841  280.00%
   2373   117      -17.4000   562       -5.0000      -19.0000   702895  280.00%
   2394   128      -19.0000   474       -5.0000      -19.0000   712461  280.00%
Elapsed time = 152.00 sec. (202268.71 ticks, tree = 2.60 MB, solutions = 5)
   2461   157      -19.5000   456       -5.0000      -19.0000   727821  280.00%
   2491   179      -19.5000   340       -5.0000      -19.0000   741444  280.00%
   2523   184      -19.0000   286       -5.0000      -19.0000   752547  280.00%
   2576   194      -19.5000   447       -5.0000      -19.0000   766053  280.00%
   2605   213      -18.0000   596       -5.0000      -19.0000   777241  280.00%
   2660   255      -18.0000   443       -5.0000      -19.0000   788845  280.00%
   2712   281      -18.0000   546       -5.0000      -19.0000   801794  280.00%
   2745   293      -19.5000   366       -5.0000      -19.0000   810190  280.00%
   2824   335      -19.0000   461       -5.0000      -19.0000   822249  280.00%
   2884   337      -17.7908   482       -5.0000      -19.0000   833389  280.00%
Elapsed time = 180.11 sec. (241668.38 ticks, tree = 10.52 MB, solutions = 5)
   2946   324      -18.0000   431       -5.0000      -19.0000   846725  280.00%
   3000   350      -15.0000   464       -5.0000      -19.0000   859879  280.00%
   3047   343      -19.0000   395       -5.0000      -19.0000   872927  280.00%
   3124   336      -18.0000   309       -5.0000      -18.5000   886001  270.00%
   3193   324      -17.5000   387       -5.0000      -18.0000   898073  260.00%
   3278   264      -15.5000   383       -5.0000      -18.0000   906249  260.00%
   3423   232      -16.5000   405       -5.0000      -17.5000   921068  250.00%
   3499   195    infeasible             -5.0000      -17.0000   927771  240.00%
   3573   161      -16.5203   439       -5.0000      -17.0000   940017  240.00%
   3718    74      -13.9388   447       -5.0000      -15.6635   953747  213.27%
Elapsed time = 209.18 sec. (280730.01 ticks, tree = 2.40 MB, solutions = 5)
   3811    51        cutoff             -5.0000      -14.0000   965556  180.00%
   3850    29        cutoff             -5.0000      -13.0000   969653  160.00%

GUB cover cuts applied:  2
Clique cuts applied:  7
Cover cuts applied:  5
Implied bound cuts applied:  21
Flow cuts applied:  5
Mixed integer rounding cuts applied:  19
Zero-half cuts applied:  18
Gomory fractional cuts applied:  2

Root node processing (before b&c):
  Real time             =    4.30 sec. (6032.75 ticks)
Sequential b&c:
  Real time             =  212.50 sec. (283592.69 ticks)
                          ------------
Total (root+branch&cut) =  216.80 sec. (289625.44 ticks)

Solution pool: 5 solutions saved.

MIP - Integer optimal solution:  Objective = -5.0000000000e+00
Solution time =  216.80 sec.  Iterations = 971881  Nodes = 3896
Deterministic time = 289625.47 ticks  (1335.91 ticks/sec)

CPLEX> Incumbent solution written to file '/home/beck/miplib2010-1.1.0/results/solutions/benchmark.cplex.satellites1-25.mps.sol.sol'.
CPLEX> Logfile '/home/beck/miplib2010-1.1.0/results/solutions/benchmark.cplex.satellites1-25.mps.sol' open.
CPLEX> MIP - Integer optimal solution:  Objective = -5.0000000000e+00
CPLEX> Logfile '/home/beck/miplib2010-1.1.0/results/solutions/benchmark.cplex.satellites1-25.mps.sol' closed.
CPLEX>
@04 1510617175
@05 7200

Read MPS: 1
MIP has 9013 vars and 5996 constraints
Read SOL: 1
Objective value computed by solver: -5

Integrality tolerance: 1/10000
Linear tolerance: 1/10000
Objective tolerance: 1/10000

Check SOL: Integrality 1 Constraints 1 Objective 1
Maximum violations: Integrality 6.3e-15 Constraints 7.5e-10 Objective 9e-16

-----------------------------
Mon Nov 13 16:52:55 MST 2017
-----------------------------

=ready=
