/01 instances/miplib2010/enlight13.mps.gz ===========
-----------------------------
Mon Nov 13 10:29:11 MST 2017
-----------------------------
@03 1510594151

Welcome to IBM(R) ILOG(R) CPLEX(R) Interactive Optimizer 12.8.0.0
  with Simplex, Mixed Integer & Barrier Optimizers
5725-A06 5725-A29 5724-Y48 5724-Y49 5724-Y54 5724-Y55 5655-Y21
Copyright IBM Corp. 1988, 2017.  All Rights Reserved.

Type 'help' for a list of available commands.
Type 'help' followed by a command name for more
information on commands.

CPLEX> CPLEX> Logfile 'cplex.log' closed.
CPLEX> New value for default parallel thread count: 1
CPLEX> New value for mixed integer optimality gap tolerance: 0
CPLEX> New value for type of clock used to measure time: 2
CPLEX> New value for time limit in seconds: 7200
CPLEX> New value for parallel optimization mode: 1
CPLEX> Selected objective sense:  MINIMIZE
Selected objective  name:  moves
Selected RHS        name:  rhs
Selected bound      name:  bnd
Problem 'instances/miplib2010/enlight13.mps.gz' read.
Read time = 0.00 sec. (0.12 ticks)
CPLEX> Problem is a minimization problem.
New sense ['max' or 'min']: No changes made.
CPLEX> CPXPARAM_TimeLimit                               7200
CPXPARAM_Threads                                 1
CPXPARAM_Parallel                                1
CPXPARAM_MIP_Tolerances_MIPGap                   0
Tried aggregator 1 time.
Reduced MIP has 169 rows, 338 columns, and 962 nonzeros.
Reduced MIP has 172 binaries, 166 generals, 0 SOSs, and 0 indicators.
Presolve time = 0.00 sec. (0.49 ticks)
Probing time = 0.00 sec. (0.16 ticks)
Tried aggregator 1 time.
Reduced MIP has 169 rows, 338 columns, and 962 nonzeros.
Reduced MIP has 172 binaries, 166 generals, 0 SOSs, and 0 indicators.
Presolve time = 0.00 sec. (0.73 ticks)
Probing fixed 3 vars, tightened 0 bounds.
Probing time = 0.00 sec. (0.01 ticks)
Clique table members: 6.
MIP emphasis: balance optimality and feasibility.
MIP search method: dynamic search.
Parallel mode: none, using 1 thread.
Root relaxation solution time = 0.00 sec. (0.13 ticks)

        Nodes                                         Cuts/
   Node  Left     Objective  IInf  Best Integer    Best Bound    ItCnt     Gap

*     0     0      integral     0       71.0000       71.0000        0    0.00%
Elapsed time = 0.00 sec. (3.24 ticks, tree = 0.00 MB, solutions = 1)

Root node processing (before b&c):
  Real time             =    0.00 sec. (3.25 ticks)
Sequential b&c:
  Real time             =    0.00 sec. (0.00 ticks)
                          ------------
Total (root+branch&cut) =    0.00 sec. (3.25 ticks)

Solution pool: 1 solution saved.

MIP - Integer optimal solution:  Objective =  7.1000000000e+01
Solution time =    0.00 sec.  Iterations = 0  Nodes = 0
Deterministic time = 3.25 ticks  (715.16 ticks/sec)

CPLEX> Incumbent solution written to file '/home/beck/miplib2010-1.1.0/results/solutions/benchmark.cplex.enlight13.mps.sol.sol'.
CPLEX> Logfile '/home/beck/miplib2010-1.1.0/results/solutions/benchmark.cplex.enlight13.mps.sol' open.
CPLEX> MIP - Integer optimal solution:  Objective =  7.1000000000e+01
CPLEX> Logfile '/home/beck/miplib2010-1.1.0/results/solutions/benchmark.cplex.enlight13.mps.sol' closed.
CPLEX>
@04 1510594151
@05 7200

Read MPS: 1
MIP has 338 vars and 169 constraints
Read SOL: 1
Objective value computed by solver: 71

Integrality tolerance: 1/10000
Linear tolerance: 1/10000
Objective tolerance: 1/10000

Check SOL: Integrality 1 Constraints 1 Objective 1
Maximum violations: Integrality 0 Constraints 0 Objective 0

-----------------------------
Mon Nov 13 10:29:11 MST 2017
-----------------------------

=ready=
