@01 instances/benchmark/bab5.mps ===========
-----------------------------
Wed Apr 25 13:38:21 MST 2018
-----------------------------
@03 1524688701
/home/beck/miplib2010-1.1.0/results/solutions/benchmark.gurobi.bab5.mps.sol
Set parameter TimeLimit to value 7200
Set parameter MIPGap to value 0.0
Set parameter Threads to value 1

Gurobi Optimizer version 8.0.0 build v8.0.0rc0 (linux64)
Copyright (c) 2018, Gurobi Optimization, LLC

Read MPS format model from file instances/benchmark/bab5.mps
Reading time = 0.04 seconds
bab5: 4964 rows, 21600 columns, 155520 nonzeros
Optimize a model with 4964 rows, 21600 columns and 155520 nonzeros
Variable types: 0 continuous, 21600 integer (0 binary)
Coefficient statistics:
  Matrix range     [9e-02, 8e+00]
  Objective range  [2e+01, 4e+03]
  Bounds range     [1e+00, 1e+00]
  RHS range        [1e+00, 5e+01]
Presolve removed 226 rows and 202 columns
Presolve time: 0.18s
Presolved: 4738 rows, 21398 columns, 68369 nonzeros
Variable types: 0 continuous, 21398 integer (21398 binary)

Root relaxation: objective -1.164152e+05, 16059 iterations, 0.38 seconds

    Nodes    |    Current Node    |     Objective Bounds      |     Work
 Expl Unexpl |  Obj  Depth IntInf | Incumbent    BestBd   Gap | It/Node Time

     0     0 -116415.20    0  100          - -116415.20      -     -    0s
     0     0 -114007.98    0  237          - -114007.98      -     -    0s
     0     0 -114007.98    0  239          - -114007.98      -     -    1s
     0     0 -113180.48    0  246          - -113180.48      -     -    1s
     0     0 -113176.46    0  240          - -113176.46      -     -    1s
     0     0 -112669.88    0  286          - -112669.88      -     -    1s
     0     0 -112625.91    0  326          - -112625.91      -     -    1s
     0     0 -112577.04    0  272          - -112577.04      -     -    1s
     0     0 -112577.04    0  269          - -112577.04      -     -    1s
     0     0 -112549.71    0  303          - -112549.71      -     -    1s
     0     0 -112549.71    0  328          - -112549.71      -     -    1s
     0     0 -112485.76    0  300          - -112485.76      -     -    1s
     0     0 -112485.76    0  298          - -112485.76      -     -    1s
     0     0 -112379.54    0  327          - -112379.54      -     -    1s
     0     0 -112348.93    0  303          - -112348.93      -     -    1s
     0     0 -112333.92    0  304          - -112333.92      -     -    1s
     0     0 -112113.07    0  285          - -112113.07      -     -    1s
     0     0 -112089.49    0  351          - -112089.49      -     -    1s
     0     0 -112086.82    0  392          - -112086.82      -     -    1s
     0     0 -112041.56    0  352          - -112041.56      -     -    1s
     0     0 -112041.56    0  361          - -112041.56      -     -    1s
     0     0 -111768.03    0  341          - -111768.03      -     -    2s
     0     0 -111626.46    0  438          - -111626.46      -     -    2s
     0     0 -111526.49    0  421          - -111526.49      -     -    2s
     0     0 -111525.57    0  428          - -111525.57      -     -    2s
     0     0 -111422.11    0  449          - -111422.11      -     -    2s
     0     0 -111406.27    0  433          - -111406.27      -     -    2s
     0     0 -111406.27    0  484          - -111406.27      -     -    2s
     0     0 -111275.29    0  428          - -111275.29      -     -    2s
     0     0 -110876.88    0  487          - -110876.88      -     -    2s
     0     0 -110868.34    0  447          - -110868.34      -     -    2s
     0     0 -110868.20    0  422          - -110868.20      -     -    2s
     0     0 -110512.32    0  383          - -110512.32      -     -    2s
     0     0 -110480.06    0  423          - -110480.06      -     -    2s
     0     0 -110470.36    0  432          - -110470.36      -     -    2s
     0     0 -110317.95    0  504          - -110317.95      -     -    2s
     0     0 -110208.13    0  482          - -110208.13      -     -    2s
     0     0 -110178.85    0  489          - -110178.85      -     -    2s
     0     0 -110177.99    0  503          - -110177.99      -     -    2s
     0     0 -110035.19    0  493          - -110035.19      -     -    3s
     0     0 -109999.91    0  488          - -109999.91      -     -    3s
     0     0 -109999.91    0  488          - -109999.91      -     -    3s
     0     0 -108769.81    0  455          - -108769.81      -     -    3s
     0     0 -108767.23    0  449          - -108767.23      -     -    3s
     0     0 -108333.35    0  381          - -108333.35      -     -    3s
     0     0 -108124.12    0  395          - -108124.12      -     -    3s
     0     0 -108023.74    0  350          - -108023.74      -     -    3s
     0     0 -108013.56    0  345          - -108013.56      -     -    3s
     0     0 -108005.02    0  393          - -108005.02      -     -    3s
     0     0 -108005.02    0  392          - -108005.02      -     -    3s
     0     0 -108000.15    0  417          - -108000.15      -     -    3s
     0     0 -107999.97    0  448          - -107999.97      -     -    3s
     0     0 -107998.10    0  505          - -107998.10      -     -    3s
     0     0 -107998.10    0  508          - -107998.10      -     -    3s
     0     0 -107985.66    0  529          - -107985.66      -     -    3s
     0     0 -107985.66    0  373          - -107985.66      -     -   12s
     0     0 -107799.47    0  262          - -107799.47      -     -   14s
     0     0 -107533.39    0  252          - -107533.39      -     -   15s
     0     0 -107520.46    0  275          - -107520.46      -     -   16s
     0     0 -107508.55    0  274          - -107508.55      -     -   17s
     0     0 -107422.89    0  266          - -107422.89      -     -   17s
     0     0 -107334.45    0  269          - -107334.45      -     -   17s
     0     0 -107334.45    0  269          - -107334.45      -     -   18s
     0     0 -107334.45    0  245          - -107334.45      -     -   18s
H    0     0                    -106130.5441 -107334.45  1.13%     -   18s
     0     0 -107334.45    0  138 -106130.54 -107334.45  1.13%     -   19s
     0     0 -107334.45    0  299 -106130.54 -107334.45  1.13%     -   19s
     0     0 -107334.45    0  397 -106130.54 -107334.45  1.13%     -   19s
     0     0 -107334.45    0  417 -106130.54 -107334.45  1.13%     -   19s
     0     0 -107334.45    0  384 -106130.54 -107334.45  1.13%     -   19s
     0     0 -107334.45    0  376 -106130.54 -107334.45  1.13%     -   20s
     0     0 -107334.45    0  406 -106130.54 -107334.45  1.13%     -   20s
     0     0 -107136.77    0  288 -106130.54 -107136.77  0.95%     -   20s
     0     0 -107136.77    0  293 -106130.54 -107136.77  0.95%     -   20s
     0     0 -107136.77    0  220 -106130.54 -107136.77  0.95%     -   20s
H    0     0                    -106259.6071 -107136.77  0.83%     -   20s
     0     0 -107108.71    0  373 -106259.61 -107108.71  0.80%     -   20s
     0     0 -107088.01    0  387 -106259.61 -107088.01  0.78%     -   20s
     0     0 -107087.15    0  362 -106259.61 -107087.15  0.78%     -   20s
     0     0 -107038.63    0  299 -106259.61 -107038.63  0.73%     -   20s
     0     0 -107038.63    0  278 -106259.61 -107038.63  0.73%     -   20s
     0     0 -107031.44    0  363 -106259.61 -107031.44  0.73%     -   20s
     0     0 -107027.80    0  354 -106259.61 -107027.80  0.72%     -   20s
     0     0 -107026.09    0  289 -106259.61 -107026.09  0.72%     -   20s
     0     0 -106993.15    0  316 -106259.61 -106993.15  0.69%     -   20s
     0     0 -106993.15    0  319 -106259.61 -106993.15  0.69%     -   21s
     0     0 -106974.63    0  278 -106259.61 -106974.63  0.67%     -   21s
     0     0 -106974.63    0  277 -106259.61 -106974.63  0.67%     -   21s
     0     0 -106974.63    0  286 -106259.61 -106974.63  0.67%     -   21s
     0     0 -106974.63    0  285 -106259.61 -106974.63  0.67%     -   21s
     0     0 -106974.63    0  134 -106259.61 -106974.63  0.67%     -   21s
     0     0 -106974.63    0  118 -106259.61 -106974.63  0.67%     -   21s
     0     0 -106974.63    0  141 -106259.61 -106974.63  0.67%     -   21s
     0     0 -106974.63    0  141 -106259.61 -106974.63  0.67%     -   23s
H    0     0                    -106319.0101 -106974.63  0.62%     -   23s
H    0     0                    -106319.1941 -106974.63  0.62%     -   23s
     0     0 -106974.63    0  110 -106319.19 -106974.63  0.62%     -   24s
H    0     0                    -106326.9661 -106974.63  0.61%     -   24s
     0     0 -106974.63    0  220 -106326.97 -106974.63  0.61%     -   24s
     0     0 -106974.63    0  201 -106326.97 -106974.63  0.61%     -   24s
     0     0 -106974.63    0  152 -106326.97 -106974.63  0.61%     -   24s
     0     0 -106974.63    0  271 -106326.97 -106974.63  0.61%     -   24s
     0     0 -106974.63    0   98 -106326.97 -106974.63  0.61%     -   24s
     0     0 -106974.63    0  232 -106326.97 -106974.63  0.61%     -   24s
     0     0 -106923.63    0  283 -106326.97 -106923.63  0.56%     -   24s
     0     0 -106558.50    0  144 -106326.97 -106558.50  0.22%     -   24s
     0     0 -106558.50    0  125 -106326.97 -106558.50  0.22%     -   24s
     0     0 -106506.06    0  100 -106326.97 -106506.06  0.17%     -   25s
     0     0 -106506.06    0   54 -106326.97 -106506.06  0.17%     -   25s
     0     0 -106506.06    0   41 -106326.97 -106506.06  0.17%     -   25s
     0     0 -106491.79    0   61 -106326.97 -106491.79  0.16%     -   25s
     0     0 -106491.79    0   61 -106326.97 -106491.79  0.16%     -   25s
     0     0 -106445.36    0  128 -106326.97 -106445.36  0.11%     -   25s
     0     0 -106432.87    0  119 -106326.97 -106432.87  0.10%     -   25s
     0     0 -106411.84    0   93 -106326.97 -106411.84  0.08%     -   25s
*    0     0               0    -106411.8401 -106411.84  0.00%     -   25s
     0     0          -    0      -106411.84 -106411.84  0.00%     -   25s

Cutting planes:
  Gomory: 9
  Cover: 45
  Clique: 62
  MIR: 5
  GUB cover: 1
  Zero half: 16

Explored 1 nodes (104032 simplex iterations) in 25.52 seconds
Thread count was 1 (of 8 available processors)

Solution count 6: -106412 -106327 -106319 ... -106131

Optimal solution found (tolerance 0.00e+00)
Best objective -1.064118401000e+05, best bound -1.064118401000e+05, gap 0.0000%

Wrote result file '/home/beck/miplib2010-1.1.0/results/solutions/benchmark.gurobi.bab5.mps.sol'


@04 1524688726
@05 7200

Read MPS: 1
MIP has 21600 vars and 4964 constraints
Read SOL: 1
Objective value computed by solver: -106412

Integrality tolerance: 1/10000
Linear tolerance: 1/10000
Objective tolerance: 1/10000

Check SOL: Integrality 1 Constraints 1 Objective 1
Maximum violations: Integrality 0 Constraints 0 Objective 0

-----------------------------
Wed Apr 25 13:38:47 MST 2018
-----------------------------

=ready=
