@01 instances/miplib2010/dfn-gwin-UUM.mps.gz ===========
-----------------------------
Tue Oct 25 17:31:53 MST 2016
-----------------------------
@03 1477441913
/home/beck/miplib2010-1.1.0/results/solutions/benchmark.gurobi.dfn-gwin-UUM.mps.sol
Set parameter TimeLimit to value 7200
Set parameter MIPGap to value 0.0
Set parameter Threads to value 1

Gurobi Optimizer version 7.0.0 build v7.0.0rc3 (linux64)
Copyright (c) 2016, Gurobi Optimization, Inc.

Read MPS format model from file instances/miplib2010/dfn-gwin-UUM.mps.gz
Reading time = 0.07 seconds
dfn-gwin-UUM: 158 rows, 938 columns, 2632 nonzeros
Optimize a model with 158 rows, 938 columns and 2632 nonzeros
Variable types: 848 continuous, 90 integer (0 binary)
Coefficient statistics:
  Matrix range     [1e+00, 6e+02]
  Objective range  [7e+02, 8e+03]
  Bounds range     [0e+00, 0e+00]
  RHS range        [1e+00, 7e+02]
Found heuristic solution: objective 174600
Presolve removed 2 rows and 2 columns
Presolve time: 0.00s
Presolved: 156 rows, 936 columns, 2629 nonzeros
Variable types: 846 continuous, 90 integer (0 binary)

Root relaxation: objective 2.746726e+04, 533 iterations, 0.01 seconds

    Nodes    |    Current Node    |     Objective Bounds      |     Work
 Expl Unexpl |  Obj  Depth IntInf | Incumbent    BestBd   Gap | It/Node Time

     0     0 27467.2572    0   45 174600.000 27467.2572  84.3%     -    0s
H    0     0                    94848.000000 27467.2572  71.0%     -    0s
     0     0 31311.4434    0   36 94848.0000 31311.4434  67.0%     -    0s
     0     0 31997.8309    0   32 94848.0000 31997.8309  66.3%     -    0s
     0     0 32077.1421    0   32 94848.0000 32077.1421  66.2%     -    0s
     0     0 32593.1221    0   38 94848.0000 32593.1221  65.6%     -    0s
     0     0 32603.3729    0   37 94848.0000 32603.3729  65.6%     -    0s
     0     0 32784.5967    0   42 94848.0000 32784.5967  65.4%     -    0s
     0     0 32832.7515    0   41 94848.0000 32832.7515  65.4%     -    0s
     0     0 33312.3420    0   43 94848.0000 33312.3420  64.9%     -    0s
     0     0 33365.1230    0   43 94848.0000 33365.1230  64.8%     -    0s
     0     0 33550.7145    0   44 94848.0000 33550.7145  64.6%     -    0s
     0     0 33572.2178    0   45 94848.0000 33572.2178  64.6%     -    0s
     0     0 33713.1046    0   48 94848.0000 33713.1046  64.5%     -    0s
     0     2 33713.8408    0   48 94848.0000 33713.8408  64.5%     -    0s
H   29    29                    61632.000000 34138.0750  44.6%  36.0    0s
H   36    36                    51992.000000 34138.0750  34.3%  39.4    0s
H   64    64                    47596.000000 34138.0750  28.3%  34.1    0s
H   67    67                    47300.000000 34138.0750  27.8%  33.2    0s
H   74    71                    45600.000000 34138.0750  25.1%  32.7    0s
H   76    73                    43172.000000 34138.0750  20.9%  32.1    0s
H   96    90                    42976.000000 34138.0750  20.6%  27.4    0s
H  271   240                    42472.000000 34312.8261  19.2%  26.2    0s
H  407   334                    42132.000000 34399.9513  18.4%  27.0    0s
H  695   510                    41896.000000 34932.4498  16.6%  35.6    1s
H  921   536                    40944.000000 35092.4479  14.3%  37.2    2s
H 1137   509                    39532.000000 35224.5010  10.9%  35.3    2s
  2788  1578     cutoff   45      39532.0000 35732.2026  9.61%  34.6    5s
  6037  3793 37770.8757   38   22 39532.0000 36190.8896  8.45%  34.2   10s
  9552  6082 37015.1893   26   16 39532.0000 36446.2418  7.81%  33.2   15s
 10288  6583 38043.3232   30   57 39532.0000 36487.4346  7.70%  32.8   20s
H10832  6428                    39396.000000 36487.4346  7.38%  35.6   24s
H10941  6073                    38752.000000 36487.4346  5.84%  35.9   24s
 11033  6094 37183.0701   49   50 38752.0000 36487.4346  5.84%  36.3   25s
 12278  6492 38361.1032   67   21 38752.0000 36560.6388  5.65%  39.9   30s
 13574  6839 37454.3797   44   37 38752.0000 36794.9912  5.05%  42.5   35s
 15110  7233 37317.0227   46   26 38752.0000 36954.0784  4.64%  43.7   40s
 16725  7616 38169.4454   48   26 38752.0000 37086.6219  4.30%  44.6   45s
 18097  7811 38653.3420   44   40 38752.0000 37187.3527  4.04%  45.7   50s
 19501  8044 38047.7390   49   19 38752.0000 37268.4704  3.83%  46.6   55s
 20706  8269 38439.7075   68   10 38752.0000 37337.5192  3.65%  47.0   60s
 22508  8534     cutoff   45      38752.0000 37416.4470  3.45%  47.1   65s
 24135  8680     cutoff   60      38752.0000 37472.5101  3.30%  47.2   70s
 25867  8824 38596.1488   51   29 38752.0000 37525.4860  3.17%  47.4   75s
 27804  8935 38602.7154   51   12 38752.0000 37583.7266  3.01%  47.2   80s
 29583  9621     cutoff   49      38752.0000 37625.8314  2.91%  47.2   85s
 31437 10240     cutoff   76      38752.0000 37662.2460  2.81%  47.1   90s
 33332 10883 38573.2925   55   15 38752.0000 37693.2658  2.73%  46.9   95s
 35252 11498 38584.6078   52   28 38752.0000 37724.9412  2.65%  46.8  100s
 37342 12060 37871.2412   54   22 38752.0000 37763.6901  2.55%  46.4  105s
 39200 12570 38189.8102   79   13 38752.0000 37793.2930  2.47%  46.4  110s
 41036 13105 38440.3250   44   26 38752.0000 37820.3871  2.40%  46.3  115s
 43083 13686 38666.0167   60   17 38752.0000 37848.4020  2.33%  46.0  120s
 45101 14096 38181.1487   49   35 38752.0000 37878.6620  2.25%  45.8  125s
 47142 14582 38511.9316   75   17 38752.0000 37907.2466  2.18%  45.6  130s
 48696 14873 38612.0943   45   27 38752.0000 37926.6135  2.13%  45.4  135s
 50758 15282 38343.7024   59   23 38752.0000 37950.6336  2.07%  45.1  140s
 52831 15687 38362.7226   64   14 38752.0000 37973.9575  2.01%  44.9  145s
 55018 16066     cutoff   70      38752.0000 37994.0912  1.96%  44.6  150s
 57102 16450 38627.6190   82   13 38752.0000 38013.6230  1.91%  44.4  155s
 59138 16769 38106.3304   59   38 38752.0000 38031.8647  1.86%  44.2  160s
 61218 17086 38742.3218   68   13 38752.0000 38047.7333  1.82%  44.0  165s
 63329 17407 38277.3653   57   34 38752.0000 38062.8788  1.78%  43.8  170s
 65441 17615 38557.8511   48   33 38752.0000 38081.2145  1.73%  43.6  175s
 67515 17803 38352.6803   62   10 38752.0000 38097.1200  1.69%  43.4  180s
 69797 17932 38680.5141   63   21 38752.0000 38116.2750  1.64%  43.1  185s
 71805 18122 38698.7640   71    9 38752.0000 38130.2664  1.60%  43.0  190s
 73219 18219 38180.5169   59   30 38752.0000 38139.2425  1.58%  42.9  195s
 75445 18445     cutoff   44      38752.0000 38152.9642  1.55%  42.7  200s
 77728 18648 38318.9596   70   13 38752.0000 38167.2125  1.51%  42.4  205s
 79675 18827 38550.9115   80   15 38752.0000 38178.8196  1.48%  42.2  210s
 81953 18922     cutoff   51      38752.0000 38192.8589  1.44%  42.0  215s
 84175 19076     cutoff   53      38752.0000 38205.1286  1.41%  41.8  220s
 86512 19190 38716.0292   80   10 38752.0000 38217.4697  1.38%  41.6  225s
 88829 19321     cutoff   71      38752.0000 38229.8536  1.35%  41.4  230s
 91115 19341 38502.7323   70    6 38752.0000 38243.2822  1.31%  41.2  235s
 93368 19406 38419.3754   71   19 38752.0000 38254.3412  1.28%  41.1  240s
 95640 19362 38546.1828   67   12 38752.0000 38267.1079  1.25%  40.9  245s
 97971 19406     cutoff   41      38752.0000 38278.5312  1.22%  40.7  250s
 99674 19403 38479.1346   54   38 38752.0000 38287.0708  1.20%  40.6  256s
 101590 19338 38602.7092   72   18 38752.0000 38296.7409  1.17%  40.4  260s
 104020 19298 38474.7989   92   18 38752.0000 38308.8041  1.14%  40.2  265s
 106473 19215     cutoff   84      38752.0000 38320.4959  1.11%  40.0  270s
 108839 19180 38388.5364   61   16 38752.0000 38332.0348  1.08%  39.9  275s
 111227 19025 38408.0127   54   11 38752.0000 38342.8841  1.06%  39.7  280s
 113658 18813 38528.4014   46   35 38752.0000 38354.8239  1.02%  39.5  285s
 116123 18574     cutoff   68      38752.0000 38365.8799  1.00%  39.4  290s
 118503 18310 38517.8942   70    7 38752.0000 38376.0005  0.97%  39.2  295s
 121019 18035 38536.6581   84   21 38752.0000 38387.0547  0.94%  39.0  300s
 123542 17722 38486.0595   72   22 38752.0000 38398.2146  0.91%  38.9  305s
 125370 17461 38637.1806   73   18 38752.0000 38406.3182  0.89%  38.8  310s
 127840 16945 38691.6694   71    6 38752.0000 38418.1941  0.86%  38.6  315s
 130448 16472     cutoff   60      38752.0000 38430.3739  0.83%  38.4  320s
 132921 16063     cutoff   60      38752.0000 38441.6632  0.80%  38.3  325s
 135569 15507 38531.0344   68   12 38752.0000 38453.5525  0.77%  38.1  330s
 138186 14869 38717.5734   78   17 38752.0000 38465.6491  0.74%  37.9  335s
 140778 14305 38495.3934   67   28 38752.0000 38476.7816  0.71%  37.7  340s
 143447 13583 38534.1712   56   20 38752.0000 38489.4966  0.68%  37.6  345s
 145621 12943 38592.1193   75   23 38752.0000 38499.8318  0.65%  37.4  350s
 148303 12081     cutoff   68      38752.0000 38513.6954  0.61%  37.3  355s
 151011 11126     cutoff   88      38752.0000 38527.5068  0.58%  37.1  360s
 153810 10133     cutoff   77      38752.0000 38542.3196  0.54%  36.9  365s
 156665  8863 38567.8068   70    5 38752.0000 38559.6568  0.50%  36.7  370s
 159401  7502     cutoff   68      38752.0000 38577.8908  0.45%  36.4  375s
 162569  5651     cutoff   75      38752.0000 38604.4064  0.38%  36.2  380s
 166136  3261     cutoff   63      38752.0000 38643.6309  0.28%  35.8  385s

Cutting planes:
  Gomory: 87
  MIR: 798

Explored 170061 nodes (5993331 simplex iterations) in 388.98 seconds
Thread count was 1 (of 8 available processors)

Solution count 10: 38752 39396 39532 ... 45600
Pool objective bound 38752

Optimal solution found (tolerance 0.00e+00)
Best objective 3.875200000000e+04, best bound 3.875200000000e+04, gap 0.0000%

Wrote result file '/home/beck/miplib2010-1.1.0/results/solutions/benchmark.gurobi.dfn-gwin-UUM.mps.sol'


@04 1477442302
@05 7200

Read MPS: 1
MIP has 938 vars and 158 constraints
Read SOL: 1
Objective value computed by solver: 38752

Integrality tolerance: 1/10000
Linear tolerance: 1/10000
Objective tolerance: 1/10000

Check SOL: Integrality 1 Constraints 1 Objective 1
Maximum violations: Integrality 0 Constraints 0 Objective 0

-----------------------------
Tue Oct 25 17:38:22 MST 2016
-----------------------------

=ready=
