@01 instances/benchmark/mine-90-10.mps ===========
-----------------------------
Wed Apr 25 15:39:49 MST 2018
-----------------------------
@03 1524695989
/home/beck/miplib2010-1.1.0/results/solutions/benchmark.gurobi.mine-90-10.mps.sol
Set parameter TimeLimit to value 7200
Set parameter MIPGap to value 0.0
Set parameter Threads to value 1

Gurobi Optimizer version 8.0.0 build v8.0.0rc0 (linux64)
Copyright (c) 2018, Gurobi Optimization, LLC

Read MPS format model from file instances/benchmark/mine-90-10.mps
Reading time = 0.00 seconds
mine-90-10: 6270 rows, 900 columns, 15407 nonzeros
Optimize a model with 6270 rows, 900 columns and 15407 nonzeros
Variable types: 0 continuous, 900 integer (0 binary)
Coefficient statistics:
  Matrix range     [1e+00, 5e+04]
  Objective range  [9e+02, 6e+07]
  Bounds range     [1e+00, 1e+00]
  RHS range        [1e+05, 2e+05]
Found heuristic solution: objective -6902203.813
Found heuristic solution: objective -2.00016e+07
Presolve removed 2152 rows and 122 columns
Presolve time: 0.06s
Presolved: 4118 rows, 778 columns, 9489 nonzeros
Variable types: 0 continuous, 778 integer (760 binary)
Presolved: 778 rows, 4896 columns, 10267 nonzeros

Presolve removed 778 rows and 4896 columns

Root relaxation: objective -8.276569e+08, 1573 iterations, 0.03 seconds

    Nodes    |    Current Node    |     Objective Bounds      |     Work
 Expl Unexpl |  Obj  Depth IntInf | Incumbent    BestBd   Gap | It/Node Time

     0     0 -8.277e+08    0  346 -2.000e+07 -8.277e+08  4038%     -    0s
     0     0 -8.155e+08    0  274 -2.000e+07 -8.155e+08  3977%     -    0s
     0     0 -8.155e+08    0  278 -2.000e+07 -8.155e+08  3977%     -    0s
     0     0 -8.149e+08    0  292 -2.000e+07 -8.149e+08  3974%     -    0s
H    0     0                    -5.89007e+08 -8.149e+08  38.4%     -    0s
     0     0 -8.149e+08    0  298 -5.890e+08 -8.149e+08  38.4%     -    0s
     0     0 -8.142e+08    0  316 -5.890e+08 -8.142e+08  38.2%     -    0s
H    0     0                    -6.18094e+08 -8.142e+08  31.7%     -    0s
     0     0 -8.142e+08    0  324 -6.181e+08 -8.142e+08  31.7%     -    0s
     0     0 -8.141e+08    0  363 -6.181e+08 -8.141e+08  31.7%     -    0s
     0     0 -8.140e+08    0  356 -6.181e+08 -8.140e+08  31.7%     -    0s
     0     0 -8.140e+08    0  437 -6.181e+08 -8.140e+08  31.7%     -    0s
     0     0 -8.140e+08    0  356 -6.181e+08 -8.140e+08  31.7%     -    0s
     0     0 -8.136e+08    0  436 -6.181e+08 -8.136e+08  31.6%     -    0s
     0     0 -8.134e+08    0  441 -6.181e+08 -8.134e+08  31.6%     -    0s
     0     0 -8.134e+08    0  441 -6.181e+08 -8.134e+08  31.6%     -    0s
     0     0 -8.134e+08    0  434 -6.181e+08 -8.134e+08  31.6%     -    0s
     0     0 -8.134e+08    0  442 -6.181e+08 -8.134e+08  31.6%     -    0s
     0     0 -8.134e+08    0  302 -6.181e+08 -8.134e+08  31.6%     -    0s
H    0     0                    -6.74307e+08 -8.134e+08  20.6%     -    0s
     0     0 -8.134e+08    0  302 -6.743e+08 -8.134e+08  20.6%     -    0s
     0     0 -8.134e+08    0  396 -6.743e+08 -8.134e+08  20.6%     -    0s
     0     0 -8.134e+08    0  399 -6.743e+08 -8.134e+08  20.6%     -    0s
     0     0 -8.134e+08    0  399 -6.743e+08 -8.134e+08  20.6%     -    0s
H    0     0                    -6.97702e+08 -8.134e+08  16.6%     -    0s
     0     0 -8.134e+08    0  403 -6.977e+08 -8.134e+08  16.6%     -    0s
     0     0 -8.134e+08    0  403 -6.977e+08 -8.134e+08  16.6%     -    0s
H    0     0                    -7.02307e+08 -8.134e+08  15.8%     -    0s
     0     2 -8.134e+08    0  403 -7.023e+08 -8.134e+08  15.8%     -    0s
H   27    23                    -7.55013e+08 -8.133e+08  7.73%  33.3    0s
H   54    40                    -7.66843e+08 -8.122e+08  5.92%  33.5    1s
H  392   219                    -7.74920e+08 -7.998e+08  3.21%  23.5    1s
H  478   221                    -7.79222e+08 -7.960e+08  2.15%  24.5    1s
H  513   219                    -7.80873e+08 -7.946e+08  1.75%  24.9    2s
H  520   213                    -7.83608e+08 -7.946e+08  1.40%  24.5    2s
H  643   218                    -7.83670e+08 -7.946e+08  1.39%  30.3    2s
H  725   212                    -7.83672e+08 -7.939e+08  1.31%  30.4    3s
  1838   396 -7.839e+08   44   12 -7.837e+08 -7.891e+08  0.69%  28.9    5s
  5369  1643 -7.855e+08   38   36 -7.837e+08 -7.878e+08  0.53%  23.4   10s
H 9768  3026                    -7.83744e+08 -7.875e+08  0.48%  20.3   14s
  9787  3030 infeasible   25      -7.837e+08 -7.875e+08  0.47%  20.3   15s
 10202  3171 infeasible   45      -7.837e+08 -7.874e+08  0.47%  20.2   21s
 14530  4239 -7.840e+08   43   28 -7.837e+08 -7.873e+08  0.45%  19.3   25s
 20678  5674 -7.869e+08   52   10 -7.837e+08 -7.871e+08  0.43%  18.3   30s
 27538  7380 -7.845e+08   54   20 -7.837e+08 -7.870e+08  0.41%  17.7   35s
 33915  8890 -7.860e+08   51   11 -7.837e+08 -7.869e+08  0.40%  17.2   40s
 40354 10297 -7.843e+08   33   28 -7.837e+08 -7.868e+08  0.39%  17.0   45s
 47528 11923     cutoff   55      -7.837e+08 -7.867e+08  0.38%  16.7   50s
 54830 13477 -7.859e+08   53   11 -7.837e+08 -7.867e+08  0.38%  16.4   55s
 61344 14914 -7.848e+08   57   33 -7.837e+08 -7.866e+08  0.37%  16.3   60s
 68006 16332 -7.865e+08   49   13 -7.837e+08 -7.866e+08  0.36%  16.0   65s
 74595 17553 -7.857e+08   60   16 -7.837e+08 -7.866e+08  0.36%  15.9   70s
 81609 18775 -7.862e+08   42   22 -7.837e+08 -7.865e+08  0.36%  15.8   75s
 88677 19944 -7.862e+08   52   29 -7.837e+08 -7.865e+08  0.35%  15.6   80s
 95366 21134 -7.856e+08   49   18 -7.837e+08 -7.865e+08  0.35%  15.6   85s
 102304 22385 -7.840e+08   55   12 -7.837e+08 -7.864e+08  0.34%  15.5   90s
 109863 23687 infeasible   60      -7.837e+08 -7.864e+08  0.34%  15.4   95s
 116940 24966 -7.858e+08   56   19 -7.837e+08 -7.864e+08  0.34%  15.3  100s
 123479 26033 -7.861e+08   51   13 -7.837e+08 -7.864e+08  0.33%  15.2  105s
 130799 27349 -7.859e+08   56   18 -7.837e+08 -7.863e+08  0.33%  15.2  110s
 138566 28556 -7.863e+08   50   11 -7.837e+08 -7.863e+08  0.33%  15.1  115s
 145651 29608     cutoff   51      -7.837e+08 -7.863e+08  0.33%  15.0  120s
 152775 30752 -7.847e+08   51   19 -7.837e+08 -7.863e+08  0.32%  15.0  125s
 159255 31763 -7.841e+08   30   31 -7.837e+08 -7.863e+08  0.32%  15.0  130s
 166386 32827 -7.856e+08   56   17 -7.837e+08 -7.862e+08  0.32%  14.9  135s
 173405 33887 -7.858e+08   55   14 -7.837e+08 -7.862e+08  0.31%  14.9  140s
 180485 35009 -7.856e+08   53   12 -7.837e+08 -7.862e+08  0.31%  14.8  145s
 187206 35983 -7.847e+08   49   20 -7.837e+08 -7.862e+08  0.31%  14.8  150s
 194742 36991 -7.861e+08   37   30 -7.837e+08 -7.862e+08  0.31%  14.8  155s
 202040 38085 -7.861e+08   45   14 -7.837e+08 -7.861e+08  0.30%  14.7  160s
 209626 39180 -7.852e+08   58   15 -7.837e+08 -7.861e+08  0.30%  14.7  165s
 216855 40215 -7.852e+08   51   11 -7.837e+08 -7.861e+08  0.30%  14.7  170s
 224869 41298 -7.845e+08   56   17 -7.837e+08 -7.861e+08  0.30%  14.6  175s
 231842 42217     cutoff   55      -7.837e+08 -7.861e+08  0.30%  14.6  180s
 239169 43185 -7.853e+08   54   10 -7.837e+08 -7.860e+08  0.29%  14.6  185s
 245901 44010 -7.843e+08   44   23 -7.837e+08 -7.860e+08  0.29%  14.5  190s
 253623 45056 -7.858e+08   51   12 -7.837e+08 -7.860e+08  0.29%  14.5  195s
 261146 45997 -7.850e+08   54   14 -7.837e+08 -7.860e+08  0.29%  14.5  200s
 268532 46876 -7.849e+08   50   20 -7.837e+08 -7.860e+08  0.28%  14.4  205s
 275937 47835 -7.858e+08   39   23 -7.837e+08 -7.860e+08  0.28%  14.4  210s
 283666 48564 -7.859e+08   48   20 -7.837e+08 -7.859e+08  0.28%  14.4  215s
 291355 49430 -7.858e+08   54   15 -7.837e+08 -7.859e+08  0.28%  14.3  220s
 299302 50451 -7.854e+08   58    9 -7.837e+08 -7.859e+08  0.28%  14.3  225s
 307011 51359 -7.859e+08   42   23 -7.837e+08 -7.859e+08  0.27%  14.3  230s
 314599 52162 -7.858e+08   43   30 -7.837e+08 -7.859e+08  0.27%  14.2  235s
 322072 52919 -7.844e+08   51   19 -7.837e+08 -7.859e+08  0.27%  14.2  240s
 329526 53846 -7.853e+08   50   19 -7.837e+08 -7.859e+08  0.27%  14.2  245s
 336401 54579 -7.850e+08   58   15 -7.837e+08 -7.858e+08  0.27%  14.2  250s
 344402 55496 -7.858e+08   48   30 -7.837e+08 -7.858e+08  0.27%  14.2  255s
 351868 56383 -7.858e+08   51   22 -7.837e+08 -7.858e+08  0.26%  14.1  260s
 359336 57266 infeasible   52      -7.837e+08 -7.858e+08  0.26%  14.1  265s
 367497 58192 -7.852e+08   49   21 -7.837e+08 -7.858e+08  0.26%  14.1  270s
 375621 59009 -7.858e+08   61   11 -7.837e+08 -7.858e+08  0.26%  14.1  275s
 383045 59820 -7.855e+08   58    7 -7.837e+08 -7.858e+08  0.26%  14.1  280s
 391002 60576 -7.856e+08   47   31 -7.837e+08 -7.858e+08  0.26%  14.0  285s
 397951 61290     cutoff   62      -7.837e+08 -7.857e+08  0.26%  14.0  290s
 405377 61988     cutoff   48      -7.837e+08 -7.857e+08  0.25%  14.0  295s
 413207 62741     cutoff   42      -7.837e+08 -7.857e+08  0.25%  14.0  300s
 421388 63614 -7.848e+08   62    7 -7.837e+08 -7.857e+08  0.25%  14.0  305s
 429148 64447 -7.855e+08   49   16 -7.837e+08 -7.857e+08  0.25%  13.9  310s
 436675 65223 -7.852e+08   44   18 -7.837e+08 -7.857e+08  0.25%  13.9  315s
 444903 66007 -7.854e+08   51   11 -7.837e+08 -7.857e+08  0.25%  13.9  320s
 453068 66888 -7.841e+08   51   12 -7.837e+08 -7.857e+08  0.24%  13.9  325s
 461158 67556     cutoff   54      -7.837e+08 -7.857e+08  0.24%  13.8  330s
 469197 68423 -7.851e+08   64   15 -7.837e+08 -7.856e+08  0.24%  13.8  335s
 477434 69097 -7.855e+08   65    7 -7.837e+08 -7.856e+08  0.24%  13.8  340s
 485179 69765 -7.853e+08   42   27 -7.837e+08 -7.856e+08  0.24%  13.8  345s
 493150 70446 -7.854e+08   64    9 -7.837e+08 -7.856e+08  0.24%  13.8  350s
 500819 71052 infeasible   59      -7.837e+08 -7.856e+08  0.24%  13.7  355s
 508484 71700 -7.852e+08   48   15 -7.837e+08 -7.856e+08  0.24%  13.7  360s
 516229 72247 -7.852e+08   42   19 -7.837e+08 -7.856e+08  0.23%  13.7  365s
 524456 72931 infeasible   56      -7.837e+08 -7.856e+08  0.23%  13.7  370s
 531988 73567 -7.855e+08   56   15 -7.837e+08 -7.856e+08  0.23%  13.7  375s
 539615 74103 -7.843e+08   46   33 -7.837e+08 -7.855e+08  0.23%  13.7  380s
 547416 74721 -7.843e+08   65   13 -7.837e+08 -7.855e+08  0.23%  13.7  385s
 555434 75317 -7.854e+08   61   12 -7.837e+08 -7.855e+08  0.23%  13.6  390s
 563325 75855 -7.845e+08   56   14 -7.837e+08 -7.855e+08  0.23%  13.6  395s
 570738 76446     cutoff   61      -7.837e+08 -7.855e+08  0.22%  13.6  400s
 578732 76984 -7.854e+08   46   29 -7.837e+08 -7.855e+08  0.22%  13.6  405s
 586615 77591 -7.853e+08   48   24 -7.837e+08 -7.855e+08  0.22%  13.6  410s
 594099 78066 -7.843e+08   48   16 -7.837e+08 -7.855e+08  0.22%  13.6  415s
 602211 78743 -7.852e+08   54   11 -7.837e+08 -7.855e+08  0.22%  13.6  420s
 609226 79108 -7.845e+08   51   12 -7.837e+08 -7.855e+08  0.22%  13.6  425s
 617032 79593 -7.844e+08   47   19 -7.837e+08 -7.855e+08  0.22%  13.5  430s
 624511 80060 -7.852e+08   41   36 -7.837e+08 -7.854e+08  0.22%  13.5  435s
 632163 80557     cutoff   55      -7.837e+08 -7.854e+08  0.22%  13.5  440s
 640015 80905 infeasible   59      -7.837e+08 -7.854e+08  0.21%  13.5  445s
 647384 81310 infeasible   54      -7.837e+08 -7.854e+08  0.21%  13.5  450s
 654873 81709 -7.853e+08   62    9 -7.837e+08 -7.854e+08  0.21%  13.5  455s
 662449 82235 -7.844e+08   60    5 -7.837e+08 -7.854e+08  0.21%  13.5  460s
 670598 82712 -7.843e+08   57   13 -7.837e+08 -7.854e+08  0.21%  13.5  465s
 678821 83124 -7.854e+08   48   20 -7.837e+08 -7.854e+08  0.21%  13.5  470s
 686774 83500 -7.852e+08   48   14 -7.837e+08 -7.854e+08  0.21%  13.4  475s
 694805 83875 -7.841e+08   50   24 -7.837e+08 -7.854e+08  0.21%  13.4  480s
 702576 84292 -7.843e+08   60    9 -7.837e+08 -7.854e+08  0.21%  13.4  485s
 710461 84636     cutoff   55      -7.837e+08 -7.853e+08  0.20%  13.4  490s
 717676 85094 -7.847e+08   55   14 -7.837e+08 -7.853e+08  0.20%  13.4  495s
 725104 85434 infeasible   61      -7.837e+08 -7.853e+08  0.20%  13.4  500s
 732759 85760 -7.846e+08   52   28 -7.837e+08 -7.853e+08  0.20%  13.4  505s
 740859 86133 -7.842e+08   57   12 -7.837e+08 -7.853e+08  0.20%  13.4  510s
 748603 86466 -7.850e+08   59   12 -7.837e+08 -7.853e+08  0.20%  13.3  515s
 756364 86745 -7.852e+08   41   30 -7.837e+08 -7.853e+08  0.20%  13.3  520s
 764481 87078 -7.853e+08   59   11 -7.837e+08 -7.853e+08  0.20%  13.3  525s
 772275 87393 -7.852e+08   56   17 -7.837e+08 -7.853e+08  0.20%  13.3  530s
 780524 87627 -7.853e+08   26   46 -7.837e+08 -7.853e+08  0.19%  13.3  535s
 788979 87843 -7.846e+08   54   15 -7.837e+08 -7.853e+08  0.19%  13.3  540s
 796886 88028 -7.841e+08   48   13 -7.837e+08 -7.853e+08  0.19%  13.3  545s
 804861 88272 -7.851e+08   59   14 -7.837e+08 -7.852e+08  0.19%  13.2  550s
 813189 88448 infeasible   56      -7.837e+08 -7.852e+08  0.19%  13.2  555s
 821330 88703     cutoff   52      -7.837e+08 -7.852e+08  0.19%  13.2  560s
 829351 88930 -7.846e+08   52   18 -7.837e+08 -7.852e+08  0.19%  13.2  565s
 837915 89061     cutoff   58      -7.837e+08 -7.852e+08  0.19%  13.2  570s
 845485 89276 -7.848e+08   25   25 -7.837e+08 -7.852e+08  0.19%  13.2  575s
 854473 89412 -7.840e+08   54   18 -7.837e+08 -7.852e+08  0.18%  13.2  580s
 861942 89536 infeasible   57      -7.837e+08 -7.852e+08  0.18%  13.1  585s
 870317 89643 infeasible   55      -7.837e+08 -7.852e+08  0.18%  13.1  590s
 878604 89830 -7.851e+08   56   16 -7.837e+08 -7.852e+08  0.18%  13.1  595s
 886951 89973 -7.851e+08   52    7 -7.837e+08 -7.852e+08  0.18%  13.1  600s
 894482 90126 -7.851e+08   56   17 -7.837e+08 -7.852e+08  0.18%  13.1  605s
 901986 90185 -7.846e+08   52    6 -7.837e+08 -7.851e+08  0.18%  13.1  610s
 910261 90260     cutoff   61      -7.837e+08 -7.851e+08  0.18%  13.1  615s
 918895 90331     cutoff   58      -7.837e+08 -7.851e+08  0.18%  13.1  620s
 927019 90598 -7.839e+08   58    9 -7.837e+08 -7.851e+08  0.18%  13.1  625s
 934502 90811     cutoff   51      -7.837e+08 -7.851e+08  0.17%  13.0  630s
*939686 88915              55    -7.83863e+08 -7.851e+08  0.16%  13.0  633s
 941896 88856 -7.843e+08   55   13 -7.839e+08 -7.851e+08  0.16%  13.0  635s
 950744 88692 infeasible   64      -7.839e+08 -7.851e+08  0.16%  13.0  640s
 959424 88631     cutoff   62      -7.839e+08 -7.851e+08  0.16%  13.0  645s
 967731 88477 -7.843e+08   53   11 -7.839e+08 -7.851e+08  0.15%  13.0  650s
H972600 72763                    -7.84302e+08 -7.851e+08  0.10%  13.0  653s
 974916 72376 -7.851e+08   48   15 -7.843e+08 -7.851e+08  0.10%  13.0  655s
 983769 70911 infeasible   61      -7.843e+08 -7.851e+08  0.10%  13.0  660s
 992664 69469     cutoff   55      -7.843e+08 -7.850e+08  0.09%  13.0  665s
 1001927 67662     cutoff   48      -7.843e+08 -7.850e+08  0.09%  12.9  670s
 1010941 65904 -7.850e+08   59   12 -7.843e+08 -7.850e+08  0.09%  12.9  675s
 1019061 64300 -7.848e+08   53   14 -7.843e+08 -7.850e+08  0.09%  12.9  680s
 1027820 62397 -7.844e+08   54   15 -7.843e+08 -7.850e+08  0.09%  12.9  685s
 1036396 60475     cutoff   63      -7.843e+08 -7.850e+08  0.08%  12.9  690s
 1044938 58505 -7.844e+08   61    9 -7.843e+08 -7.849e+08  0.08%  12.9  695s
 1053436 56353     cutoff   58      -7.843e+08 -7.849e+08  0.08%  12.8  700s
 1062491 53993 -7.847e+08   52   16 -7.843e+08 -7.849e+08  0.08%  12.8  705s
 1071614 51605 -7.848e+08   58   19 -7.843e+08 -7.849e+08  0.07%  12.8  710s
 1079840 49159     cutoff   61      -7.843e+08 -7.848e+08  0.07%  12.8  715s
 1088665 46420 -7.848e+08   55   29 -7.843e+08 -7.848e+08  0.07%  12.8  720s
 1097655 43683     cutoff   62      -7.843e+08 -7.848e+08  0.06%  12.8  725s
 1106540 40938     cutoff   44      -7.843e+08 -7.848e+08  0.06%  12.7  730s
 1115287 37881 infeasible   52      -7.843e+08 -7.847e+08  0.06%  12.7  735s
 1124215 34471 -7.844e+08   56   17 -7.843e+08 -7.847e+08  0.05%  12.7  740s
 1133499 30809 -7.846e+08   57   21 -7.843e+08 -7.847e+08  0.05%  12.7  745s
 1143146 26380     cutoff   50      -7.843e+08 -7.846e+08  0.04%  12.7  750s
 1152741 21438 -7.846e+08   57   10 -7.843e+08 -7.846e+08  0.04%  12.6  755s
 1161834 16065 -7.845e+08   52   20 -7.843e+08 -7.845e+08  0.03%  12.6  760s
 1171837  8964     cutoff   60      -7.843e+08 -7.844e+08  0.02%  12.6  765s

Cutting planes:
  Gomory: 8
  Cover: 4
  Implied bound: 5
  Clique: 2
  MIR: 15
  StrongCG: 1
  Flow cover: 7
  GUB cover: 6
  Inf proof: 6
  Zero half: 1

Explored 1181932 nodes (14811440 simplex iterations) in 769.45 seconds
Thread count was 1 (of 8 available processors)

Solution count 10: -7.84302e+08 -7.83863e+08 -7.83744e+08 ... -7.66843e+08

Optimal solution found (tolerance 0.00e+00)
Best objective -7.843023376332e+08, best bound -7.843023376332e+08, gap 0.0000%

Wrote result file '/home/beck/miplib2010-1.1.0/results/solutions/benchmark.gurobi.mine-90-10.mps.sol'


@04 1524696759
@05 7200

Read MPS: 1
MIP has 900 vars and 6270 constraints
Read SOL: 1
Objective value computed by solver: -7.84302e+08

Integrality tolerance: 1/10000
Linear tolerance: 1/10000
Objective tolerance: 1/10000

Check SOL: Integrality 1 Constraints 1 Objective 1
Maximum violations: Integrality 0 Constraints 0 Objective 2.74835e-05

-----------------------------
Wed Apr 25 15:52:39 MST 2018
-----------------------------

=ready=
