@01 instances/benchmark/tanglegram2.mps ===========
-----------------------------
Wed Apr 25 17:18:17 MST 2018
-----------------------------
@03 1524701897
/home/beck/miplib2010-1.1.0/results/solutions/benchmark.gurobi.tanglegram2.mps.sol
Set parameter TimeLimit to value 7200
Set parameter MIPGap to value 0.0
Set parameter Threads to value 1

Gurobi Optimizer version 8.0.0 build v8.0.0rc0 (linux64)
Copyright (c) 2018, Gurobi Optimization, LLC

Read MPS format model from file instances/benchmark/tanglegram2.mps
Reading time = 0.01 seconds
tanglegram2: 8980 rows, 4714 columns, 26940 nonzeros
Optimize a model with 8980 rows, 4714 columns and 26940 nonzeros
Variable types: 0 continuous, 4714 integer (0 binary)
Coefficient statistics:
  Matrix range     [1e+00, 1e+00]
  Objective range  [1e+00, 1e+00]
  Bounds range     [1e+00, 1e+00]
  RHS range        [1e+00, 1e+00]
Found heuristic solution: objective 2160.0000000
Presolve removed 1004 rows and 656 columns
Presolve time: 0.03s
Presolved: 7976 rows, 4058 columns, 23928 nonzeros
Found heuristic solution: objective 1981.0000000
Variable types: 0 continuous, 4058 integer (4058 binary)

Root relaxation: objective 1.000000e+00, 73 iterations, 0.01 seconds

    Nodes    |    Current Node    |     Objective Bounds      |     Work
 Expl Unexpl |  Obj  Depth IntInf | Incumbent    BestBd   Gap | It/Node Time

     0     0    1.00000    0   70 1981.00000    1.00000   100%     -    0s
H    0     0                     755.0000000    1.00000   100%     -    0s
     0     0   36.50000    0   77  755.00000   36.50000  95.2%     -    0s
H    0     0                     550.0000000   36.50000  93.4%     -    0s
     0     0   39.00000    0   90  550.00000   39.00000  92.9%     -    0s
     0     0   39.50000    0   77  550.00000   39.50000  92.8%     -    0s
     0     0   53.83333    0  140  550.00000   53.83333  90.2%     -    0s
     0     0   53.83333    0   70  550.00000   53.83333  90.2%     -    0s
     0     0  214.00000    0   87  550.00000  214.00000  61.1%     -    0s
     0     0  305.00000    0  106  550.00000  305.00000  44.5%     -    0s
     0     0  309.50000    0  119  550.00000  309.50000  43.7%     -    0s
     0     0  309.50000    0  113  550.00000  309.50000  43.7%     -    0s
     0     0  342.25000    0  112  550.00000  342.25000  37.8%     -    0s
H    0     0                     484.0000000  342.25000  29.3%     -    0s
     0     0  347.50000    0  113  484.00000  347.50000  28.2%     -    0s
     0     0  347.50000    0  102  484.00000  347.50000  28.2%     -    0s
     0     0  380.16667    0  139  484.00000  380.16667  21.5%     -    0s
     0     0  389.50000    0  156  484.00000  389.50000  19.5%     -    0s
     0     0  389.50000    0  163  484.00000  389.50000  19.5%     -    0s
     0     0  408.33333    0  115  484.00000  408.33333  15.6%     -    0s
H    0     0                     474.0000000  408.33333  13.9%     -    0s
     0     0  413.66667    0  105  474.00000  413.66667  12.7%     -    0s
     0     0  415.66667    0  125  474.00000  415.66667  12.3%     -    0s
     0     0  415.83333    0  127  474.00000  415.83333  12.3%     -    0s
     0     0  433.00000    0   76  474.00000  433.00000  8.65%     -    0s
H    0     0                     443.0000000  433.00000  2.26%     -    0s
     0     0  436.50000    0   74  443.00000  436.50000  1.47%     -    0s
     0     0     cutoff    0       443.00000  443.00000  0.00%     -    0s

Cutting planes:
  Zero half: 5

Explored 1 nodes (1670 simplex iterations) in 0.57 seconds
Thread count was 1 (of 8 available processors)

Solution count 7: 443 474 484 ... 2022

Optimal solution found (tolerance 0.00e+00)
Best objective 4.430000000000e+02, best bound 4.430000000000e+02, gap 0.0000%

Wrote result file '/home/beck/miplib2010-1.1.0/results/solutions/benchmark.gurobi.tanglegram2.mps.sol'


@04 1524701898
@05 7200

Read MPS: 1
MIP has 4714 vars and 8980 constraints
Read SOL: 1
Objective value computed by solver: 443

Integrality tolerance: 1/10000
Linear tolerance: 1/10000
Objective tolerance: 1/10000

Check SOL: Integrality 1 Constraints 1 Objective 1
Maximum violations: Integrality 0 Constraints 0 Objective 0

-----------------------------
Wed Apr 25 17:18:18 MST 2018
-----------------------------

