@01 instances/benchmark/satellites1-25.mps ===========
-----------------------------
Wed Apr 25 17:15:41 MST 2018
-----------------------------
@03 1524701741
/home/beck/miplib2010-1.1.0/results/solutions/benchmark.gurobi.satellites1-25.mps.sol
Set parameter TimeLimit to value 7200
Set parameter MIPGap to value 0.0
Set parameter Threads to value 1

Gurobi Optimizer version 8.0.0 build v8.0.0rc0 (linux64)
Copyright (c) 2018, Gurobi Optimization, LLC

Read MPS format model from file instances/benchmark/satellites1-25.mps
Reading time = 0.01 seconds
satellites1-25: 5996 rows, 9013 columns, 59023 nonzeros
Optimize a model with 5996 rows, 9013 columns and 59023 nonzeros
Variable types: 504 continuous, 8509 integer (0 binary)
Coefficient statistics:
  Matrix range     [4e-01, 2e+05]
  Objective range  [1e+00, 1e+02]
  Bounds range     [1e+00, 2e+05]
  RHS range        [1e+00, 2e+05]
Presolve removed 1666 rows and 1385 columns
Presolve time: 0.15s
Presolved: 4330 rows, 7628 columns, 46933 nonzeros
Variable types: 43 continuous, 7585 integer (7585 binary)
Found heuristic solution: objective 49.0000000

Root relaxation: objective -2.000000e+01, 3893 iterations, 0.27 seconds

    Nodes    |    Current Node    |     Objective Bounds      |     Work
 Expl Unexpl |  Obj  Depth IntInf | Incumbent    BestBd   Gap | It/Node Time

     0     0  -20.00000    0  495   49.00000  -20.00000   141%     -    5s
H    0     0                      38.0000000  -20.00000   153%     -    5s
H    0     0                      37.0000000  -20.00000   154%     -    5s
     0     0  -20.00000    0  404   37.00000  -20.00000   154%     -    7s
     0     0  -20.00000    0  351   37.00000  -20.00000   154%     -   11s
H    0     0                      36.0000000  -20.00000   156%     -   11s
     0     0  -20.00000    0  444   36.00000  -20.00000   156%     -   11s
     0     0  -20.00000    0  551   36.00000  -20.00000   156%     -   12s
     0     0  -20.00000    0  267   36.00000  -20.00000   156%     -   14s
     0     0  -20.00000    0  343   36.00000  -20.00000   156%     -   14s
     0     0  -20.00000    0  290   36.00000  -20.00000   156%     -   15s
     0     0  -20.00000    0  291   36.00000  -20.00000   156%     -   15s
     0     0  -20.00000    0  167   36.00000  -20.00000   156%     -   16s
     0     0  -20.00000    0  228   36.00000  -20.00000   156%     -   17s
     0     0  -20.00000    0  266   36.00000  -20.00000   156%     -   17s
     0     0  -20.00000    0  249   36.00000  -20.00000   156%     -   17s
     0     0  -20.00000    0  254   36.00000  -20.00000   156%     -   18s
     0     0  -20.00000    0  251   36.00000  -20.00000   156%     -   20s
     0     0  -20.00000    0  376   36.00000  -20.00000   156%     -   23s
     0     0  -20.00000    0  436   36.00000  -20.00000   156%     -   23s
     0     0  -20.00000    0  414   36.00000  -20.00000   156%     -   24s
     0     0  -20.00000    0  154   36.00000  -20.00000   156%     -   25s
     0     0  -20.00000    0  160   36.00000  -20.00000   156%     -   25s
     0     0  -20.00000    0  274   36.00000  -20.00000   156%     -   25s
     0     0  -20.00000    0  282   36.00000  -20.00000   156%     -   25s
     0     0  -20.00000    0  255   36.00000  -20.00000   156%     -   26s
     0     0  -20.00000    0  255   36.00000  -20.00000   156%     -   27s
     0     2  -20.00000    0  255   36.00000  -20.00000   156%     -   28s
H    7     7                      31.0000000  -20.00000   165%   863   29s
    11    13  -19.00000    9  350   31.00000  -20.00000   165%   754   30s
H   64    23                      29.0000000  -20.00000   169%   359   33s
    96    26  -18.25000    7  234   29.00000  -20.00000   169%   313   35s
H  188    17                      -5.0000000  -19.00000   280%   231   37s
   319    16  -12.18473   39  288   -5.00000  -13.30000   166%   174   40s

Cutting planes:
  Learned: 1
  Gomory: 3
  Cover: 33
  Implied bound: 27
  Clique: 9
  MIR: 10
  StrongCG: 2
  Inf proof: 4
  Zero half: 20

Explored 380 nodes (185198 simplex iterations) in 40.86 seconds
Thread count was 1 (of 8 available processors)

Solution count 7: -5 29 31 ... 49

Optimal solution found (tolerance 0.00e+00)
Best objective -5.000000000000e+00, best bound -5.000000000000e+00, gap 0.0000%

Wrote result file '/home/beck/miplib2010-1.1.0/results/solutions/benchmark.gurobi.satellites1-25.mps.sol'


@04 1524701782
@05 7200

Read MPS: 1
MIP has 9013 vars and 5996 constraints
Read SOL: 1
Objective value computed by solver: -5

Integrality tolerance: 1/10000
Linear tolerance: 1/10000
Objective tolerance: 1/10000

Check SOL: Integrality 1 Constraints 1 Objective 1
Maximum violations: Integrality 0 Constraints 1.135e-09 Objective 0

-----------------------------
Wed Apr 25 17:16:22 MST 2018
-----------------------------

=ready=
