@01 instances/benchmark/satellites1-25.mps ===========
-----------------------------
Fri Jun 15 01:57:33 MST 2018
-----------------------------
@03 1529053053
/home/beck/miplib2010-1.1.0/results/solutions/benchmark.mipcl.satellites1-25.mps.sol
/home/beck/miplib2010-1.1.0/bin/mipcl -solfile /home/beck/miplib2010-1.1.0/results/solutions/benchmark.mipcl.satellites1-25.mps.sol -threads 1 -time 7200 instances/benchmark/satellites1-25.mps
Reading data...
NAME           satellites1-25
Start preprocessing: Rows - 5996, Cols - 9013 (Int - 8509, Bin - 8509), NZs - 59023
==================================== Probing =====================================
     Time  Round  Probed vars  Fixed vars  Mod. entries  New var bds  Implications
    4.506      1         7437          59           440       117540       7227688
    8.830      2         7379           0            14       116864       6999339
==================================================================================
After preprocessing: Rows - 4734, Cols - 7569 (Int - 7379, Bin - 7379), NZs - 48552
Scaling...
Min exp = -4,  Max exp = 4

Preprocessing Time: 8.884
Optimizing...

      Time        Its   Deg. Its   Method                     Obj
     8.930        100         99      D/S                -21.0000
     8.939        200        199      D/S                -21.0005
     8.949        300        221      D/S                -21.0001
     8.959        400        246      D/S                -21.0000
     8.971        500        292      D/S                -20.9999
     8.985        600        326      D/S                -20.9999
     8.998        700        364      D/S                -20.9998
     9.014        800        406      D/S                -21.0008
     9.030        900        453      D/S                -21.0007
     9.047       1000        491      D/S                -21.0007

      Time        Its   Deg. Its   Method                     Obj
     9.065       1100        528      D/S                -21.0006
     9.083       1200        562      D/S                -21.0006
     9.103       1300        622      D/S                -21.0005
     9.123       1400        680      D/S                -21.0005
     9.146       1500        748      D/S                -21.0005
     9.169       1600        799      D/S                -21.0004
     9.193       1700        855      D/S                -21.0004
     9.219       1800        919      D/S                -21.0004
     9.246       1900        984      D/S                -21.0004
     9.273       2000       1048      D/S                -21.0003

      Time        Its   Deg. Its   Method                     Obj
     9.305       2100       1106      D/S                -21.0003
     9.335       2200       1173      D/S                -21.0003
     9.366       2300       1234      D/S                -20.0002
     9.396       2400       1288      D/S                -20.0001
     9.427       2500       1329      D/S                -20.0001
     9.457       2600       1377      D/S                -19.9999
     9.490       2700       1435      D/S                -19.9999
     9.521       2800       1476      D/S                -19.9999
     9.553       2900       1508      D/S                -19.9998
     9.584       3000       1557      D/S                -19.9997

      Time        Its   Deg. Its   Method                     Obj
     9.612       3100       1594      D/S                -19.9997
     9.646       3200       1648      D/S                -20.0004
     9.677       3300       1687      D/S                -20.0003
     9.709       3400       1726      D/S                -20.0003
     9.738       3500       1769      D/S                -20.0003
     9.769       3600       1813      D/S                -20.0003
     9.801       3700       1861      D/S                -20.0003
     9.830       3800       1907      D/S                -20.0003
     9.861       3900       1944      D/S                -20.0002
     9.891       4000       1970      D/S                -20.0002

      Time        Its   Deg. Its   Method                     Obj
     9.926       4100       2023      D/S                -20.0002
     9.958       4200       2069      D/S                -20.0002
     9.988       4300       2104      D/S                -20.0002
    10.018       4400       2137      D/S                -20.0002
    10.051       4500       2186      D/S                -20.0002
    10.081       4600       2231      D/S                -20.0002
    10.109       4700       2262      D/S                -20.0002
    10.138       4800       2298      D/S                -20.0002
    10.151       4835       2304      D/S                -20.0000
    10.232          1          0      P/S                -20.0000
Generating cuts...
      Time                     Obj  Frac vars     Cuts
    10.611                -20.0000        664      841
    12.533                -20.0000        697      535
    14.147                -20.0000        762      304
Start preprocessing: Rows - 4774, Cols - 7569 (Int - 7379, Bin - 7379), NZs - 50775
==================================== Probing =====================================
     Time  Round  Probed vars  Fixed vars  Mod. entries  New var bds  Implications
   20.043      1         7379           0            24       113578       7196473
==================================================================================
After preprocessing: Rows - 4774, Cols - 7569 (Int - 7379, Bin - 7379), NZs - 50672
Scaling...
Min exp = -5,  Max exp = 5


      Time        Its   Deg. Its   Method                     Obj
    20.171        100         99      D/S                -21.0000
    20.182        200        199      D/S                -21.0009
    20.194        300        225      D/S                -21.0008
    20.206        400        243      D/S                -21.0007
    20.220        500        285      D/S                -21.0006
    20.235        600        322      D/S                -21.0005
    20.251        700        378      D/S                -21.0005
    20.269        800        447      D/S                -21.0010
    20.287        900        502      D/S                -21.0010
    20.306       1000        543      D/S                -21.0009

      Time        Its   Deg. Its   Method                     Obj
    20.325       1100        607      D/S                -21.0009
    20.345       1200        662      D/S                -21.0008
    20.366       1300        703      D/S                -21.0007
    20.388       1400        747      D/S                -21.0007
    20.412       1500        806      D/S                -21.0006
    20.434       1600        857      D/S                -21.0006
    20.458       1700        909      D/S                -21.0006
    20.480       1800        960      D/S                -20.0007
    20.504       1900       1018      D/S                -20.0007
    20.528       2000       1071      D/S                -20.0006

      Time        Its   Deg. Its   Method                     Obj
    20.555       2100       1132      D/S                -20.0005
    20.581       2200       1185      D/S                -20.0005
    20.609       2300       1232      D/S                -20.0004
    20.638       2400       1289      D/S                -20.0004
    20.667       2500       1340      D/S                -20.0004
    20.695       2600       1383      D/S                -20.0004
    20.724       2700       1443      D/S                -20.0004
    20.754       2800       1520      D/S                -20.0003
    20.786       2900       1593      D/S                -20.0003
    20.817       3000       1677      D/S                -20.0003

      Time        Its   Deg. Its   Method                     Obj
    20.848       3100       1747      D/S                -20.0003
    20.882       3200       1814      D/S                -20.0014
    20.913       3300       1886      D/S                -20.0014
    20.944       3400       1949      D/S                -20.0014
    20.976       3500       2007      D/S                -20.0014
    21.007       3600       2079      D/S                -20.0013
    21.040       3700       2158      D/S                -20.0013
    21.072       3800       2230      D/S                -20.0013
    21.103       3900       2288      D/S                -20.0013
    21.132       4000       2338      D/S                -20.0013

      Time        Its   Deg. Its   Method                     Obj
    21.166       4100       2394      D/S                -20.0013
    21.199       4200       2443      D/S                -20.0013
    21.231       4300       2490      D/S                -20.0012
    21.263       4400       2537      D/S                -20.0012
    21.298       4500       2596      D/S                -20.0012
    21.332       4600       2664      D/S                -20.0012
    21.366       4700       2722      D/S                -20.0012
    21.397       4800       2768      D/S                -20.0012
    21.431       4900       2808      D/S                -20.0011
    21.462       5000       2859      D/S                -20.0011

      Time        Its   Deg. Its   Method                     Obj
    21.492       5100       2883      D/S                -20.0012
    21.525       5200       2936      D/S                -20.0012
    21.561       5300       2974      D/S                -20.0012
    21.594       5400       3011      D/S                -20.0012
    21.627       5500       3050      D/S                -20.0012
    21.662       5600       3095      D/S                -20.0012
    21.697       5700       3137      D/S                -20.0012
    21.736       5800       3192      D/S                -20.0012
    21.771       5900       3229      D/S                -20.0012
    21.808       6000       3270      D/S                -20.0012

      Time        Its   Deg. Its   Method                     Obj
    21.845       6100       3334      D/S                -20.0013
    21.884       6200       3377      D/S                -20.0013
    21.919       6300       3431      D/S                -20.0013
    21.955       6400       3490      D/S                -20.0013
    21.993       6500       3534      D/S                -20.0013
    22.033       6600       3579      D/S                -20.0013
    22.065       6700       3612      D/S                -20.0013
    22.098       6800       3624      D/S                -20.0013
    22.108       6820       3624      D/S                -20.0000
    22.208          1          0      P/S                -20.0000
Generating cuts...
      Time                     Obj  Frac vars     Cuts
    22.759                -20.0000        712      635
    25.845                -20.0000        644      287
    27.212                -20.0000        678      265

Cut statistics
========== Cuts = Generated === Used
          click        2326      124
       knapsack           9        2
 mixed knapsack           3        0
            mir          11        3
    sparse MOD2         247        7
     dense MOD2         118        2
  sparse Gomory          61        3
         parity           4        1
      var bound          49        7
    disjunction          39        3
========= total        2867      152

After processing root node: Rows - 4803, Cols - 7569 (Int - 7379, Bin - 7379), NZs - 51763

      Time     Nodes    Leaves   Sols       Best Solution         Lower Bound        Gap%
    29.488         1         1      0                 inf            -20.0000         inf
    90.943        28        14      0                 inf            -20.0000         inf
   152.536        82        39      0                 inf            -20.0000         inf
   184.562       100        48      0                 inf            -19.9999         inf
   246.181       147        71      0                 inf            -19.9808         inf
   283.570       200        94      0                 inf            -19.8000         inf
   344.952       265       123      0                 inf            -19.6667         inf
   390.189       300       140      0                 inf            -19.6663         inf
   451.210       354       161      0                 inf            -19.4995         inf
   518.439       393       177      0                 inf            -19.0000         inf

      Time     Nodes    Leaves   Sols       Best Solution         Lower Bound        Gap%
   541.660       400       180      0                 inf            -19.0000         inf
   603.812       442       197      0                 inf            -19.0000         inf
   675.167       483       215      0                 inf            -19.0000         inf
   693.498       500       223      0                 inf            -19.0000         inf
   756.235       534       239      0                 inf            -19.0000         inf
   817.131       566       255      0                 inf            -19.0000         inf
   874.163       600       272      0                 inf            -19.0000         inf
   920.727       700       321      0                 inf            -18.9997         inf
   942.685       800       371      0                 inf            -18.9995         inf
   957.004       891       242      1             33.0000            -18.7500         inf

      Time     Nodes    Leaves   Sols       Best Solution         Lower Bound        Gap%
   959.538       900       244      1             33.0000            -18.7499         inf
   981.873      1000       279      1             33.0000            -18.5000         inf
  1007.410      1100       318      1             33.0000            -18.4571         inf
  1025.286      1200       356      1             33.0000            -18.0000         inf
  1040.307      1300       386      1             33.0000            -18.0000         inf
  1057.906      1400       413      1             33.0000            -18.0000         inf
  1077.477      1500       439      1             33.0000            -18.0000         inf
  1097.921      1600       467      1             33.0000            -18.0000         inf
  1120.429      1700       494      1             33.0000            -18.0000         inf
  1142.871      1800       523      1             33.0000            -18.0000         inf

      Time     Nodes    Leaves   Sols       Best Solution         Lower Bound        Gap%
  1166.349      1900       560      1             33.0000            -18.0000         inf
  1188.144      2000       586      1             33.0000            -17.9999         inf
  1216.039      2100       615      1             33.0000            -17.9997         inf
  1236.997      2200       647      1             33.0000            -17.9995         inf
  1251.468      2300       683      1             33.0000            -17.8333         inf
  1267.485      2400       724      1             33.0000            -17.6532         inf
  1279.818      2500       743      1             33.0000            -17.5000         inf
  1296.305      2600       768      1             33.0000            -17.5000         inf
  1318.000      2700       796      1             33.0000            -17.4999         inf
  1336.047      2800       822      1             33.0000            -17.4994         inf

      Time     Nodes    Leaves   Sols       Best Solution         Lower Bound        Gap%
  1350.972      2900       844      1             33.0000            -17.0000         inf
  1363.174      3000       875      1             33.0000            -17.0000         inf
  1377.720      3100       896      1             33.0000            -17.0000         inf
  1391.856      3200       928      1             33.0000            -17.0000         inf
  1406.482      3300       956      1             33.0000            -17.0000         inf
  1419.874      3400       988      1             33.0000            -17.0000         inf
  1435.956      3500      1016      1             33.0000            -17.0000         inf
  1452.553      3600      1039      1             33.0000            -17.0000         inf
  1468.261      3700      1071      1             33.0000            -17.0000         inf
  1484.029      3800      1108      1             33.0000            -17.0000         inf

      Time     Nodes    Leaves   Sols       Best Solution         Lower Bound        Gap%
  1501.563      3900      1135      1             33.0000            -17.0000         inf
  1517.989      4000      1171      1             33.0000            -17.0000         inf
  1535.427      4100      1197      1             33.0000            -17.0000         inf
  1553.536      4200      1231      1             33.0000            -17.0000         inf
  1572.360      4300      1269      1             33.0000            -17.0000         inf
  1591.972      4400      1303      1             33.0000            -17.0000         inf
  1606.748      4500      1345      1             33.0000            -17.0000         inf
  1624.444      4600      1380      1             33.0000            -17.0000         inf
  1645.664      4700      1416      1             33.0000            -17.0000         inf
  1663.735      4800      1452      1             33.0000            -17.0000         inf

      Time     Nodes    Leaves   Sols       Best Solution         Lower Bound        Gap%
  1682.749      4900      1488      1             33.0000            -17.0000         inf
  1705.599      5000      1523      1             33.0000            -17.0000         inf
  1730.533      5100      1558      1             33.0000            -17.0000         inf
  1751.931      5200      1594      1             33.0000            -17.0000         inf
  1763.489      5300      1629      1             33.0000            -16.9999         inf
  1783.377      5400      1666      1             33.0000            -16.9999         inf
  1805.384      5500      1697      1             33.0000            -16.9999         inf
  1823.713      5600      1726      1             33.0000            -16.9999         inf
  1851.938      5700      1753      1             33.0000            -16.9998         inf
  1871.236      5800      1774      1             33.0000            -16.9997         inf

      Time     Nodes    Leaves   Sols       Best Solution         Lower Bound        Gap%
  1895.862      5900      1797      1             33.0000            -16.9997         inf
  1910.232      6000      1830      1             33.0000            -16.9996         inf
  1921.006      6100      1861      1             33.0000            -16.9995         inf
  1931.542      6200      1895      1             33.0000            -16.9995         inf
  1944.972      6300      1916      1             33.0000            -16.9994         inf
  1962.803      6400      1936      1             33.0000            -16.9945         inf
  1979.991      6500      1936      1             33.0000            -16.7500         inf
  1996.111      6600      1946      1             33.0000            -16.5000         inf
  2008.447      6700      1956      1             33.0000            -16.5000         inf
  2021.426      6800      1961      1             33.0000            -16.5000         inf

      Time     Nodes    Leaves   Sols       Best Solution         Lower Bound        Gap%
  2036.242      6900      1965      1             33.0000            -16.5000         inf
  2052.205      7000      1973      1             33.0000            -16.5000         inf
  2069.676      7100      1987      1             33.0000            -16.5000         inf
  2084.703      7200      1990      1             33.0000            -16.4999         inf
  2102.405      7300      2006      1             33.0000            -16.4997         inf
  2112.627      7400      2016      1             33.0000            -16.4995         inf
  2126.637      7500      2018      1             33.0000            -16.0000         inf
  2141.479      7600      2021      1             33.0000            -16.0000         inf
  2142.793      7609      1685      2             31.0000            -16.0000         inf
  2156.287      7700      1693      2             31.0000            -16.0000         inf

      Time     Nodes    Leaves   Sols       Best Solution         Lower Bound        Gap%
  2171.664      7800      1693      2             31.0000            -16.0000         inf
  2188.613      7900      1684      2             31.0000            -16.0000         inf
  2206.326      8000      1689      2             31.0000            -16.0000         inf
  2224.728      8100      1698      2             31.0000            -16.0000         inf
  2242.897      8200      1698      2             31.0000            -16.0000         inf
  2258.482      8294      1642      3             28.0000            -16.0000         inf
  2259.431      8300      1643      3             28.0000            -16.0000         inf
  2279.988      8400      1647      3             28.0000            -16.0000         inf
  2299.044      8500      1653      3             28.0000            -16.0000         inf
  2317.077      8600      1667      3             28.0000            -16.0000         inf

      Time     Nodes    Leaves   Sols       Best Solution         Lower Bound        Gap%
  2339.175      8700      1677      3             28.0000            -16.0000         inf
  2360.075      8800      1685      3             28.0000            -15.9999         inf
  2381.709      8900      1685      3             28.0000            -15.9999         inf
  2401.539      9000      1683      3             28.0000            -15.9999         inf
  2424.535      9100      1685      3             28.0000            -15.9997         inf
  2445.337      9200      1702      3             28.0000            -15.9997         inf
  2457.163      9300      1735      3             28.0000            -15.9995         inf
  2465.244      9400      1758      3             28.0000            -15.9995         inf
  2477.642      9500      1779      3             28.0000            -15.9995         inf
  2489.064      9600      1792      3             28.0000            -15.9992         inf

      Time     Nodes    Leaves   Sols       Best Solution         Lower Bound        Gap%
  2508.125      9700      1774      3             28.0000            -15.7499         inf
  2524.550      9800      1754      3             28.0000            -15.5000         inf
  2537.515      9900      1731      3             28.0000            -15.5000         inf
  2553.701     10000      1706      3             28.0000            -15.5000         inf
  2574.017     10100      1673      3             28.0000            -15.4999         inf
  2590.590     10200      1655      3             28.0000            -15.4995         inf
  2599.046     10300      1661      3             28.0000            -15.4992         inf
  2615.247     10400      1618      3             28.0000            -15.0000         inf
  2633.128     10500      1593      3             28.0000            -15.0000         inf
  2655.020     10600      1561      3             28.0000            -15.0000         inf

      Time     Nodes    Leaves   Sols       Best Solution         Lower Bound        Gap%
  2672.040     10669      1500      4             16.0000            -15.0000         inf
  2680.417     10700      1496      4             16.0000            -15.0000         inf
  2700.839     10800      1479      4             16.0000            -14.9999         inf
  2719.708     10900      1478      4             16.0000            -14.9997         inf
  2736.418     11000      1479      4             16.0000            -14.9995         inf
  2746.249     11100      1484      4             16.0000            -14.9995         inf
  2757.332     11200      1487      4             16.0000            -14.9444         inf
  2770.545     11300      1461      4             16.0000            -14.5000         inf
  2788.594     11400      1405      4             16.0000            -14.4999         inf
  2801.057     11500      1375      4             16.0000            -14.4992         inf

      Time     Nodes    Leaves   Sols       Best Solution         Lower Bound        Gap%
  2812.822     11600      1356      4             16.0000            -14.0000         inf
  2833.106     11700      1313      4             16.0000            -13.9997         inf
  2843.888     11800      1301      4             16.0000            -13.9992         inf
  2857.026     11900      1276      4             16.0000            -13.4998         inf
  2867.462     12000      1261      4             16.0000            -13.0000         inf
  2877.811     12100      1254      4             16.0000            -12.9992         inf
  2886.507     12200      1245      4             16.0000            -12.5000         inf
  2893.652     12283       414      5             -3.0000            -12.0000      300.00
  2895.164     12300       414      5             -3.0000            -11.9997      299.99
  2904.193     12400       373      5             -3.0000            -11.0000      266.67

      Time     Nodes    Leaves   Sols       Best Solution         Lower Bound        Gap%
  2913.570     12500       370      5             -3.0000            -10.9995      266.65
  2920.262     12600       342      5             -3.0000            -10.0000      233.33
  2926.186     12700       360      5             -3.0000             -9.9997      233.32
  2932.088     12800       369      5             -3.0000             -9.9995      233.32
  2937.233     12900       373      5             -3.0000             -9.9993      233.31
  2942.161     13000       362      5             -3.0000             -9.9992      233.31
  2949.895     13100       316      5             -3.0000             -9.0000      200.00
  2954.831     13200       331      5             -3.0000             -8.9997      199.99
  2959.297     13300       329      5             -3.0000             -8.9996      199.99
  2963.831     13400       320      5             -3.0000             -8.9994      199.98

      Time     Nodes    Leaves   Sols       Best Solution         Lower Bound        Gap%
  2969.704     13500       286      5             -3.0000             -8.5000      183.33
  2975.394     13600       254      5             -3.0000             -7.9997      166.66
  2980.258     13700       250      5             -3.0000             -7.9996      166.65
  2981.994     13729       169      6             -5.0000             -7.9995       59.99
  2985.086     13800       146      6             -5.0000             -7.9993       59.99
  2991.100     13900        95      6             -5.0000             -6.9998       40.00
  2996.138     14000        69      6             -5.0000             -6.9996       39.99
===========================================
MIPCL version 1.5.2
Solution time: 2999.199
Branch-and-Cut nodes: 14031
Objective value: -5.0000 - optimality proven
rm: cannot remove '*_mipcl.log': No such file or directory

@04 1529056053
@05 7200

Read MPS: 1
MIP has 9013 vars and 5996 constraints
Read SOL: 1
Objective value computed by solver: -5

Integrality tolerance: 1/10000
Linear tolerance: 1/10000
Objective tolerance: 1/10000

Check SOL: Integrality 1 Constraints 1 Objective 1
Maximum violations: Integrality 0 Constraints 3.2e-07 Objective 0

-----------------------------
Fri Jun 15 02:47:33 MST 2018
-----------------------------

=ready=
