@01 instances/miplib2010/dfn-gwin-UUM.mps.gz ===========
-----------------------------
Fri Apr  7 19:40:51 MST 2017
-----------------------------
@03 1491619251
/home/beck/miplib2010-1.1.0/results/solutions/benchmark.mipcl.dfn-gwin-UUM.mps.sol
/home/beck/miplib2010-1.1.0/bin/mipcl -solfile /home/beck/miplib2010-1.1.0/results/solutions/benchmark.mipcl.dfn-gwin-UUM.mps.sol -threads 1 -time 7200 instances/miplib2010/dfn-gwin-UUM.mps.gz
Reading data...
NAME           dfn-gwin-UUM
Start preprocessing: Rows - 158, Cols - 938 (Int - 90, Bin - 0), NZs - 2632
==================================== Probing =====================================
     Time  Round  Probed vars  Fixed vars  Mod. entries  New var bds  Implications
==================================================================================
After preprocessing: Rows - 156, Cols - 935 (Int - 90, Bin - 0), NZs - 2627
Scaling...
Max exp = 1

Preprocessing Time: 0.016
Optimizing...

      Time        Its   Deg. Its   Method                     Obj
     0.017        100         99      D/S               2400.0000
     0.018        200        199      D/S               2399.9999
     0.020        300        236      D/S              13367.7054
     0.022        400        273      D/S              14300.7441
     0.023        500        276      D/S              20285.4396
     0.025        600        276      D/S              27185.7220
     0.025        618        276      D/S              27467.2572
     0.025          1          0      P/S              27467.2572
Generating cuts...
      Time                     Obj  Frac vars     Cuts
     0.026              27467.2572         45       74
     0.030              32774.4350         35       21
     0.033              33293.0667         37       36
     0.037              33553.4444         42       27
     0.041              33765.9662         41       31
     0.044              33852.2325         45       28
     0.047              33907.2196         42       13
     0.050              33947.4337         41        4
     0.052              33962.5822         39       16
     0.056              34024.4104         45       25
      Time                     Obj  Frac vars     Cuts
     0.059              34039.5349         43       21
     0.062              34057.7794         42       49
     0.066              34079.9497         42       59

Cut statistics
========== Cuts = Generated === Used
            mir         348       97
  sparse Gomory          56       40
========= total         404      137

After processing root node: Rows - 245, Cols - 935 (Int - 90, Bin - 0), NZs - 4664

      Time     Nodes    Leaves   Sols       Best Solution         Lower Bound     Gap%
     0.122         1         1      0                 inf          34089.5660      inf
     0.250         3         1      1         165368.0000          34316.9024   381.88
     0.264         4         2      2         139388.0000          34316.9024   306.18
     0.434        10         5      3         117396.0000          34942.5117   235.97
     0.813        20        10      4         108408.0000          35354.4162   206.63
     0.864        22        11      5         107528.0000          35377.3220   203.95
     1.174        32        16      6         105152.0000          35533.7785   195.92
     2.320        66        33      7          83552.0000          35906.5516   132.69
     3.316       100        50      7          83552.0000          36221.7802   130.67
     3.574       106        53      8          40712.0000          36238.1622    12.35

      Time     Nodes    Leaves   Sols       Best Solution         Lower Bound     Gap%
     6.607       200       100      8          40712.0000          36561.7498    11.35
     9.635       300       150      8          40712.0000          36774.8017    10.71
    12.322       400       200      8          40712.0000          36895.5393    10.34
    12.869       419       208      9          40264.0000          36920.4784     9.06
    15.040       500       248      9          40264.0000          36977.5596     8.89
    18.006       600       298      9          40264.0000          37040.3874     8.70
    20.839       700       347      9          40264.0000          37106.9128     8.51
    23.176       800       395      9          40264.0000          37171.5162     8.32
    25.840       900       444      9          40264.0000          37212.9394     8.20
    28.500      1000       493      9          40264.0000          37258.9957     8.07

      Time     Nodes    Leaves   Sols       Best Solution         Lower Bound     Gap%
    29.439      1100       541      9          40264.0000          37290.1360     7.97
    30.229      1200       589      9          40264.0000          37311.5919     7.91
    31.609      1400       684      9          40264.0000          37347.0729     7.81
    32.236      1500       729      9          40264.0000          37358.5341     7.78
    33.060      1600       777      9          40264.0000          37371.6187     7.74
    34.553      1800       870      9          40264.0000          37393.1432     7.68
    35.140      1900       918      9          40264.0000          37403.0834     7.65
    36.674      2100      1011      9          40264.0000          37426.4703     7.58
    37.305      2200      1060      9          40264.0000          37439.2855     7.54
    38.532      2400      1156      9          40264.0000          37458.3527     7.49

      Time     Nodes    Leaves   Sols       Best Solution         Lower Bound     Gap%
    39.174      2500      1203      9          40264.0000          37465.3308     7.47
    40.525      2700      1291      9          40264.0000          37482.2453     7.42
    41.210      2800      1332      9          40264.0000          37491.4255     7.40
    42.378      3000      1418      9          40264.0000          37503.7962     7.36
    43.078      3100      1460      9          40264.0000          37510.3666     7.34
    44.134      3300      1541      9          40264.0000          37523.2270     7.30
    45.219      3500      1619      9          40264.0000          37532.8375     7.28
    46.186      3700      1698      9          40264.0000          37540.6340     7.25
    47.311      3900      1781      9          40264.0000          37548.8924     7.23
    48.387      4100      1857      9          40264.0000          37557.3510     7.21

      Time     Nodes    Leaves   Sols       Best Solution         Lower Bound     Gap%
    49.507      4300      1935      9          40264.0000          37563.3768     7.19
    50.079      4400      1971      9          40264.0000          37567.0517     7.18
    51.184      4600      2046      9          40264.0000          37573.4592     7.16
    52.364      4800      2121      9          40264.0000          37581.0649     7.14
    53.391      5000      2194      9          40264.0000          37587.8112     7.12
    54.055      5100      2229      9          40264.0000          37593.3788     7.10
    55.021      5300      2288      9          40264.0000          37601.3020     7.08
    56.094      5500      2356      9          40264.0000          37606.7643     7.07
    57.298      5700      2420      9          40264.0000          37613.2334     7.05
    58.322      5900      2482      9          40264.0000          37618.9243     7.03

      Time     Nodes    Leaves   Sols       Best Solution         Lower Bound     Gap%
    59.378      6100      2545      9          40264.0000          37625.1388     7.01
    60.342      6300      2608      9          40264.0000          37630.6330     7.00
    61.447      6500      2672      9          40264.0000          37637.5782     6.98
    62.079      6600      2710      9          40264.0000          37640.2861     6.97
    63.116      6800      2779      9          40264.0000          37646.2097     6.95
    64.049      7000      2847      9          40264.0000          37652.8750     6.93
    65.006      7200      2917      9          40264.0000          37659.1572     6.92
    65.146      7221      2200     10          39628.0000          37659.9309     5.23
    66.512      7500      2273     10          39628.0000          37670.9237     5.20
    66.990      7600      2302     10          39628.0000          37674.4418     5.19

      Time     Nodes    Leaves   Sols       Best Solution         Lower Bound     Gap%
    67.987      7800      2347     10          39628.0000          37683.1348     5.16
    69.023      8000      2404     10          39628.0000          37689.6475     5.14
    70.387      8300      2483     10          39628.0000          37698.9325     5.12
    71.365      8500      2530     10          39628.0000          37705.2832     5.10
    71.982      8600      2556     10          39628.0000          37708.3985     5.09
    72.975      8800      2602     10          39628.0000          37714.7585     5.07
    74.307      9100      2672     10          39628.0000          37723.9103     5.05
    75.258      9281      2386     11          39400.0000          37728.8778     4.43
    76.347      9500      2440     11          39400.0000          37735.3675     4.41
    77.323      9700      2483     11          39400.0000          37740.9563     4.40

      Time     Nodes    Leaves   Sols       Best Solution         Lower Bound     Gap%
    78.098      9900      2534     11          39400.0000          37746.5841     4.38
    79.354     10200      2614     11          39400.0000          37755.4622     4.36
    80.202     10400      2664     11          39400.0000          37761.3369     4.34
    81.002     10600      2732     11          39400.0000          37766.8713     4.32
    82.059     10900      2805     11          39400.0000          37776.0731     4.30
    83.349     11200      2877     11          39400.0000          37784.2960     4.28
    84.135     11400      2934     11          39400.0000          37789.3991     4.26
    85.258     11700      3020     11          39400.0000          37797.5114     4.24
    86.391     12000      3096     11          39400.0000          37804.9770     4.22
    87.211     12200      3151     11          39400.0000          37810.2653     4.20

      Time     Nodes    Leaves   Sols       Best Solution         Lower Bound     Gap%
    88.088     12400      3202     11          39400.0000          37816.4677     4.19
    89.290     12700      3288     11          39400.0000          37824.2097     4.17
    90.294     13000      3363     11          39400.0000          37831.2635     4.15
    91.052     13200      3422     11          39400.0000          37836.0367     4.13
    92.119     13500      3511     11          39400.0000          37843.7619     4.11
    92.486     13597      3034     12          39116.0000          37846.4043     3.35
    93.065     13800      3086     12          39116.0000          37852.0811     3.34
    94.165     14100      3158     12          39116.0000          37861.2275     3.31
    95.165     14400      3238     12          39116.0000          37869.2099     3.29
    96.127     14700      3312     12          39116.0000          37876.9122     3.27

      Time     Nodes    Leaves   Sols       Best Solution         Lower Bound     Gap%
    97.185     15000      3387     12          39116.0000          37885.1201     3.25
    98.150     15300      3468     12          39116.0000          37892.1168     3.23
    99.022     15600      3544     12          39116.0000          37899.5551     3.21
   100.332     16000      3656     12          39116.0000          37909.4648     3.18
   101.192     16300      3736     12          39116.0000          37917.2779     3.16
   102.118     16600      3822     12          39116.0000          37924.1474     3.14
   103.027     16900      3907     12          39116.0000          37930.0747     3.13
   104.197     17300      4022     12          39116.0000          37938.2736     3.10
   105.119     17600      4102     12          39116.0000          37944.3125     3.09
   106.031     17900      4187     12          39116.0000          37950.6289     3.07

      Time     Nodes    Leaves   Sols       Best Solution         Lower Bound     Gap%
   107.236     18300      4300     12          39116.0000          37958.6522     3.05
   108.048     18600      4392     12          39116.0000          37964.7573     3.03
   109.222     19000      4518     12          39116.0000          37973.3892     3.01
   110.148     19300      4612     12          39116.0000          37979.2259     2.99
   111.004     19600      4696     12          39116.0000          37985.3348     2.98
   112.149     20000      4822     12          39116.0000          37992.7855     2.96
   113.023     20300      4912     12          39116.0000          37998.6361     2.94
   114.122     20700      5035     12          39116.0000          38005.8348     2.92
   115.205     21100      5152     12          39116.0000          38012.4609     2.90
   116.285     21500      5277     12          39116.0000          38019.2773     2.88

      Time     Nodes    Leaves   Sols       Best Solution         Lower Bound     Gap%
   117.154     21800      5378     12          39116.0000          38025.1537     2.87
   118.229     22200      5503     12          39116.0000          38031.5381     2.85
   119.196     22600      5632     12          39116.0000          38038.0348     2.83
   120.092     22900      5730     12          39116.0000          38042.5146     2.82
   121.233     23300      5864     12          39116.0000          38048.8301     2.80
   121.859     23513      4915     13          38752.0000          38051.8283     1.84
   122.044     23600      4942     13          38752.0000          38053.2531     1.84
   123.008     24000      5051     13          38752.0000          38059.9939     1.82
   124.023     24400      5166     13          38752.0000          38066.9226     1.80
   125.014     24800      5272     13          38752.0000          38073.5521     1.78

      Time     Nodes    Leaves   Sols       Best Solution         Lower Bound     Gap%
   125.987     25200      5390     13          38752.0000          38080.0049     1.76
   127.200     25700      5533     13          38752.0000          38087.5322     1.74
   128.004     26000      5621     13          38752.0000          38091.4397     1.73
   129.187     26500      5770     13          38752.0000          38098.3834     1.72
   130.087     26900      5888     13          38752.0000          38104.4938     1.70
   131.164     27400      6036     13          38752.0000          38112.3457     1.68
   132.115     27800      6140     13          38752.0000          38118.5417     1.66
   132.996     28200      6259     13          38752.0000          38123.8687     1.65
   133.991     28700      6413     13          38752.0000          38129.7910     1.63
   135.096     29200      6557     13          38752.0000          38136.7667     1.61

      Time     Nodes    Leaves   Sols       Best Solution         Lower Bound     Gap%
   136.062     29600      6665     13          38752.0000          38141.8141     1.60
   137.102     30100      6804     13          38752.0000          38147.8725     1.58
   138.062     30500      6919     13          38752.0000          38152.6907     1.57
   139.074     31000      7059     13          38752.0000          38158.8169     1.55
   140.000     31400      7175     13          38752.0000          38163.6712     1.54
   141.071     31900      7317     13          38752.0000          38169.0405     1.53
   142.152     32400      7444     13          38752.0000          38175.1309     1.51
   143.014     32800      7564     13          38752.0000          38179.5131     1.50
   144.075     33300      7707     13          38752.0000          38185.0550     1.48
   145.133     33800      7850     13          38752.0000          38190.6178     1.47

      Time     Nodes    Leaves   Sols       Best Solution         Lower Bound     Gap%
   146.009     34200      7968     13          38752.0000          38195.1611     1.46
   147.106     34700      8114     13          38752.0000          38200.7090     1.44
   148.164     35200      8247     13          38752.0000          38205.7836     1.43
   149.191     35700      8396     13          38752.0000          38211.0484     1.42
   150.005     36100      8513     13          38752.0000          38214.5704     1.41
   151.027     36600      8667     13          38752.0000          38219.8620     1.39
   152.043     37100      8823     13          38752.0000          38224.8523     1.38
   153.079     37600      8980     13          38752.0000          38229.9331     1.37
   154.071     38100      9126     13          38752.0000          38234.7804     1.35
   155.186     38600      9271     13          38752.0000          38239.9578     1.34

      Time     Nodes    Leaves   Sols       Best Solution         Lower Bound     Gap%
   155.974     39000      9380     13          38752.0000          38243.7510     1.33
   157.032     39500      9529     13          38752.0000          38248.0000     1.32
   157.987     40000      9690     13          38752.0000          38252.5190     1.31
   158.980     40500      9833     13          38752.0000          38257.0134     1.29
   160.140     41100     10014     13          38752.0000          38261.7417     1.28
   161.124     41600     10166     13          38752.0000          38265.8856     1.27
   162.024     42000     10275     13          38752.0000          38268.9937     1.26
   163.052     42500     10418     13          38752.0000          38273.0155     1.25
   164.011     43000     10563     13          38752.0000          38276.9034     1.24
   165.175     43600     10748     13          38752.0000          38281.8758     1.23

      Time     Nodes    Leaves   Sols       Best Solution         Lower Bound     Gap%
   165.976     44000     10866     13          38752.0000          38285.2446     1.22
   167.175     44600     11037     13          38752.0000          38289.9026     1.21
   167.974     45000     11146     13          38752.0000          38293.1881     1.20
   169.089     45600     11321     13          38752.0000          38297.8630     1.19
   170.001     46100     11480     13          38752.0000          38301.3542     1.18
   171.105     46700     11661     13          38752.0000          38305.8998     1.16
   172.038     47200     11817     13          38752.0000          38309.8459     1.15
   173.156     47800     12003     13          38752.0000          38313.6244     1.14
   174.086     48300     12153     13          38752.0000          38317.0378     1.14
   175.017     48800     12308     13          38752.0000          38320.3112     1.13

      Time     Nodes    Leaves   Sols       Best Solution         Lower Bound     Gap%
   175.997     49300     12456     13          38752.0000          38323.9248     1.12
   177.096     49900     12642     13          38752.0000          38327.6938     1.11
   178.037     50400     12783     13          38752.0000          38331.0611     1.10
   178.974     50900     12941     13          38752.0000          38334.3058     1.09
   180.012     51500     13138     13          38752.0000          38338.1178     1.08
   181.013     52100     13334     13          38752.0000          38342.1373     1.07
   182.129     52700     13513     13          38752.0000          38345.7802     1.06
   183.099     53200     13665     13          38752.0000          38348.6969     1.05
   184.078     53700     13806     13          38752.0000          38351.9797     1.04
   185.060     54200     13946     13          38752.0000          38355.0632     1.03

      Time     Nodes    Leaves   Sols       Best Solution         Lower Bound     Gap%
   185.999     54700     14089     13          38752.0000          38358.4271     1.03
   187.125     55300     14266     13          38752.0000          38361.9162     1.02
   188.008     55800     14430     13          38752.0000          38364.2943     1.01
   189.057     56400     14623     13          38752.0000          38368.0650     1.00
   190.036     56900     14761     13          38752.0000          38370.9652     0.99
   191.131     57500     14946     13          38752.0000          38374.4226     0.98
   192.038     58000     15093     13          38752.0000          38377.0337     0.98
   193.131     58600     15276     13          38752.0000          38380.3529     0.97
   194.037     59100     15419     13          38752.0000          38383.3195     0.96
   195.142     59700     15595     13          38752.0000          38386.5154     0.95

      Time     Nodes    Leaves   Sols       Best Solution         Lower Bound     Gap%
   196.119     60200     15738     13          38752.0000          38389.2726     0.94
   197.080     60700     15871     13          38752.0000          38392.3593     0.94
   197.975     61200     16021     13          38752.0000          38395.2030     0.93
   199.111     61800     16192     13          38752.0000          38398.4355     0.92
   200.006     62300     16341     13          38752.0000          38401.1704     0.91
   201.116     62900     16511     13          38752.0000          38404.3828     0.91
   201.976     63400     16658     13          38752.0000          38407.1602     0.90
   203.020     64000     16827     13          38752.0000          38410.5625     0.89
   204.042     64600     17010     13          38752.0000          38413.8070     0.88
   205.041     65200     17191     13          38752.0000          38417.0121     0.87

      Time     Nodes    Leaves   Sols       Best Solution         Lower Bound     Gap%
   206.065     65800     17367     13          38752.0000          38420.2709     0.86
   207.105     66400     17548     13          38752.0000          38423.2105     0.86
   208.139     67000     17725     13          38752.0000          38426.5074     0.85
   208.972     67500     17879     13          38752.0000          38428.8419     0.84
   210.037     68100     18051     13          38752.0000          38431.9160     0.83
   211.055     68700     18223     13          38752.0000          38434.9498     0.82
   212.040     69300     18403     13          38752.0000          38437.9443     0.82
   213.015     69900     18578     13          38752.0000          38440.7711     0.81
   214.078     70500     18746     13          38752.0000          38443.5432     0.80
   215.089     71100     18916     13          38752.0000          38446.4729     0.79

      Time     Nodes    Leaves   Sols       Best Solution         Lower Bound     Gap%
   216.103     71700     19089     13          38752.0000          38449.3965     0.79
   217.109     72300     19258     13          38752.0000          38452.2766     0.78
   218.035     72900     19438     13          38752.0000          38454.8895     0.77
   219.005     73500     19603     13          38752.0000          38457.5690     0.77
   220.084     74200     19823     13          38752.0000          38460.6314     0.76
   221.059     74800     19995     13          38752.0000          38463.4780     0.75
   222.057     75500     20225     13          38752.0000          38466.1477     0.74
   223.034     76200     20475     13          38752.0000          38469.0701     0.74
   224.108     76900     20698     13          38752.0000          38471.9914     0.73
   225.020     77500     20878     13          38752.0000          38474.3956     0.72

      Time     Nodes    Leaves   Sols       Best Solution         Lower Bound     Gap%
   226.007     78100     21047     13          38752.0000          38477.0286     0.71
   227.051     78800     21270     13          38752.0000          38479.6008     0.71
   228.012     79400     21444     13          38752.0000          38482.2059     0.70
   229.108     80100     21637     13          38752.0000          38484.9811     0.69
   230.069     80700     21808     13          38752.0000          38487.4068     0.69
   231.016     81300     21966     13          38752.0000          38489.8050     0.68
   232.028     82000     22179     13          38752.0000          38492.4738     0.67
   233.093     82700     22381     13          38752.0000          38495.2042     0.67
   234.008     83300     22553     13          38752.0000          38497.7237     0.66
   235.053     84000     22768     13          38752.0000          38500.2665     0.65

      Time     Nodes    Leaves   Sols       Best Solution         Lower Bound     Gap%
   236.090     84700     22988     13          38752.0000          38502.8030     0.65
   237.011     85300     23158     13          38752.0000          38505.0304     0.64
   238.083     86000     23331     13          38752.0000          38507.6306     0.63
   239.067     86700     23544     13          38752.0000          38509.8630     0.63
   239.985     87300     23719     13          38752.0000          38512.0164     0.62
   240.990     88000     23934     13          38752.0000          38514.4238     0.62
   241.978     88600     24066     13          38752.0000          38516.6395     0.61
   243.004     89300     24252     13          38752.0000          38519.0781     0.60
   244.041     90000     24433     13          38752.0000          38521.6489     0.60
   244.989     90600     24587     13          38752.0000          38523.7405     0.59

      Time     Nodes    Leaves   Sols       Best Solution         Lower Bound     Gap%
   246.054     91300     24767     13          38752.0000          38526.2721     0.59
   247.007     91900     24896     13          38752.0000          38528.3738     0.58
   247.980     92500     25024     13          38752.0000          38530.6015     0.57
   249.017     93200     25194     13          38752.0000          38533.0793     0.57
   250.071     93900     25363     13          38752.0000          38535.4265     0.56
   251.010     94500     25478     13          38752.0000          38537.5699     0.56
   252.123     95200     25609     13          38752.0000          38540.2575     0.55
   253.069     95800     25714     13          38752.0000          38542.3984     0.54
   254.095     96500     25855     13          38752.0000          38545.0009     0.54
   254.976     97100     25975     13          38752.0000          38547.1622     0.53

      Time     Nodes    Leaves   Sols       Best Solution         Lower Bound     Gap%
   256.001     97800     26140     13          38752.0000          38549.5405     0.53
   256.994     98500     26302     13          38752.0000          38551.9508     0.52
   258.093     99200     26433     13          38752.0000          38554.1589     0.51
   258.976     99800     26565     13          38752.0000          38555.9925     0.51
   259.988    100500     26709     13          38752.0000          38558.4093     0.50
   261.013    101200     26856     13          38752.0000          38560.7590     0.50
   261.998    101900     27019     13          38752.0000          38562.9157     0.49
   263.011    102600     27161     13          38752.0000          38565.1006     0.48
   264.023    103300     27285     13          38752.0000          38567.4864     0.48
   265.064    104000     27398     13          38752.0000          38569.9827     0.47

      Time     Nodes    Leaves   Sols       Best Solution         Lower Bound     Gap%
   266.069    104700     27536     13          38752.0000          38572.2111     0.47
   267.114    105400     27649     13          38752.0000          38574.5987     0.46
   267.984    106000     27723     13          38752.0000          38576.6094     0.45
   269.089    106700     27789     13          38752.0000          38579.1685     0.45
   270.070    107400     27903     13          38752.0000          38581.4640     0.44
   271.072    108100     27990     13          38752.0000          38583.9343     0.44
   272.101    108800     28076     13          38752.0000          38586.2419     0.43
   273.015    109400     28153     13          38752.0000          38588.3307     0.42
   274.103    110100     28209     13          38752.0000          38590.8106     0.42
   275.047    110700     28252     13          38752.0000          38592.8591     0.41

      Time     Nodes    Leaves   Sols       Best Solution         Lower Bound     Gap%
   276.054    111300     28266     13          38752.0000          38594.8924     0.41
   277.062    111900     28280     13          38752.0000          38596.8835     0.40
   277.987    112500     28331     13          38752.0000          38598.9688     0.40
   279.059    113200     28374     13          38752.0000          38601.4567     0.39
   279.970    113800     28408     13          38752.0000          38603.4407     0.38
   281.082    114500     28409     13          38752.0000          38605.8815     0.38
   282.024    115100     28413     13          38752.0000          38607.9304     0.37
   283.088    115800     28450     13          38752.0000          38610.2364     0.37
   284.029    116400     28415     13          38752.0000          38612.4002     0.36
   285.108    117100     28394     13          38752.0000          38614.7715     0.36

      Time     Nodes    Leaves   Sols       Best Solution         Lower Bound     Gap%
   286.102    117700     28341     13          38752.0000          38616.9499     0.35
   287.119    118400     28363     13          38752.0000          38619.2391     0.34
   288.040    119000     28305     13          38752.0000          38621.3997     0.34
   289.121    119700     28262     13          38752.0000          38623.6602     0.33
   290.075    120300     28215     13          38752.0000          38625.8497     0.33
   290.993    120900     28179     13          38752.0000          38627.8594     0.32
   292.107    121600     28097     13          38752.0000          38630.4474     0.31
   293.034    122200     27999     13          38752.0000          38632.5467     0.31
   294.121    122800     27831     13          38752.0000          38634.8943     0.30
   294.983    123300     27715     13          38752.0000          38636.6562     0.30

      Time     Nodes    Leaves   Sols       Best Solution         Lower Bound     Gap%
   296.052    123900     27536     13          38752.0000          38638.9665     0.29
   297.102    124500     27343     13          38752.0000          38641.2953     0.29
   298.002    125000     27164     13          38752.0000          38643.3728     0.28
   299.035    125600     26948     13          38752.0000          38645.6518     0.28
   300.048    126200     26780     13          38752.0000          38647.9214     0.27
   301.104    126800     26558     13          38752.0000          38650.2929     0.26
   301.969    127300     26395     13          38752.0000          38652.1029     0.26
   303.053    127900     26120     13          38752.0000          38654.6863     0.25
   304.120    128500     25880     13          38752.0000          38657.1108     0.25
   305.031    129000     25634     13          38752.0000          38659.2635     0.24

      Time     Nodes    Leaves   Sols       Best Solution         Lower Bound     Gap%
   305.983    129500     25357     13          38752.0000          38661.4057     0.23
   306.984    130000     24967     13          38752.0000          38663.8559     0.23
   308.036    130500     24566     13          38752.0000          38666.3677     0.22
   309.063    131000     24170     13          38752.0000          38668.9236     0.21
   310.189    131500     23651     13          38752.0000          38671.6915     0.21
   311.109    131900     23226     13          38752.0000          38673.8077     0.20
   312.017    132300     22793     13          38752.0000          38676.0767     0.20
   313.046    132700     22236     13          38752.0000          38678.5133     0.19
   314.128    133100     21632     13          38752.0000          38681.2344     0.18
   314.976    133400     21128     13          38752.0000          38683.3518     0.18

      Time     Nodes    Leaves   Sols       Best Solution         Lower Bound     Gap%
   316.060    133800     20461     13          38752.0000          38686.3596     0.17
   317.039    134100     19763     13          38752.0000          38689.0386     0.16
   318.029    134400     19081     13          38752.0000          38691.6708     0.16
   319.040    134700     18345     13          38752.0000          38694.2608     0.15
   320.200    135000     17408     13          38752.0000          38697.4209     0.14
   321.038    135200     16672     13          38752.0000          38699.8361     0.13
   322.440    135500     15392     13          38752.0000          38704.0372     0.12
   323.060    135600     14769     13          38752.0000          38705.8457     0.12
   324.130    135800     13671     13          38752.0000          38709.1991     0.11
   325.330    136000     12335     13          38752.0000          38713.3629     0.10

      Time     Nodes    Leaves   Sols       Best Solution         Lower Bound     Gap%
   326.124    136100     11409     13          38752.0000          38716.1115     0.09
   327.121    136200     10127     13          38752.0000          38719.8076     0.08
   328.055    136300      8847     13          38752.0000          38723.5105     0.07
   329.726    136400      6278     13          38752.0000          38730.6024     0.06
===========================================
MIPCL version 1.3.1
Solution time: 332.358
Branch-and-Cut nodes: 136446
Objective value: 38752.0000 - optimality proven
rm: cannot remove '*_mipcl.log': No such file or directory

@04 1491619583
@05 7200

Read MPS: 1
MIP has 938 vars and 158 constraints
Read SOL: 1
Objective value computed by solver: 38752

Integrality tolerance: 1/10000
Linear tolerance: 1/10000
Objective tolerance: 1/10000

Check SOL: Integrality 1 Constraints 1 Objective 1
Maximum violations: Integrality 0 Constraints 3e-09 Objective 0

-----------------------------
Fri Apr  7 19:46:23 MST 2017
-----------------------------

=ready=
