Linux optc-01-07 4.4.0-127-generic #153-Ubuntu SMP Sat May 19 10:58:46 UTC 2018 x86_64 x86_64 x86_64 GNU/Linux

top - 14:17:30 up 3 days,  4:15,  0 users,  load average: 4.00, 4.01, 4.00
Tasks: 295 total,   4 running, 291 sleeping,   0 stopped,   0 zombie
%Cpu(s):  7.9 us,  0.5 sy,  0.0 ni, 91.6 id,  0.0 wa,  0.0 hi,  0.0 si,  0.0 st
KiB Mem : 97461264 total, 86961992 free,  8129096 used,  2370172 buff/cache
KiB Swap:  8388604 total,  8388604 free,        0 used. 88657224 avail Mem

   PID USER      PR  NI    VIRT    RES    SHR S  %CPU %MEM     TIME+ COMMAND
262337 bzfgleix  20   0 2684388 2.409g  15768 R 100.0  2.6 130:41.93 scip
267318 bzfgleix  20   0 2481040 2.126g  14412 R 100.0  2.3  28:06.24 scip
262407 bzfgleix  20   0 2877688 2.544g  15372 R 100.0  2.7 130:27.98 scip
     1 root      20   0   54264   5784   3904 S   0.0  0.0   0:14.20 systemd
     2 root      20   0       0      0      0 S   0.0  0.0   0:00.10 kthreadd
     3 root      20   0       0      0      0 S   0.0  0.0   0:00.12 ksoftirqd+
     5 root       0 -20       0      0      0 S   0.0  0.0   0:00.00 kworker/0+
     6 root      20   0       0      0      0 S   0.0  0.0   0:00.00 kworker/u+

hard time limit: 04:10:00
hard mem limit: 17700

SLURM jobID: 17185622

@01 /home/optimi/bzfgleix/opti/test/scip-soplex/scip/check/IP/miplib2010/in.mps.gz ===========
-----------------------------
Sat Jun 16 14:17:30 CEST 2018
-----------------------------
@03 1529151450
@05 7200
SCIP version 6.0.0 [precision: 8 byte] [memory: block] [mode: optimized] [LP solver: SoPlex 4.0.0] [GitHash: ce154f0]
Copyright (C) 2002-2018 Konrad-Zuse-Zentrum fuer Informationstechnik Berlin (ZIB)

External codes:
  Readline 6.3         GNU library for command line editing (gnu.org/s/readline)
  SoPlex 4.0.0         Linear Programming Solver developed at Zuse Institute Berlin (soplex.zib.de) [GitHash: e0d3842]
  CppAD 20180000.0     Algorithmic Differentiation of C++ algorithms developed by B. Bell (www.coin-or.org/CppAD)
  ZLIB 1.2.8           General purpose compression library by J. Gailly and M. Adler (zlib.net)
  GMP 6.1.0            GNU Multiple Precision Arithmetic Library developed by T. Granlund (gmplib.org)
  bliss 0.73p          Computing Graph Automorphism Groups by T. Junttila and P. Kaski (http://www.tcs.hut.fi/Software/bliss/)
  Ipopt 3.12.5         Interior Point Optimizer developed by A. Waechter et.al. (www.coin-or.org/Ipopt)

user parameter file <scip.set> not found - using default parameters

SCIP>
SCIP> set load /home/optimi/bzfgleix/opti/test/scip-soplex/scip/check/../setting
s/default.set
loaded parameter file </home/optimi/bzfgleix/opti/test/scip-soplex/scip/check/../settings/default.set>
SCIP> set misc referencevalue 231.0
misc/referencevalue = 231
SCIP> set limits time 7200
limits/time = 7200
SCIP> set limits nodes 2100000000
limits/nodes = 2100000000
SCIP> set limits memory 16000
limits/memory = 16000
SCIP> set lp advanced threads 1
lp/threads = 1
SCIP> set timing clocktype 1
timing/clocktype = 1
SCIP> set display freq 10000
display/freq = 10000
SCIP> set memory savefac 1.0
memory/savefac = 1
SCIP> set save /home/optimi/bzfgleix/opti/test/scip-soplex/scip/check/results/RC
-600-mipdev-hard-June16/bzfgleix.mipdev-hard.137_in.scip.M640.default.set
saved parameter file </home/optimi/bzfgleix/opti/test/scip-soplex/scip/check/results/RC-600-mipdev-hard-June16/bzfgleix.mipdev-hard.137_in.scip.M640.default.set>
SCIP> read /home/optimi/bzfgleix/opti/test/scip-soplex/scip/check/IP/miplib2010/
in.mps.gz

read problem </home/optimi/bzfgleix/opti/test/scip-soplex/scip/check/IP/miplib2010/in.mps.gz>
============

original problem has 1449074 variables (1489 bin, 0 int, 0 impl, 1447585 cont) and 1526202 constraints
SCIP> display parameters

number of parameters = 2426
non-default parameter settings:
display/freq = 10000
limits/time = 7200
limits/nodes = 2100000000
limits/memory = 16000
lp/threads = 1
memory/savefac = 1
misc/referencevalue = 231

SCIP> optimize

presolving:
(round 1, fast)       1640 del vars, 1267 del conss, 0 add conss, 1619 chg bounds, 0 chg sides, 0 chg coeffs, 0 upgd conss, 0 impls, 0 clqs
(round 2, fast)       2003 del vars, 16425 del conss, 0 add conss, 1703 chg bounds, 0 chg sides, 0 chg coeffs, 0 upgd conss, 0 impls, 0 clqs
(round 3, fast)       2003 del vars, 19943 del conss, 0 add conss, 1703 chg bounds, 0 chg sides, 0 chg coeffs, 0 upgd conss, 0 impls, 0 clqs
(round 4, exhaustive) 2003 del vars, 19943 del conss, 0 add conss, 1703 chg bounds, 0 chg sides, 0 chg coeffs, 1429205 upgd conss, 0 impls, 0 clqs
   (60.7s) sparsify finished: 400/6770897 (0.0%) nonzeros canceled - in total 400 canceled nonzeros, 710 changed coefficients, 0 added nonzeros
   (63.1s) probing: 51/1477 (3.5%) - 0 fixings, 0 aggregations, 0 implications, 0 bound changes
   (63.1s) probing aborted: 50/50 successive totally useless probings
presolving (5 rounds: 5 fast, 2 medium, 2 exhaustive):
 2003 deleted vars, 19943 deleted constraints, 0 added constraints, 1703 tightened bounds, 0 added holes, 0 changed sides, 710 changed coefficients
 1429205 implications, 7 cliques
presolved problem has 1447071 variables (1477 bin, 0 int, 0 impl, 1445594 cont) and 1506259 constraints
1429205 constraints of type <varbound>
  77054 constraints of type <linear>
transformed objective value is always integral (scale: 1)
Presolving Time: 59.70


SCIP Status        : solving was interrupted [memory limit reached]
Solving Time (sec) : 70.67
Solving Nodes      : 1
Primal Bound       : +1.00000000000000e+20 (0 solutions)
Dual Bound         : +1.30000000000000e+01
Gap                : infinite

SCIP> display statistics

SCIP Status        : solving was interrupted [memory limit reached]
Total Time         :      78.22
  solving          :      70.67
  presolving       :      59.70 (included in solving)
  reading          :       7.55
  copying          :       0.00 (0 times copied the problem)
Original Problem   :
  Problem name     : in
  Variables        : 1449074 (1489 binary, 0 integer, 0 implicit integer, 1447585 continuous)
  Constraints      : 1526202 initial, 1526202 maximal
  Objective        : minimize, 1489 non-zeros (abs.min = 1, abs.max = 1)
Presolved Problem  :
  Problem name     : t_in
  Variables        : 1447071 (1477 binary, 0 integer, 0 implicit integer, 1445594 continuous)
  Constraints      : 1506259 initial, 1506259 maximal
  Objective        : minimize, 1477 non-zeros (abs.min = 1, abs.max = 1)
Presolvers         :   ExecTime  SetupTime  Calls  FixedVars   AggrVars   ChgTypes  ChgBounds   AddHoles    DelCons    AddCons   ChgSides   ChgCoefs
  boundshift       :       0.00       0.00      0          0          0          0          0          0          0          0          0          0
  convertinttobin  :       0.00       0.00      0          0          0          0          0          0          0          0          0          0
  domcol           :       1.31       0.00      1          0          0          0          0          0          0          0          0          0
  dualagg          :       0.00       0.00      0          0          0          0          0          0          0          0          0          0
  dualcomp         :       0.98       0.00      1          0          0          0          0          0          0          0          0          0
  dualinfer        :       0.00       0.00      0          0          0          0          0          0          0          0          0          0
  gateextraction   :       0.00       0.00      0          0          0          0          0          0          0          0          0          0
  implics          :       0.01       0.00      2          0          0          0          0          0          0          0          0          0
  inttobinary      :       0.00       0.00      0          0          0          0          0          0          0          0          0          0
  qpkktref         :       0.00       0.00      0          0          0          0          0          0          0          0          0          0
  redvub           :       0.00       0.00      0          0          0          0          0          0          0          0          0          0
  sparsify         :      38.42       0.00      1          0          0          0          0          0          0          0          0        710
  stuffing         :       0.00       0.00      0          0          0          0          0          0          0          0          0          0
  symbreak         :       0.00       0.00      0          0          0          0          0          0          0          0          0          0
  symmetry         :       0.00       0.00      0          0          0          0          0          0          0          0          0          0
  trivial          :       0.19       0.00      5          0          0          0          0          0          0          0          0          0
  tworowbnd        :       0.00       0.00      0          0          0          0          0          0          0          0          0          0
  dualfix          :       0.33       0.00      5          0          0          0          0          0          0          0          0          0
  genvbounds       :       0.00       0.00      0          0          0          0          0          0          0          0          0          0
  orbitalfixing    :       0.00       0.00      0          0          0          0          0          0          0          0          0          0
  probing          :       2.38       0.05      1          0          0          0          0          0          0          0          0          0
  pseudoobj        :       0.02       0.00      0          0          0          0          0          0          0          0          0          0
  vbounds          :       0.00       0.00      1          0          0          0          0          0          0          0          0          0
  varbound         :       1.90       0.00      2          0          0          0          0          0          0          0          0          0
  linear           :       7.85       1.01      7       1703        300          0       1703          0      19943          0          0          0
  benders          :       0.00       0.00      0          0          0          0          0          0          0          0          0          0
  components       :       1.32       0.00      1          0          0          0          0          0          0          0          0          0
  root node        :          -          -      -          1          -          -      10426          -          -          -          -          -
Constraints        :     Number  MaxNumber  #Separate #Propagate    #EnfoLP    #EnfoRelax  #EnfoPS    #Check   #ResProp    Cutoffs    DomReds       Cuts    Applied      Conss   Children
  benderslp        :          0          0          0          0          0          0          0          7          0          0          0          0          0          0          0
  integral         :          0          0          0          0          0          0          0          7          0          0          0          0          0          0          0
  varbound         :    1429205    1429205          0         57          0          0          0          3          0          0          1          0          0          0          0
  linear           :      77054      77054          0         57          0          0          0          2          0          0      10425          0          0          0          0
  benders          :          0          0          0          0          0          0          0          0          0          0          0          0          0          0          0
  countsols        :          0          0          0          0          0          0          0          0          0          0          0          0          0          0          0
  components       :          0          0          0          0          0          0          0          0          0          0          0          0          0          0          0
Constraint Timings :  TotalTime  SetupTime   Separate  Propagate     EnfoLP     EnfoPS     EnfoRelax   Check    ResProp    SB-Prop
  benderslp        :       0.00       0.00       0.00       0.00       0.00       0.00       0.00       0.00       0.00       0.00
  integral         :       0.00       0.00       0.00       0.00       0.00       0.00       0.00       0.00       0.00       0.00
  varbound         :       0.99       0.00       0.57       0.02       0.00       0.00       0.00       0.40       0.00       0.00
  linear           :       1.69       1.01       0.60       0.08       0.00       0.00       0.00       0.00       0.00       0.00
  benders          :       0.00       0.00       0.00       0.00       0.00       0.00       0.00       0.00       0.00       0.00
  countsols        :       0.00       0.00       0.00       0.00       0.00       0.00       0.00       0.00       0.00       0.00
  components       :       0.00       0.00       0.00       0.00       0.00       0.00       0.00       0.00       0.00       0.00
Propagators        : #Propagate   #ResProp    Cutoffs    DomReds
  dualfix          :          4          0          0          0
  genvbounds       :          0          0          0          0
  nlobbt           :          0          0          0          0
  obbt             :          0          0          0          0
  orbitalfixing    :          0          0          0          0
  probing          :          0          0          0          0
  pseudoobj        :          4          0          0          0
  redcost          :          0          0          0          0
  rootredcost      :          0          0          0          0
  vbounds          :          4          0          0          0
Propagator Timings :  TotalTime  SetupTime   Presolve  Propagate    ResProp    SB-Prop
  dualfix          :       0.60       0.00       0.33       0.27       0.00       0.00
  genvbounds       :       0.00       0.00       0.00       0.00       0.00       0.00
  nlobbt           :       0.00       0.00       0.00       0.00       0.00       0.00
  obbt             :       0.00       0.00       0.00       0.00       0.00       0.00
  orbitalfixing    :       0.00       0.00       0.00       0.00       0.00       0.00
  probing          :       2.43       0.05       2.38       0.00       0.00       0.00
  pseudoobj        :       0.10       0.00       0.02       0.08       0.00       0.00
  redcost          :       0.00       0.00       0.00       0.00       0.00       0.00
  rootredcost      :       0.00       0.00       0.00       0.00       0.00       0.00
  vbounds          :       0.89       0.00       0.00       0.89       0.00       0.00
Conflict Analysis  :       Time      Calls    Success    DomReds  Conflicts   Literals    Reconvs ReconvLits   Dualrays   Nonzeros   LP Iters   (pool size: [--,--])
  propagation      :       0.00          0          0          -          0        0.0          0        0.0          -          -          -
  infeasible LP    :       0.00          0          0          -          0        0.0          0        0.0          0        0.0          0
  bound exceed. LP :       0.00          0          0          -          0        0.0          0        0.0          0        0.0          0
  strong branching :       0.00          0          0          -          0        0.0          0        0.0          -          -          0
  pseudo solution  :       0.00          0          0          -          0        0.0          0        0.0          -          -          -
  applied globally :       0.00          -          -          0          0        0.0          -          -          0          -          -
  applied locally  :          -          -          -          0          0        0.0          -          -          0          -          -
Separators         :   ExecTime  SetupTime      Calls    Cutoffs    DomReds       Cuts    Applied      Conss
  cut pool         :       0.00                     0          -          -          0          -          -    (maximal pool size: 0)
  aggregation      :       0.00       0.00          0          0          0          0          0          0
  cgmip            :       0.00       0.00          0          0          0          0          0          0
  clique           :       0.00       0.00          0          0          0          0          0          0
  closecuts        :       0.00       0.00          0          0          0          0          0          0
  cmir             :       0.00       0.00          0          0          0          0          0          0
  convexproj       :       0.00       0.00          0          0          0          0          0          0
  disjunctive      :       0.00       0.00          0          0          0          0          0          0
  eccuts           :       0.00       0.00          0          0          0          0          0          0
  flowcover        :       0.00       0.00          0          0          0          0          0          0
  gauge            :       0.00       0.00          0          0          0          0          0          0
  gomory           :       0.00       0.00          0          0          0          0          0          0
  impliedbounds    :       0.00       0.00          0          0          0          0          0          0
  intobj           :       0.00       0.00          0          0          0          0          0          0
  mcf              :       0.00       0.00          0          0          0          0          0          0
  oddcycle         :       0.00       0.00          0          0          0          0          0          0
  rapidlearning    :       0.00       0.00          0          0          0          0          0          0
  strongcg         :       0.00       0.00          0          0          0          0          0          0
  zerohalf         :       0.00       0.00          0          0          0          0          0          0
Pricers            :   ExecTime  SetupTime      Calls       Vars
  problem variables:       0.00          -          0          0
Branching Rules    :   ExecTime  SetupTime   BranchLP  BranchExt   BranchPS    Cutoffs    DomReds       Cuts      Conss   Children
  allfullstrong    :       0.00       0.00          0          0          0          0          0          0          0          0
  cloud            :       0.00       0.00          0          0          0          0          0          0          0          0
  distribution     :       0.00       0.00          0          0          0          0          0          0          0          0
  fullstrong       :       0.00       0.00          0          0          0          0          0          0          0          0
  inference        :       0.00       0.00          0          0          0          0          0          0          0          0
  leastinf         :       0.00       0.00          0          0          0          0          0          0          0          0
  lookahead        :       0.00       0.00          0          0          0          0          0          0          0          0
  mostinf          :       0.00       0.00          0          0          0          0          0          0          0          0
  multaggr         :       0.00       0.00          0          0          0          0          0          0          0          0
  nodereopt        :       0.00       0.00          0          0          0          0          0          0          0          0
  pscost           :       0.00       0.00          0          0          0          0          0          0          0          0
  random           :       0.00       0.00          0          0          0          0          0          0          0          0
  relpscost        :       0.00       0.00          0          0          0          0          0          0          0          0
Primal Heuristics  :   ExecTime  SetupTime      Calls      Found       Best
  LP solutions     :       0.00          -          -          0          0
  relax solutions  :       0.00          -          -          0          0
  pseudo solutions :       0.00          -          -          0          0
  strong branching :       0.00          -          -          0          0
  actconsdiving    :       0.00       0.00          0          0          0
  alns             :       0.00       0.00          0          0          0
  bound            :       0.00       0.00          0          0          0
  clique           :       3.74       0.00          1          0          0
  coefdiving       :       0.00       0.00          0          0          0
  completesol      :       0.00       0.00          0          0          0
  conflictdiving   :       0.00       0.00          0          0          0
  crossover        :       0.00       0.00          0          0          0
  dins             :       0.00       0.00          0          0          0
  distributiondivin:       0.00       0.00          0          0          0
  dualval          :       0.00       0.00          0          0          0
  farkasdiving     :       0.00       0.00          0          0          0
  feaspump         :       0.00       0.00          0          0          0
  fixandinfer      :       0.00       0.00          0          0          0
  fracdiving       :       0.00       0.00          0          0          0
  gins             :       0.00       0.00          0          0          0
  guideddiving     :       0.00       0.00          0          0          0
  indicator        :       0.00       0.00          0          0          0
  intdiving        :       0.00       0.00          0          0          0
  intshifting      :       0.00       0.00          0          0          0
  linesearchdiving :       0.00       0.00          0          0          0
  localbranching   :       0.00       0.00          0          0          0
  locks            :       0.00       0.00          0          0          0
  lpface           :       0.00       0.00          0          0          0
  mpec             :       0.00       0.00          0          0          0
  multistart       :       0.00       0.00          0          0          0
  mutation         :       0.00       0.00          0          0          0
  nlpdiving        :       0.00       0.00          0          0          0
  objpscostdiving  :       0.00       0.00          0          0          0
  octane           :       0.00       0.00          0          0          0
  ofins            :       0.00       0.00          0          0          0
  oneopt           :       0.00       0.00          0          0          0
  proximity        :       0.00       0.00          0          0          0
  pscostdiving     :       0.00       0.00          0          0          0
  randrounding     :       0.00       0.00          0          0          0
  rens             :       0.00       0.00          0          0          0
  reoptsols        :       0.00       0.00          0          0          0
  repair           :       0.00       0.00          0          0          0
  rins             :       0.00       0.00          0          0          0
  rootsoldiving    :       0.00       0.00          0          0          0
  rounding         :       0.00       0.00          0          0          0
  shiftandpropagate:       0.00       0.00          0          0          0
  shifting         :       0.00       0.00          0          0          0
  simplerounding   :       0.00       0.00          0          0          0
  subnlp           :       0.00       0.00          0          0          0
  trivial          :       3.83       0.00          2          0          0
  trivialnegation  :       0.00       0.00          0          0          0
  trysol           :       0.00       0.00          0          0          0
  twoopt           :       0.00       0.00          0          0          0
  undercover       :       0.00       0.00          0          0          0
  vbounds          :       0.00       0.00          0          0          0
  veclendiving     :       0.00       0.00          0          0          0
  zeroobj          :       0.00       0.00          0          0          0
  zirounding       :       0.00       0.00          0          0          0
  other solutions  :          -          -          -          0          -
Diving Statistics  :      Calls      Nodes   LP Iters Backtracks  Conflicts   MinDepth   MaxDepth   AvgDepth  RoundSols  NLeafSols  MinSolDpt  MaxSolDpt  AvgSolDpt
  actconsdiving    :          0          -          -          -          -          -          -          -          -          -          -          -          -
  coefdiving       :          0          -          -          -          -          -          -          -          -          -          -          -          -
  conflictdiving   :          0          -          -          -          -          -          -          -          -          -          -          -          -
  distributiondivin:          0          -          -          -          -          -          -          -          -          -          -          -          -
  farkasdiving     :          0          -          -          -          -          -          -          -          -          -          -          -          -
  fracdiving       :          0          -          -          -          -          -          -          -          -          -          -          -          -
  guideddiving     :          0          -          -          -          -          -          -          -          -          -          -          -          -
  linesearchdiving :          0          -          -          -          -          -          -          -          -          -          -          -          -
  pscostdiving     :          0          -          -          -          -          -          -          -          -          -          -          -          -
  veclendiving     :          0          -          -          -          -          -          -          -          -          -          -          -          -
Neighborhoods      :      Calls  SetupTime  SolveTime SolveNodes       Sols       Best       Exp3  EpsGreedy        UCB TgtFixRate  Opt  Inf Node Stal  Sol  Usr Othr Actv
  rens             :          0       0.00       0.00          0          0          0    0.00000   -1.00000    1.00000      0.900    0    0    0    0    0    0    0    1
  rins             :          0       0.00       0.00          0          0          0    0.00000   -1.00000    1.00000      0.900    0    0    0    0    0    0    0    1
  mutation         :          0       0.00       0.00          0          0          0    0.00000   -1.00000    1.00000      0.900    0    0    0    0    0    0    0    1
  localbranching   :          0       0.00       0.00          0          0          0    0.00000   -1.00000    1.00000      0.900    0    0    0    0    0    0    0    1
  crossover        :          0       0.00       0.00          0          0          0    0.00000   -1.00000    1.00000      0.900    0    0    0    0    0    0    0    1
  proximity        :          0       0.00       0.00          0          0          0    0.00000   -1.00000    1.00000      0.900    0    0    0    0    0    0    0    1
  zeroobjective    :          0       0.00       0.00          0          0          0    0.00000   -1.00000    1.00000      0.900    0    0    0    0    0    0    0    1
  dins             :          0       0.00       0.00          0          0          0    0.00000   -1.00000    1.00000      0.900    0    0    0    0    0    0    0    1
LP                 :       Time      Calls Iterations  Iter/call   Iter/sec  Time-0-It Calls-0-It    ItLimit
  primal LP        :       0.00          0          0       0.00          -       0.00          0
  dual LP          :       0.00          0          0       0.00          -       0.00          0
  lex dual LP      :       0.00          0          0       0.00          -
  barrier LP       :       0.00          0          0       0.00          -       0.00          0
  resolve instable :       0.00          0          0       0.00          -
  diving/probing LP:       0.00          0          0       0.00          -
  strong branching :       0.00          0          0       0.00          -          -          -          0
    (at root node) :          -          0          0       0.00          -
  conflict analysis:       0.00          0          0       0.00          -
B&B Tree           :
  number of runs   :          1
  nodes            :          1 (0 internal, 1 leaves)
  feasible leaves  :          0
  infeas. leaves   :          0
  objective leaves :          0
  nodes (total)    :          1 (0 internal, 1 leaves)
  nodes left       :          1
  max depth        :          0
  max depth (total):          0
  backtracks       :          0 (0.0%)
  early backtracks :          0 (0.0%)
  nodes exc. ref.  :          0 (0.0%)
  delayed cutoffs  :          0
  repropagations   :          0 (0 domain reductions, 0 cutoffs)
  avg switch length:       1.00
  switching time   :       0.00
Root Node          :
  First LP value   :          -
  First LP Iters   :          0
  First LP Time    :       0.00
  Final Dual Bound : +1.30000000000000e+01
  Final Root Iters :          0
  Root LP Estimate :                     -
Solution           :
  Solutions found  :          0 (0 improvements)
  Primal Bound     :          -
  Dual Bound       : +1.30000000000000e+01
  Gap              :   infinite
  Avg. Gap         :     100.00 % (7067.00 primal-dual integral)

SCIP> checksol

no feasible solution available

SCIP> write sol /usr/local/tmp/bzfgleix-tmpdir/bzfgleix.mipdev-hard.137_in.scip.
M640.default.sol

written solution information to file </usr/local/tmp/bzfgleix-tmpdir/bzfgleix.mipdev-hard.137_in.scip.M640.default.sol>

SCIP> quit

Read MPS: 1
MIP has 1449074 vars and 1526202 constraints
Read SOL: 0
@04 1529151578
-----------------------------
Sat Jun 16 14:19:38 CEST 2018
-----------------------------

=ready=
