@01 instances/benchmark/satellites1-25.mps ===========
-----------------------------
Fri May 25 20:59:09 MST 2018
-----------------------------
@03 1527307149
FICO Xpress Solver 64bit v8.5.1 May 21 2018
(c) Copyright Fair Isaac Corporation 1983-2017. All rights reserved
 Optimizer v33.01.03    [/home/beck/xpressmp/lib/libxprs.so.33.01.03]
 Knitro 10.2.1          [/home/beck/xpressmp/lib/libxknitro.so]
MAXTIME=-7200
CPUTIME=0
THREADS=1
MIPRELCUTOFF=0
MIPRELSTOP=0

Reading Problem satellites1-25
Problem Statistics
        5997 (      0 spare) rows
        9013 (      0 spare) structural columns
       59379 (      0 spare) non-zero elements
Global Statistics
        8509 entities        0 sets        0 set members
FICO Xpress v8.5.1, solve started 20:59:09, May 25, 2018
Minimizing MILP satellites1-25
Original problem has:
      5997 rows         9013 cols        59379 elements      8509 globals
Presolved problem has:
      4424 rows         7634 cols        41320 elements      7567 globals
LP relaxation tightened
Will try to keep branch and bound tree memory usage below 14.7GB
 *** Heuristic solution found:   183.000000      Time: 0 ***
 *** Heuristic solution found:   143.000000      Time: 0 ***
Crash basis containing 163 structural columns created

   Its         Obj Value      S   Ninf  Nneg   Sum Dual Inf  Time
     0       -226.000000      D   2393     0        .000000     0
  4798        -20.000000      P      0     0        .000000     0
Optimal solution found
Dual solved problem
  4798 simplex iterations in 0s

Final objective                         : -2.000000000000000e+01
  Max primal violation      (abs / rel) : 1.646e-15 / 1.646e-15
  Max dual violation        (abs / rel) :       0.0 /       0.0
  Max complementarity viol. (abs / rel) :       0.0 /       0.0
All values within tolerances

Starting root cutting & heuristics

 Its Type    BestSoln    BestBound   Sols    Add    Del     Gap     GInf   Time
g          109.000000   -20.000000      3                   129        0      2
   1  K    109.000000   -20.000000      3    236      0     129      522      2
   2  K    109.000000   -20.000000      3    334    218     129      829      3
   3  K    109.000000   -20.000000      3    444    315     129      800      4
   4  K    109.000000   -20.000000      3    241    432     129      859      4
   5  K    109.000000   -20.000000      3    196    252     129      764      5
   6  K    109.000000   -20.000000      3    460    197     129      832      5
   7  K    109.000000   -20.000000      3    424    448     129      818      6
   8  K    109.000000   -20.000000      3    407    425     129      772      7
   9  K    109.000000   -20.000000      3    373    395     129      727      7
  10  K    109.000000   -20.000000      3    506    377     129      733      8
  11  K    109.000000   -20.000000      3    333    512     129      624      9
  12  K    109.000000   -20.000000      3    480    340     129      711      9
  13  K    109.000000   -20.000000      3    362    468     129      761      9
  14  K    109.000000   -20.000000      3    175    373     129      641     10
  15  K    109.000000   -20.000000      3    473    183     129      641     11
  16  K    109.000000   -20.000000      3    403    455     129      721     11
  17  K    109.000000   -20.000000      3    577    395     129      791     12
  18  K    109.000000   -20.000000      3    386    573     129      725     12
  19  K    109.000000   -20.000000      3    316    386     129      705     13
  20  K    109.000000   -20.000000      3    429    714     129      739     14
  21  G    109.000000   -20.000000      3     50     51     129      614     14
  22  G    109.000000   -20.000000      3    350    391     129      672     14
Heuristic search started
R           85.000000   -20.000000      4                   105        0     16
Heuristic search stopped
M           48.000000   -20.000000      5                    68        0     16
M           39.000000   -20.000000      6                    59        0     16
M           37.000000   -20.000000      7                    57        0     16
M           28.000000   -20.000000      8                    48        0     16
M            5.000000   -20.000000      9                    25        0     16
M            2.000000   -20.000000     10                    22        0     16

Cuts in the matrix         : 55
Cut elements in the matrix : 1255

Performing root presolve...

Reduced problem has:    2335 rows    3736 columns     18400 elements
Presolve dropped   :    2144 rows    3898 columns      9350 elements
Presolve tightened :       102 elements
Symmetric problem: generators: 4, support set: 93
 Number of orbits: 31, largest orbit: 3, chains: 3
 Row orbits: 21, row support: 63
Will try to keep branch and bound tree memory usage below 14.7GB

Starting root cutting & heuristics

 Its Type    BestSoln    BestBound   Sols    Add    Del     Gap     GInf   Time
   1  K      2.000000   -20.000000     10    288     38      22      553     18
   2  K      2.000000   -20.000000     10    370    609      22      645     18
Heuristic search started
Heuristic search stopped

Cuts in the matrix         : 62
Cut elements in the matrix : 370

Starting tree search.
Deterministic mode with up to 1 running thread and up to 1 task.

    Node     BestSoln    BestBound   Sols Active  Depth     Gap     GInf   Time
       1     2.000000   -20.000000     10      2      1      22      572     19
       2     2.000000   -20.000000     10      2      2      22      588     20
       3     2.000000   -20.000000     10      3      3      22      411     20
       4     2.000000   -20.000000     10      4      4      22      341     20
       5     2.000000   -20.000000     10      3      2      22      474     20
       6     2.000000   -20.000000     10      4      3      22      385     21
       7     2.000000   -20.000000     10      5      4      22      358     21
       8     2.000000   -20.000000     10      6      3      22      526     21
       9     2.000000   -20.000000     10      7      4      22      324     22
      10     2.000000   -20.000000     10      8      5      22      324     22
      20     2.000000   -20.000000     10      7     10      22      368     24
      30     2.000000   -20.000000     10      8      9      22      460     25
      40     2.000000   -20.000000     10      7     16      22      520     26
      50     2.000000   -20.000000     10     14     13      22      494     27
      60     2.000000   -20.000000     10     12     16      22      498     30
      70     2.000000   -20.000000     10     12     22      22      473     31
      80     2.000000   -20.000000     10     25     27      22      447     32
      90     2.000000   -20.000000     10     25     33      22      558     33
     108     2.000000   -20.000000     10     30     44      22      173     33
B&B tree size: 1.4MB total

    Node     BestSoln    BestBound   Sols Active  Depth     Gap     GInf   Time
     208     2.000000   -20.000000     10     74     37      22      460     39
     310     2.000000   -20.000000     10     96     13      22      359     44
     410     2.000000   -19.500000     10    106     13    21.5      513     48
     510     2.000000   -19.000000     10    108     15      21      333     50
     610     2.000000   -18.833333     10    108     33 20.8333      379     52
     717     2.000000   -18.469070     10    110     29 20.4691      227     54
     817     2.000000   -18.000000     10    106     20      20      338     55
     917     2.000000   -18.000000     10    123     18      20      322     56
    1018     2.000000   -17.750000     10    128     37   19.75      369     57
    1119     2.000000   -17.333333     10    126     36 19.3333      460     59
    1220     2.000000   -17.000000     10    125     50      19      170     60
    1320     2.000000   -16.161709     10    132     29 18.1617      286     61
    1421     2.000000   -16.000000     10    154     56      18      118     62
*   1494    -2.000000   -15.600000     11    169     55   87.18%       0     63
    1522    -2.000000   -15.500000     11    169     51   87.10%      91     63
    1623    -2.000000   -15.380653     11    195     43   87.00%     191     64
    1725    -2.000000   -15.000000     11    212     44   86.67%     111     64
    1825    -2.000000   -15.000000     11    222     42   86.67%     253     65
*   1839    -3.000000   -15.000000     12    225     50   80.00%       0     65
    1927    -3.000000   -14.500000     12    218     50   79.31%     270     66
B&B tree size: 4.8MB total

    Node     BestSoln    BestBound   Sols Active  Depth     Gap     GInf   Time
    2027    -3.000000   -14.500000     12    239     50   79.31%     184     66
    2127    -3.000000   -14.000000     12    249     55   78.57%     117     67
    2228    -3.000000   -14.000000     12    254     54   78.57%      77     68
*   2267    -4.000000   -14.000000     13    263     48   71.43%       0     68
    2329    -4.000000   -14.000000     13    245     40   71.43%     222     68
*   2384    -5.000000   -14.000000     14    257     51   64.29%       0     69
    2429    -5.000000   -14.000000     14    239     55   64.29%      97     69
    2531    -5.000000   -13.800000     14    252     54   63.77%     189     69
    2636    -5.000000   -13.166667     14    251     49   62.03%     153     70
    2742    -5.000000   -13.000000     14    260     56   61.54%     143     70
    2845    -5.000000   -13.000000     14    265     58   61.54%     254     71
    2945    -5.000000   -13.000000     14    267     64   61.54%     142     72
    3046    -5.000000   -13.000000     14    270     48   61.54%     110     72
    3147    -5.000000   -13.000000     14    289     47   61.54%     165     73
    3247    -5.000000   -13.000000     14    301     49   61.54%     132     73
    3347    -5.000000   -12.500000     14    302     54   60.00%      66     73
    3453    -5.000000   -12.000000     14    307     57   58.33%      34     74
    3559    -5.000000   -12.000000     14    306     58   58.33%     107     75
    3659    -5.000000   -12.000000     14    322     60   58.33%      66     75
    3759    -5.000000   -12.000000     14    337     51   58.33%      89     76
B&B tree size: 8.3MB total

    Node     BestSoln    BestBound   Sols Active  Depth     Gap     GInf   Time
    3862    -5.000000   -12.000000     14    340     52   58.33%     133     77
    3964    -5.000000   -12.000000     14    339     52   58.33%     135     77
    4067    -5.000000   -12.000000     14    354     48   58.33%      90     78
    4167    -5.000000   -12.000000     14    362     57   58.33%      75     79
    4269    -5.000000   -12.000000     14    356     51   58.33%      78     79
    4369    -5.000000   -11.750000     14    362     52   57.45%     239     80
    4473    -5.000000   -11.500000     14    372     61   56.52%      85     80
    4578    -5.000000   -11.499723     14    360     59   56.52%      71     81
    4679    -5.000000   -11.000000     14    375     59   54.55%      94     81
    4781    -5.000000   -11.000000     14    386     64   54.55%     135     82
    4882    -5.000000   -11.000000     14    400     66   54.55%     136     83
    4983    -5.000000   -11.000000     14    419     56   54.55%     170     84
    5086    -5.000000   -11.000000     14    424     58   54.55%      87     85
    5186    -5.000000   -11.000000     14    422     59   54.55%     146     85
    5290    -5.000000   -11.000000     14    430     57   54.55%     129     86
    5393    -5.000000   -11.000000     14    432     57   54.55%      59     87
    5494    -5.000000   -11.000000     14    431     58   54.55%      89     87
    5594    -5.000000   -11.000000     14    432     52   54.55%      79     88
    5695    -5.000000   -11.000000     14    428     56   54.55%     157     88
    5798    -5.000000   -10.750000     14    426     57   53.49%     138     89
B&B tree size: 11MB total

    Node     BestSoln    BestBound   Sols Active  Depth     Gap     GInf   Time
    5898    -5.000000   -10.500000     14    410     53   52.38%     119     89
    5999    -5.000000   -10.266667     14    396     54   51.30%     112     90
    6100    -5.000000   -10.000000     14    393     64   50.00%     165     90
    6200    -5.000000   -10.000000     14    390     64   50.00%     208     91
    6306    -5.000000   -10.000000     14    385     61   50.00%     154     92
    6406    -5.000000   -10.000000     14    390     62   50.00%     123     92
    6510    -5.000000   -10.000000     14    378     59   50.00%     137     93
    6617    -5.000000   -10.000000     14    366     52   50.00%     123     93
    6720    -5.000000   -10.000000     14    352     55   50.00%      80     94
    6820    -5.000000    -9.833333     14    330     54   49.15%      99     94
    6925    -5.000000    -9.500000     14    328     60   47.37%     151     95
    7030    -5.000000    -9.375000     14    292     56   46.67%      99     95
    7133    -5.000000    -9.000000     14    281     76   44.44%     184     96
    7237    -5.000000    -9.000000     14    261     61   44.44%      97     96
    7338    -5.000000    -9.000000     14    236     59   44.44%      34     97
    7440    -5.000000    -9.000000     14    204     60   44.44%     106     97
    7544    -5.000000    -8.500000     14    176     62   41.18%      57     98
    7646    -5.000000    -8.000000     14    144     57   37.50%      77     98
    7747    -5.000000    -7.500000     14     95     86   33.33%     135     98
    7849    -5.000000    -7.000000     14     49     50   28.57%      49     98
 *** Search completed ***     Time:    99 Nodes:       7917
Number of integer feasible solutions found is 14
Best integer solution found is    -5.000000
Best bound is    -5.000000
Uncrunching matrix
Objective value = -5.00000000001
Best Bound = -5.000000000005489830812166
Nodes explored = 7917
file3

@04 1527307248
@05 7200

Read MPS: 1
MIP has 9013 vars and 5996 constraints
Read SOL: 1
Objective value computed by solver: -5

Integrality tolerance: 1/10000
Linear tolerance: 1/10000
Objective tolerance: 1/10000

Check SOL: Integrality 1 Constraints 1 Objective 1
Maximum violations: Integrality 1.52122e-11 Constraints 1.28096e-07 Objective 2.19309e-16

-----------------------------
Fri May 25 21:00:48 MST 2018
-----------------------------

=ready=
