@01 instances/benchmark/bab5.mps ===========
-----------------------------
Fri May 25 12:07:57 MST 2018
-----------------------------
@03 1527275277
FICO Xpress Solver 64bit v8.5.1 May 21 2018
(c) Copyright Fair Isaac Corporation 1983-2017. All rights reserved
 Optimizer v33.01.03    [/home/beck/xpressmp/lib/libxprs.so.33.01.03]
 Knitro 10.2.1          [/home/beck/xpressmp/lib/libxknitro.so]
MAXTIME=-7200
CPUTIME=0
THREADS=1
MIPRELCUTOFF=0
MIPRELSTOP=0

Reading Problem bab5
Problem Statistics
        4965 (      0 spare) rows
       21600 (      0 spare) structural columns
      167848 (      0 spare) non-zero elements
Global Statistics
       21600 entities        0 sets        0 set members
FICO Xpress v8.5.1, solve started 12:07:58, May 25, 2018
Minimizing MILP bab5
Original problem has:
      4965 rows        21600 cols       167848 elements     21600 globals
Presolved problem has:
      4672 rows        20855 cols        65802 elements     20855 globals
LP relaxation tightened
Symmetric problem: generators: 2, support set: 1786
 Number of orbits: 893, largest orbit: 2
 Row orbits: 62, row support: 124
Will try to keep branch and bound tree memory usage below 14.7GB
Crash basis containing 2 structural columns created

   Its         Obj Value      S   Ninf  Nneg   Sum Dual Inf  Time
     0      -1783062.122      D   3404     0        .000000     0
 18100      -116585.3220      P      0     0        .000000     1
 18100      -116585.3220      P      0     0        .000000     1
Optimal solution found
Dual solved problem
  18100 simplex iterations in 1s

Final objective                         : -1.165853220325000e+05
  Max primal violation      (abs / rel) : 3.608e-15 / 3.608e-15
  Max dual violation        (abs / rel) : 7.390e-13 / 7.390e-13
  Max complementarity viol. (abs / rel) :       0.0 /       0.0
All values within tolerances

Starting root cutting & heuristics

 Its Type    BestSoln    BestBound   Sols    Add    Del     Gap     GInf   Time
   1  K               -114060.1552      0    309      0              208      1
   2  K               -113125.0638      0    461    278              323      2
   3  K               -112295.0478      0    331    444              284      2
   4  K               -112105.4237      0    325    329              245      3
   5  K               -111804.9286      0    524    317              356      3
   6  K               -111505.7694      0    502    519              330      4
   7  K               -111121.5235      0    522    491              424      5
   8  K               -111033.0250      0    565    522              333      5
   9  K               -110634.6700      0    345    555              456      6
  10  K               -110497.4355      0    520    316              598      6
  11  K               -110420.8607      0    471    503              569      6
  12  K               -110197.9392      0    440    453              582      7
  13  K               -109372.7809      0    847    459              622      8
  14  K               -109262.4045      0    206    793              550      8
  15  K               -109211.4670      0    670    236              578      8
  16  K               -109191.2438      0    292    643              591      9
  17  K               -109190.7550      0    590    297              596      9
  18  K               -109184.3303      0    256    560              656      9
  19  K               -109169.4979      0    249    277              575      9
  20  K               -109124.4417      0    451    229              594      9
  21  K               -109044.5320      0    172    439              605     10
  22  K               -109015.2448      0    335    216              578     10
  23  K               -108976.8936      0    349    306              601     10
  24  K               -108972.7052      0    314    345              509     10
  25  K               -108954.7459      0     42    296              468     11
  26  K               -108921.7932      0    425     73              586     11
  27  K               -108912.5231      0    454    396              561     11
  28  K               -108887.0615      0    275    461              625     11
  29  K               -108829.6947      0    222    268              649     12
  30  K               -108817.6637      0    640    252              639     12
  31  K               -108733.2254      0    716    626              639     13
  32  K               -108718.5556      0    811    728              725     13
  33  K               -108702.7248      0    486    766              605     14
  34  K               -108698.0846      0    243    474              671     14
  35  K               -108693.4240      0    211    253              692     14
  36  K               -108691.4480      0    574    214              682     14
  37  K               -108687.3640      0     93    556              710     15
  38  K               -108682.2309      0    629    103              727     15
  39  K               -108681.8481      0     83    611              713     15
  40  K               -108681.6557      0    310    101              677     15
  41  K               -108681.2891      0     86    311              688     15
  42  K               -108681.1398      0     66     88              644     16
  43  K               -108681.1376      0    588     70              714     16
  44  K               -108680.7476      0     13    579              638     16
  45  K               -108671.0865      0    490     24              684     16
  46  K               -108669.1774      0    118    476              704     16
  47  K               -108669.1758      0     42    126              645     16
  48  K               -108669.1758      0    429     43              637     17
  49  K               -108669.1735      0     76    416              638     17
  50  K               -108669.1735      0      0     74              635     17
Heuristic search started
R        -101172.4452 -108669.1735      1                  6.90%       0     18
R        -102056.1542 -108669.1735      2                  6.09%       0     18
R        -103893.2246 -108669.1735      3                  4.39%       0     18
R        -105477.3916 -108669.1735      4                  2.94%       0     18
Heuristic search stopped

Cuts in the matrix         : 256
Cut elements in the matrix : 66581

Starting tree search.
Deterministic mode with up to 1 running thread and up to 1 task.

    Node     BestSoln    BestBound   Sols Active  Depth     Gap     GInf   Time
       1 -105477.3916 -108625.8528      4      2      1    2.90%     635     21
       2 -105477.3916 -108625.3527      4      2      3    2.90%     709     21
       3 -105477.3916 -108625.3527      4      2      3    2.90%     614     22
       4 -105477.3916 -108466.8598      4      2      4    2.76%     525     23
       6 -105477.3916 -108313.8755      4      3      5    2.62%     614     24
       7 -105477.3916 -108292.9203      4      3      6    2.60%     551     24
       8 -105477.3916 -108035.9271      4      4      3    2.37%     483     26
       9 -105477.3916 -108035.9271      4      5      4    2.37%     458     26
      10 -105477.3916 -108035.9271      4      6      5    2.37%     404     27
      21 -105477.3916 -107572.7208      4      9     14    1.95%     262     39
      31 -105477.3916 -107572.7208      4     12     11    1.95%     551     44
      41 -105477.3916 -107523.0911      4     14     18    1.90%     308     51
      51 -105477.3916 -107304.8661      4     19     17    1.70%     305     60
      61 -105477.3916 -107304.8661      4     22     14    1.70%     472     67
      71 -105477.3916 -107041.0853      4     27     21    1.46%     192     77
      81 -105477.3916 -107031.4512      4     28     18    1.45%     279     84
      91 -105477.3916 -106994.2227      4     31     10    1.42%     547     88
     101 -105477.3916 -106994.2227      4     32     14    1.42%     296     96
     201 -105477.3916 -106966.1087      4     70     35    1.39%     367    140
B&B tree size: 251MB total

    Node     BestSoln    BestBound   Sols Active  Depth     Gap     GInf   Time
     301 -105477.3916 -106928.5171      4    128     28    1.36%     369    196
     403 -105477.3916 -106918.2533      4    170     40    1.35%      73    248
     506 -105477.3916 -106907.5480      4    236     38    1.34%     108    287
b    511 -106048.7266 -106907.5480      5    236     43    0.80%       0    288
*    516 -106074.3185 -106907.5480      6    236     46    0.78%       0    288
     662 -106074.3185 -106907.5480      6    105      1    0.78%       1    288
     762 -106074.3185 -106900.4041      6    128     24    0.77%     208    326
     862 -106074.3185 -106898.0950      6    154      8    0.77%     497    365
     962 -106074.3185 -106881.7796      6    187     37    0.76%     272    417
    1062 -106074.3185 -106875.4398      6    215     25    0.75%     330    446
    1162 -106074.3185 -106868.9161      6    239     24    0.74%     256    487
    1262 -106074.3185 -106864.9259      6    273     48    0.74%     329    511
    1363 -106074.3185 -106859.9415      6    303     30    0.74%     372    551
    1463 -106074.3185 -106855.1463      6    337     22    0.73%     371    598
    1566 -106074.3185 -106853.0421      6    369     30    0.73%     172    635
    1667 -106074.3185 -106851.4276      6    403     40    0.73%     239    676
    1767 -106074.3185 -106847.3341      6    424     32    0.72%     254    712
    1867 -106074.3185 -106842.9401      6    454     57    0.72%     265    767
    1973 -106074.3185 -106841.6778      6    484     71    0.72%     311    800
    2075 -106074.3185 -106839.1037      6    508     36    0.72%     186    841
B&B tree size: 1.1GB total

    Node     BestSoln    BestBound   Sols Active  Depth     Gap     GInf   Time
    2176 -106074.3185 -106835.1675      6    542     32    0.71%     302    874
b   2217 -106095.7652 -106833.6352      7    554     52    0.69%       0    887
    2278 -106095.7652 -106832.4604      7    550     68    0.69%     245    895
R   2358 -106113.8921 -106830.3078      8    568     28    0.67%       0    926
R   2358 -106128.3861 -106830.3078      9    568     28    0.66%       0    926
    2408 -106128.3861 -106830.3078      9    524      1    0.66%       1    927
    2508 -106128.3861 -106827.6203      9    551     38    0.65%     319    960
    2611 -106128.3861 -106825.1149      9    576     56    0.65%     253    993
    2711 -106128.3861 -106822.0438      9    600     37    0.65%     337   1028
    2812 -106128.3861 -106819.4033      9    645     56    0.65%     334   1069
    2913 -106128.3861 -106816.3133      9    673     34    0.64%     294   1120
    3013 -106128.3861 -106815.6141      9    702     59    0.64%     350   1157
    3114 -106128.3861 -106813.4174      9    721     66    0.64%     328   1193
    3214 -106128.3861 -106810.4988      9    744     42    0.64%     246   1229
    3314 -106128.3861 -106807.7616      9    761     30    0.64%     367   1267
R   3407 -106183.4051 -106804.9061     10    785     59    0.58%       0   1314
    3414 -106183.4051 -106804.9061     10    785     64    0.58%     321   1317
    3514 -106183.4051 -106804.9061     10    694     37    0.58%     300   1320
    3615 -106183.4051 -106803.2059     10    718     36    0.58%     270   1371
b   3712 -106292.4511 -106799.0692     11    731     40    0.47%       0   1410
B&B tree size: 1.7GB total

    Node     BestSoln    BestBound   Sols Active  Depth     Gap     GInf   Time
    3717 -106292.4511 -106799.0692     11    731     42    0.47%      32   1410
    3883 -106292.4511 -106799.0692     11    570      1    0.47%       1   1410
    3983 -106292.4511 -106798.7204     11    582     43    0.47%     273   1438
    4083 -106292.4511 -106794.3494     11    602     52    0.47%     347   1471
    4183 -106292.4511 -106792.3777     11    620     79    0.47%     330   1513
    4283 -106292.4511 -106789.5260     11    636     63    0.47%     399   1550
    4383 -106292.4511 -106787.6149     11    650     35    0.46%     240   1587
    4483 -106292.4511 -106785.5575     11    668     38    0.46%     357   1615
    4583 -106292.4511 -106783.5249     11    681     40    0.46%     399   1658
    4683 -106292.4511 -106780.7265     11    695     60    0.46%     394   1697
    4784 -106292.4511 -106778.8528     11    711     52    0.46%     339   1734
    4884 -106292.4511 -106777.6109     11    735     34    0.45%     276   1777
    4984 -106292.4511 -106775.2330     11    743     37    0.45%     200   1816
    5086 -106292.4511 -106773.5063     11    762     72    0.45%     299   1862
    5186 -106292.4511 -106772.0345     11    782     51    0.45%     319   1901
    5287 -106292.4511 -106769.3058     11    797     61    0.45%     400   1936
    5388 -106292.4511 -106767.8878     11    807     32    0.45%     351   1964
    5488 -106292.4511 -106767.7536     11    820     76    0.45%     306   2000
    5590 -106292.4511 -106766.0798     11    831     56    0.44%     257   2026
    5690 -106292.4511 -106764.7108     11    844     41    0.44%     364   2052
B&B tree size: 2.4GB total

    Node     BestSoln    BestBound   Sols Active  Depth     Gap     GInf   Time
    5794 -106292.4511 -106763.2776     11    856     74    0.44%     260   2083
    5895 -106292.4511 -106761.3617     11    877     37    0.44%     245   2117
    5997 -106292.4511 -106759.5224     11    900     44    0.44%     228   2155
    6097 -106292.4511 -106758.7682     11    914     50    0.44%     284   2193
    6197 -106292.4511 -106757.7503     11    933     54    0.44%     265   2231
    6298 -106292.4511 -106756.4019     11    948     28    0.43%     329   2255
    6399 -106292.4511 -106754.7480     11    964     51    0.43%     274   2295
    6502 -106292.4511 -106754.2805     11    978     87    0.43%     141   2329
    6602 -106292.4511 -106752.5856     11    991     35    0.43%     165   2360
    6702 -106292.4511 -106751.5144     11   1003     59    0.43%     262   2392
    6802 -106292.4511 -106750.4480     11   1021     37    0.43%     294   2426
    6903 -106292.4511 -106748.3914     11   1037     34    0.43%     243   2453
    7004 -106292.4511 -106747.2326     11   1056     44    0.43%     254   2484
    7104 -106292.4511 -106745.1896     11   1063     46    0.42%     195   2509
    7205 -106292.4511 -106743.2804     11   1080     38    0.42%     192   2546
    7306 -106292.4511 -106742.8781     11   1097     60    0.42%     349   2577
    7406 -106292.4511 -106740.1888     11   1111     50    0.42%     324   2612
    7507 -106292.4511 -106739.0220     11   1125     70    0.42%     361   2644
    7607 -106292.4511 -106737.0991     11   1144     22    0.42%     362   2676
    7709 -106292.4511 -106736.5412     11   1152     42    0.42%     338   2701
B&B tree size: 3.4GB total

    Node     BestSoln    BestBound   Sols Active  Depth     Gap     GInf   Time
    7809 -106292.4511 -106735.3635     11   1168     58    0.41%     239   2732
    7910 -106292.4511 -106733.8932     11   1179     53    0.41%     366   2761
    8011 -106292.4511 -106732.9927     11   1189     34    0.41%     222   2787
    8111 -106292.4511 -106732.1665     11   1204     58    0.41%     225   2814
*   8137 -106307.4081 -106731.9733     12   1208     84    0.40%       0   2825
    8213 -106307.4081 -106731.8210     12   1163     50    0.40%     333   2828
    8314 -106307.4081 -106730.9962     12   1174     32    0.40%     264   2863
    8414 -106307.4081 -106729.5105     12   1192     36    0.40%     426   2903
    8514 -106307.4081 -106727.4116     12   1216     54    0.39%     308   2931
    8615 -106307.4081 -106726.5106     12   1234     62    0.39%     344   2975
    8715 -106307.4081 -106724.8792     12   1258     71    0.39%     310   3010
    8816 -106307.4081 -106724.3362     12   1265     80    0.39%     364   3041
    8919 -106307.4081 -106722.9881     12   1283     58    0.39%     306   3069
    9021 -106307.4081 -106722.1709     12   1295     71    0.39%     266   3096
    9121 -106307.4081 -106721.6692     12   1309     55    0.39%     395   3119
    9221 -106307.4081 -106719.5850     12   1326     67    0.39%     291   3157
    9321 -106307.4081 -106718.3519     12   1342     45    0.39%     296   3183
    9421 -106307.4081 -106717.2377     12   1355     31    0.38%     216   3213
    9521 -106307.4081 -106716.8582     12   1367     71    0.38%     352   3240
    9622 -106307.4081 -106715.4258     12   1380     40    0.38%     317   3269
B&B tree size: 4.2GB total

    Node     BestSoln    BestBound   Sols Active  Depth     Gap     GInf   Time
    9722 -106307.4081 -106714.3162     12   1391     30    0.38%     203   3293
    9822 -106307.4081 -106713.8895     12   1409     47    0.38%     244   3334
    9922 -106307.4081 -106713.0802     12   1415     42    0.38%     404   3358
   10022 -106307.4081 -106712.6272     12   1425     76    0.38%     270   3384
   11023 -106307.4081 -106704.1883     12   1545     62    0.37%     275   3677
   12024 -106307.4081 -106693.5248     12   1662     64    0.36%     390   3946
   13024 -106307.4081 -106685.5343     12   1795     50    0.35%     190   4225
b  13454 -106361.3390 -106681.8707     13   1844     93    0.30%       0   4348
*  13454 -106361.3391 -106681.8707     14   1844     93    0.30%       0   4348
   14025 -106361.3391 -106679.8588     14   1544     64    0.30%     342   4416
   15025 -106361.3391 -106668.9000     14   1625     78    0.29%     286   4689
   16025 -106361.3391 -106661.0296     14   1718     41    0.28%     214   4966
   17028 -106361.3391 -106653.1215     14   1799     84    0.27%     246   5220
   18030 -106361.3391 -106645.1971     14   1887     68    0.27%     206   5495
   19030 -106361.3391 -106638.9872     14   1982     72    0.26%     277   5755
   20031 -106361.3391 -106631.4001     14   2029     72    0.25%     276   6025
   21032 -106361.3391 -106622.9232     14   2093     59    0.25%     309   6269
   22032 -106361.3391 -106616.0432     14   2147     66    0.24%     337   6532
   23033 -106361.3391 -106610.7696     14   2214     92    0.23%     321   6795
   24033 -106361.3391 -106603.9777     14   2267     66    0.23%     393   7037
STOPPING - MAXTIME limit reached (MAXTIME=-7200  time=7200).
 *** Search unfinished ***    Time:  7200 Nodes:      24575
Number of integer feasible solutions found is 14
Best integer solution found is -106361.3391
Best bound is -106600.8564
Objective value = -106361.339104
Best Bound = -106600.8564439218171173707
Nodes explored = 24575
file3

@04 1527282478
@05 7200

Read MPS: 1
MIP has 21600 vars and 4964 constraints
Read SOL: 1
Objective value computed by solver: -106361

Integrality tolerance: 1/10000
Linear tolerance: 1/10000
Objective tolerance: 1/10000

Check SOL: Integrality 1 Constraints 1 Objective 1
Maximum violations: Integrality 1.53596e-07 Constraints 1.53596e-07 Objective 5.43608e-12

-----------------------------
Fri May 25 14:07:59 MST 2018
-----------------------------

=ready=
