@01 instances/miplib2010/dfn-gwin-UUM.mps.gz ===========
-----------------------------
Wed Dec  7 13:26:51 MST 2016
-----------------------------
@03 1481142411
FICO Xpress-Optimizer 64-bit v30.01.03 (Hyper64 capacity)
FICO Xpress-SLP release version 30.01.03 Dec  2 2016
(c) Copyright Fair Isaac Corporation 1983-2017. All rights reserved
Xpress-Nonlinear Knitro 10.0.0 extension
Using Xpress-Optimizer [/home/beck/math/opt/xpressmp/lib/libxprs.so.30.01.03]
Using Xpress-SLP       [/home/beck/math/opt/xpressmp/lib/libxslp.so]
Using Knitro           [/home/beck/math/opt/xpressmp/lib/libxknitro.so]
MAXTIME=-7200
CPUTIME=0
THREADS=1
MIPRELSTOP=0

Reading Problem dfn-gwin-UUM
Problem Statistics
         159 (      0 spare) rows
         938 (      0 spare) structural columns
        2723 (      0 spare) non-zero elements
Global Statistics
          90 entities        0 sets        0 set members
Minimizing MILP dfn-gwin-UUM
Original problem has:
       159 rows          938 cols         2723 elements        90 globals
Presolved problem has:
       156 rows          936 cols         2628 elements        90 globals
Will try to keep branch and bound tree memory usage below 18.0Gb
Crash basis containing 1 structural columns created

   Its         Obj Value      S   Ninf  Nneg   Sum Dual Inf  Time
     0       2400.000000      D     66     0        .000000     0
   577       27467.25723      P      0     0        .000000     0
Optimal solution found
Dual solved problem
  577 simplex iterations in 0s

Final objective                         : 2.746725723472669e+04
  Max primal violation      (abs / rel) :       0.0 /       0.0
  Max dual violation        (abs / rel) :       0.0 /       0.0
  Max complementarity viol. (abs / rel) :       0.0 /       0.0
All values within tolerances

Starting root cutting & heuristics

 Its Type    BestSoln    BestBound   Sols    Add    Del     Gap     GInf   Time
c         78072.00000  27467.25723      1                 64.82%       0      0
   1  K   78072.00000  33226.33452      1     96      0   57.44%      45      0
   2  K   78072.00000  33672.98699      1     81     41   56.87%      33      0
   3  K   78072.00000  34100.93935      1     82     61   56.32%      35      0
   4  K   78072.00000  34447.56872      1    103     69   55.88%      43      0
   5  K   78072.00000  34630.66995      1     94     90   55.64%      46      0
   6  K   78072.00000  34839.38893      1     96     85   55.38%      49      0
   7  K   78072.00000  34873.30721      1     81     89   55.33%      49      0
   8  K   78072.00000  34895.07150      1     89     72   55.30%      55      0
   9  K   78072.00000  34920.61551      1     70     82   55.27%      52      0
  10  K   78072.00000  34937.76091      1     81     71   55.25%      53      0
  11  K   78072.00000  34960.65953      1     77     81   55.22%      53      0
  12  K   78072.00000  34985.05147      1     79     70   55.19%      55      0
  13  K   78072.00000  35007.43089      1     76     79   55.16%      57      0
  14  K   78072.00000  35025.93484      1     79     73   55.14%      57      0
  15  K   78072.00000  35041.61954      1     69     78   55.12%      55      0
  16  K   78072.00000  35048.33678      1     77     72   55.11%      55      0
  17  K   78072.00000  35060.58951      1     55     71   55.09%      55      0
  18  K   78072.00000  35077.43462      1     74     54   55.07%      57      0
  19  K   78072.00000  35082.68742      1     64     66   55.06%      57      0
  20  K   78072.00000  35091.16207      1     74    128   55.05%      57      0
  21  G   78072.00000  35103.32832      1      7      2   55.04%      55      0
  22  G   78072.00000  35112.18438      1     26     43   55.03%      56      0
Heuristic search started
R         66204.00000  35112.18438      2                 46.96%       0      0
R         50264.00000  35112.18438      3                 30.14%       0      0
R         47916.00000  35112.18438      4                 26.72%       0      0
R         44164.00000  35112.18438      5                 20.50%       0      0
R         42460.00000  35112.18438      6                 17.31%       0      0
R         42216.00000  35112.18438      7                 16.83%       0      0
R         39900.00000  35112.18438      8                 12.00%       0      0
Heuristic search stopped
M         39848.00000  35112.18438      9                 11.88%       0      0

Cuts in the matrix         : 153
Cut elements in the matrix : 4556

Starting tree search.
Deterministic mode with up to 1 running thread and up to 1 task.

    Node     BestSoln    BestBound   Sols Active  Depth     Gap     GInf   Time
       1  39848.00000  35114.48529      9      2      1   11.88%      56      1
       2  39848.00000  35114.51725      9      2      3   11.88%      55      1
       3  39848.00000  35126.94858      9      3      4   11.85%      55      1
       4  39848.00000  35141.42949      9      4      5   11.81%      41      1
       5  39848.00000  35204.64185      9      5      6   11.65%      51      1
       6  39848.00000  35206.74235      9      6      7   11.65%      46      1
       7  39848.00000  35209.57186      9      7      8   11.64%      45      1
       8  39848.00000  35235.37153      9      8      7   11.58%      40      1
       9  39848.00000  35235.37153      9      9      8   11.58%      38      1
      10  39848.00000  35235.37153      9     10      9   11.58%      39      1
      20  39848.00000  35320.83998      9     19     12   11.36%      41      1
      33  39848.00000  35320.83998      9     23     22   11.36%      24      1
      50  39848.00000  35320.83998      9     23     31   11.36%      19      1
      70  39848.00000  35399.74461      9     34     20   11.16%      13      1
      88  39848.00000  35402.20308      9     41     22   11.16%      10      1
      99  39848.00000  35412.75614      9     46     13   11.13%      26      1
     112  39848.00000  35435.46202      9     52     19   11.07%      24      1
     212  39848.00000  35501.74340      9     97     17   10.91%      32      2
d    313  39604.00000  35579.45298     10    136     32   10.16%       0      2
B&B tree size: 2.0Mb total

    Node     BestSoln    BestBound   Sols Active  Depth     Gap     GInf   Time
     317  39604.00000  35579.45298     10    136     33   10.16%       1      2
     423  39604.00000  35622.14453     10    164     31   10.05%       5      3
     523  39604.00000  35797.67064     10    203     19    9.61%      32      3
     636  39604.00000  35910.39785     10    243     32    9.33%      23      3
     737  39604.00000  35978.67242     10    283     32    9.15%       6      4
     838  39604.00000  36017.29458     10    313     29    9.06%      10      4
     946  39604.00000  36067.34177     10    362     30    8.93%      18      5
    1046  39604.00000  36134.69315     10    401     24    8.76%      21      5
    1147  39604.00000  36159.73042     10    440     13    8.70%      30      5
    1249  39604.00000  36200.96794     10    473     21    8.59%       4      6
    1352  39604.00000  36239.09536     10    509     21    8.50%      22      6
    1454  39604.00000  36255.82132     10    537     38    8.45%       7      6
    1555  39604.00000  36275.01795     10    577     30    8.41%      21      7
    1655  39604.00000  36290.69028     10    622     38    8.37%       6      7
    1758  39604.00000  36330.19410     10    653     41    8.27%      18      7
    1860  39604.00000  36351.41932     10    685     32    8.21%      12      8
    1960  39604.00000  36375.03000     10    721     41    8.15%       4      8
    2064  39604.00000  36401.47187     10    764     33    8.09%      18      8
    2165  39604.00000  36403.61694     10    796     16    8.08%      19      9
    2276  39604.00000  36426.30064     10    828     26    8.02%      10      9
B&B tree size: 14Mb total

    Node     BestSoln    BestBound   Sols Active  Depth     Gap     GInf   Time
    2377  39604.00000  36453.60322     10    868     20    7.95%      42      9
    2478  39604.00000  36490.60462     10    900     26    7.86%      36     10
    2586  39604.00000  36498.85714     10    935     24    7.84%      11     10
    2686  39604.00000  36506.42200     10    969     16    7.82%      29     10
    2786  39604.00000  36519.52158     10   1008     46    7.79%       8     10
    2888  39604.00000  36537.54535     10   1037     35    7.74%      23     11
    2988  39604.00000  36565.34939     10   1080     18    7.67%      15     11
    3088  39604.00000  36587.37222     10   1108     38    7.62%      12     11
    3191  39604.00000  36592.72233     10   1143     19    7.60%      14     12
    3294  39604.00000  36596.40729     10   1165     31    7.59%       9     12
    3405  39604.00000  36601.99545     10   1206     32    7.58%      12     12
    3508  39604.00000  36606.71429     10   1237     27    7.57%      29     12
R   3512  39316.00000  36607.59971     11   1237     12    6.89%       0     12
    3638  39316.00000  36614.94031     11   1114      1    6.87%       1     12
    3745  39316.00000  36625.10023     11   1143     27    6.84%      17     13
    3849  39316.00000  36635.92028     11   1173     28    6.82%      16     13
    3949  39316.00000  36641.90817     11   1210     24    6.80%      12     13
    4053  39316.00000  36647.97144     11   1232     30    6.79%      21     14
    4154  39316.00000  36662.24529     11   1265     33    6.75%      19     14
    4256  39316.00000  36680.22860     11   1299     37    6.70%      24     14
B&B tree size: 24Mb total

    Node     BestSoln    BestBound   Sols Active  Depth     Gap     GInf   Time
    4357  39316.00000  36682.78270     11   1341     40    6.70%       5     14
    4461  39316.00000  36685.32274     11   1373     43    6.69%       4     15
    4566  39316.00000  36694.82951     11   1411     28    6.67%       8     15
    4667  39316.00000  36713.71584     11   1449     35    6.62%      21     15
    4767  39316.00000  36721.31726     11   1478     26    6.60%      17     15
    4873  39316.00000  36733.11467     11   1508     21    6.57%      26     16
    4985  39316.00000  36739.52831     11   1541     37    6.55%       2     16
    5085  39316.00000  36742.06941     11   1573     43    6.55%       6     16
    5185  39316.00000  36749.67808     11   1601     32    6.53%      15     16
    5285  39316.00000  36759.36087     11   1621     19    6.50%      16     17
    5388  39316.00000  36774.92223     11   1652     23    6.46%      12     17
    5492  39316.00000  36778.76796     11   1678     35    6.45%      12     17
    5599  39316.00000  36798.55871     11   1703     34    6.40%      25     17
    5699  39316.00000  36813.49268     11   1727     36    6.37%      10     18
    5803  39316.00000  36826.00452     11   1745     34    6.33%      14     18
    5915  39316.00000  36839.58734     11   1765     49    6.30%       7     18
    6015  39316.00000  36848.22445     11   1788     48    6.28%       5     18
    6139  39316.00000  36856.49293     11   1818     44    6.26%       3     19
    6239  39316.00000  36871.89307     11   1855     48    6.22%       3     19
    6350  39316.00000  36875.45127     11   1882     31    6.21%      11     19
B&B tree size: 36Mb total

    Node     BestSoln    BestBound   Sols Active  Depth     Gap     GInf   Time
    6456  39316.00000  36883.16364     11   1909     31    6.19%      11     19
    6559  39316.00000  36892.24887     11   1942     24    6.16%      22     20
    6659  39316.00000  36894.17934     11   1962     43    6.16%      18     20
    6760  39316.00000  36900.41565     11   2005     18    6.14%      33     20
    6865  39316.00000  36908.19585     11   2035     33    6.12%      18     20
    6968  39316.00000  36915.67526     11   2068     29    6.11%      21     20
    7068  39316.00000  36917.21996     11   2094     26    6.10%       8     21
    7172  39316.00000  36924.76680     11   2126     41    6.08%      13     21
    7285  39316.00000  36929.16951     11   2173     54    6.07%       8     21
    7403  39316.00000  36939.99796     11   2205     40    6.04%       3     21
    7506  39316.00000  36949.71830     11   2245     30    6.02%      37     22
    7609  39316.00000  36956.51226     11   2282     33    6.00%      25     22
    7714  39316.00000  36960.63163     11   2309     31    5.99%      20     22
    7820  39316.00000  36968.70422     11   2342     47    5.97%      10     22
    7920  39316.00000  36978.79350     11   2374     37    5.94%       8     22
    8027  39316.00000  36981.58045     11   2398     44    5.94%       3     23
    8130  39316.00000  36986.76992     11   2439     25    5.92%      30     23
    8230  39316.00000  36988.61270     11   2469     28    5.92%      25     23
    8336  39316.00000  36995.19497     11   2501     32    5.90%      19     23
    8438  39316.00000  37000.84324     11   2523     34    5.89%      17     24
B&B tree size: 47Mb total

    Node     BestSoln    BestBound   Sols Active  Depth     Gap     GInf   Time
    8539  39316.00000  37004.23672     11   2562     28    5.88%      27     24
    8641  39316.00000  37009.15356     11   2591     48    5.87%       8     24
    8753  39316.00000  37016.08794     11   2624     26    5.85%      15     24
    8862  39316.00000  37023.50868     11   2663     37    5.83%      11     25
    8969  39316.00000  37028.47773     11   2696     29    5.82%      29     25
    9076  39316.00000  37031.71210     11   2719     35    5.81%       7     25
    9179  39316.00000  37038.26610     11   2743     28    5.79%      23     25
    9288  39316.00000  37043.17609     11   2773     40    5.78%      10     26
    9397  39316.00000  37048.28307     11   2794     38    5.77%      18     26
    9500  39316.00000  37054.51238     11   2825     34    5.75%       8     26
    9601  39316.00000  37066.47826     11   2857     39    5.72%       5     27
    9708  39316.00000  37073.78297     11   2881     33    5.70%      13     27
    9809  39316.00000  37079.54771     11   2910     38    5.69%       6     27
    9917  39316.00000  37092.56030     11   2942     40    5.66%      13     27
   10018  39316.00000  37094.21250     11   2976     40    5.65%      11     27
   11018  39316.00000  37150.77608     11   3267     42    5.51%       8     30
   12019  39316.00000  37193.81787     11   3546     39    5.40%       3     32
d  12429  39200.00000  37207.59278     12   3655     39    5.08%       0     32
   13020  39200.00000  37222.54409     12   3578     34    5.04%      10     33
   14022  39200.00000  37266.32811     12   3845     35    4.93%       2     35
B&B tree size: 81Mb total

    Node     BestSoln    BestBound   Sols Active  Depth     Gap     GInf   Time
   15027  39200.00000  37299.19324     12   4096     47    4.85%       7     37
   16030  39200.00000  37330.47839     12   4379     27    4.77%      20     39
R  16350  39080.00000  37338.94002     13   4476     40    4.46%       0     39
   17030  39080.00000  37353.43239     13   4339     22    4.42%      33     40
   18033  39080.00000  37391.43468     13   4592     29    4.32%      17     42
   19036  39080.00000  37418.22693     13   4864     41    4.25%       9     43
   20040  39080.00000  37448.75343     13   5121     44    4.17%      16     45
   21040  39080.00000  37473.29956     13   5391     26    4.11%      10     47
   22040  39080.00000  37498.29222     13   5634     29    4.05%      17     49
   23042  39080.00000  37530.38251     13   5845     28    3.97%      11     50
   24050  39080.00000  37552.27749     13   6059     38    3.91%      10     52
E  24559  38752.00000  37567.37862     14   6176     37    3.06%       0     53
   25962  38752.00000  37567.37862     14   4778      1    3.06%       1     53
   26970  38752.00000  37595.43150     14   4946     33    2.98%      21     54
   27982  38752.00000  37618.28396     14   5153     38    2.93%      16     56
   28985  38752.00000  37644.41503     14   5330     39    2.86%       6     57
   29985  38752.00000  37671.65345     14   5486     45    2.79%       9     59
   30987  38752.00000  37695.18054     14   5687     21    2.73%      40     60
   31990  38752.00000  37715.45958     14   5862     31    2.67%      20     62
   32990  38752.00000  37735.86223     14   6019     33    2.62%      11     63
B&B tree size: 149Mb total

    Node     BestSoln    BestBound   Sols Active  Depth     Gap     GInf   Time
   33990  38752.00000  37755.68123     14   6191     46    2.57%      15     64
   34994  38752.00000  37772.37280     14   6358     47    2.53%      11     65
   36003  38752.00000  37790.90179     14   6527     28    2.48%      17     67
   37007  38752.00000  37807.75739     14   6702     40    2.44%      13     68
   38013  38752.00000  37822.24301     14   6857     65    2.40%      11     69
   39018  38752.00000  37839.33228     14   7021     36    2.36%      15     71
   40021  38752.00000  37855.52632     14   7172     54    2.31%      10     72
   41021  38752.00000  37868.96646     14   7301     22    2.28%      18     73
   42023  38752.00000  37884.18068     14   7444     57    2.24%       7     74
   43036  38752.00000  37897.64981     14   7574     60    2.20%       4     76
   44036  38752.00000  37909.38597     14   7724     29    2.17%      16     77
   45036  38752.00000  37920.88242     14   7858     44    2.14%       8     78
   46037  38752.00000  37931.18806     14   8004     52    2.12%      13     79
   47037  38752.00000  37942.32921     14   8155     28    2.09%      15     81
   48037  38752.00000  37955.00411     14   8260     29    2.06%      16     82
   49038  38752.00000  37967.62760     14   8369     41    2.02%       9     83
   50038  38752.00000  37979.32786     14   8545     35    1.99%      14     84
   51042  38752.00000  37989.38378     14   8685     27    1.97%       8     85
   52049  38752.00000  37999.95960     14   8798     51    1.94%       8     86
   53051  38752.00000  38009.28665     14   8939     61    1.92%       6     87
B&B tree size: 245Mb total

    Node     BestSoln    BestBound   Sols Active  Depth     Gap     GInf   Time
   54051  38752.00000  38018.10226     14   9064     52    1.89%      10     88
   55052  38752.00000  38026.90940     14   9199     44    1.87%       8     89
   56055  38752.00000  38037.66111     14   9298     52    1.84%       8     90
   57056  38752.00000  38046.86656     14   9431     53    1.82%       7     91
   58059  38752.00000  38054.64133     14   9562     35    1.80%      17     92
   59059  38752.00000  38064.08105     14   9666     43    1.78%      11     93
   60061  38752.00000  38072.71568     14   9773     32    1.75%      15     94
   61061  38752.00000  38080.93904     14   9868     45    1.73%      24     95
   62061  38752.00000  38089.20580     14   9994     57    1.71%      15     96
   63062  38752.00000  38097.67324     14  10100     52    1.69%      10     97
   64064  38752.00000  38105.07386     14  10178     32    1.67%      19     98
   65068  38752.00000  38112.08322     14  10302     56    1.65%      14     99
   66076  38752.00000  38119.27388     14  10415     46    1.63%      13    100
   67078  38752.00000  38125.04947     14  10547     58    1.62%      12    101
   68079  38752.00000  38132.46861     14  10645     28    1.60%      26    102
   69081  38752.00000  38140.53385     14  10672     38    1.58%      10    103
   70081  38752.00000  38146.38369     14  10740     20    1.56%      16    104
   71081  38752.00000  38153.64435     14  10809     55    1.54%       2    105
   72088  38752.00000  38159.89270     14  10891     57    1.53%       5    106
   73089  38752.00000  38167.28074     14  10962     48    1.51%       5    107
B&B tree size: 323Mb total

    Node     BestSoln    BestBound   Sols Active  Depth     Gap     GInf   Time
   74089  38752.00000  38173.07543     14  11037     56    1.49%      11    108
   75094  38752.00000  38179.93159     14  11128     42    1.48%      10    109
   76094  38752.00000  38186.42955     14  11215     45    1.46%      16    110
   77095  38752.00000  38192.00032     14  11303     46    1.45%       7    111
   78099  38752.00000  38198.43884     14  11379     39    1.43%      13    111
   79107  38752.00000  38204.10135     14  11458     47    1.41%      16    112
   80109  38752.00000  38209.30652     14  11534     47    1.40%      22    113
   81110  38752.00000  38215.56868     14  11601     49    1.38%       9    114
   82111  38752.00000  38221.00923     14  11647     45    1.37%       7    115
   83115  38752.00000  38227.29317     14  11666     26    1.35%      19    116
   84120  38752.00000  38233.39282     14  11719     26    1.34%      21    117
   85120  38752.00000  38237.83582     14  11790     26    1.33%      20    118
   86121  38752.00000  38242.88232     14  11857     52    1.31%      10    119
   87124  38752.00000  38247.84808     14  11911     51    1.30%      12    120
   88125  38752.00000  38252.80194     14  11989     47    1.29%      22    120
   89125  38752.00000  38257.58558     14  12050     49    1.28%      16    121
   90125  38752.00000  38263.23979     14  12069     49    1.26%      12    122
   91138  38752.00000  38267.88442     14  12084     60    1.25%      15    123
   92139  38752.00000  38272.58368     14  12110     38    1.24%      13    124
   93140  38752.00000  38277.90067     14  12129     50    1.22%       4    125
B&B tree size: 389Mb total

    Node     BestSoln    BestBound   Sols Active  Depth     Gap     GInf   Time
   94141  38752.00000  38282.24125     14  12159     54    1.21%       5    126
   95141  38752.00000  38287.69421     14  12186     57    1.20%       9    126
   96143  38752.00000  38293.01489     14  12171     58    1.18%       8    127
   97146  38752.00000  38298.29302     14  12219     50    1.17%       8    128
   98147  38752.00000  38302.83072     14  12232     51    1.16%      11    129
   99147  38752.00000  38307.69212     14  12262     49    1.15%      16    130
  100147  38752.00000  38312.06244     14  12267     56    1.14%       4    131
  110147  38752.00000  38357.62849     14  12170     49    1.02%      21    139
  120148  38752.00000  38402.56832     14  11601     55    0.90%      14    148
  130149  38752.00000  38449.35444     14  10735     66    0.78%       9    157
  140149  38752.00000  38504.59355     14   8967     49    0.64%       7    165
  150150  38752.00000  38575.28253     14   5856     52    0.46%      16    174
 *** Search completed ***     Time:   181 Nodes:     158849
Number of integer feasible solutions found is 14
Best integer solution found is  38752.00000
Best bound is  38748.00001
Uncrunching matrix
Objective value = 38752.0
Best Bound = 38748.00000500000169267878
Nodes explored = 158849
file3

@04 1481142592
@05 7200

Read MPS: 1
MIP has 938 vars and 158 constraints
Read SOL: 1
Objective value computed by solver: 38752

Integrality tolerance: 1/10000
Linear tolerance: 1/10000
Objective tolerance: 1/10000

Check SOL: Integrality 1 Constraints 1 Objective 1
Maximum violations: Integrality 6.99441e-15 Constraints 4.89489e-12 Objective 2.63523e-12

-----------------------------
Wed Dec  7 13:29:52 MST 2016
-----------------------------

=ready=
