@01 instances/miplib2010/bab5.mps.gz ===========
-----------------------------
Wed Dec  7 10:23:55 MST 2016
-----------------------------
@03 1481131435
FICO Xpress-Optimizer 64-bit v30.01.03 (Hyper64 capacity)
FICO Xpress-SLP release version 30.01.03 Dec  2 2016
(c) Copyright Fair Isaac Corporation 1983-2017. All rights reserved
Xpress-Nonlinear Knitro 10.0.0 extension
Using Xpress-Optimizer [/home/beck/math/opt/xpressmp/lib/libxprs.so.30.01.03]
Using Xpress-SLP       [/home/beck/math/opt/xpressmp/lib/libxslp.so]
Using Knitro           [/home/beck/math/opt/xpressmp/lib/libxknitro.so]
MAXTIME=-7200
CPUTIME=0
THREADS=1
MIPRELSTOP=0

Reading Problem bab5
Problem Statistics
        4965 (      0 spare) rows
       21600 (      0 spare) structural columns
      167848 (      0 spare) non-zero elements
Global Statistics
       21600 entities        0 sets        0 set members
Minimizing MILP bab5
Original problem has:
      4965 rows        21600 cols       167848 elements     21600 globals
Presolved problem has:
      4672 rows        20825 cols        65703 elements     20825 globals
LP relaxation tightened
Symmetric problem: generators: 3, support set: 2678
 Number of orbits: 1339, largest orbit: 2
Will try to keep branch and bound tree memory usage below 18.0Gb
Crash basis containing 2 structural columns created

   Its         Obj Value      S   Ninf  Nneg   Sum Dual Inf  Time
     0      -1783062.122      D   3404     0        .000000     0
 18611      -116585.3220      P      0     0        .000000     1
Optimal solution found
Dual solved problem
  18611 simplex iterations in 1s

Final objective                         : -1.165853220324999e+05
  Max primal violation      (abs / rel) : 6.384e-15 / 6.384e-15
  Max dual violation        (abs / rel) : 5.684e-13 / 5.684e-13
  Max complementarity viol. (abs / rel) :       0.0 /       0.0
All values within tolerances

Starting root cutting & heuristics

 Its Type    BestSoln    BestBound   Sols    Add    Del     Gap     GInf   Time
   1  K               -114277.5356      0    165      0              175      1
   2  K               -113397.2378      0    257    135              277      1
   3  K               -113035.0159      0    241    245              261      2
   4  K               -112675.6248      0    322    226              359      2
   5  K               -112651.9444      0    196    311              283      2
   6  K               -112468.4565      0    318    189              401      2
   7  K               -112250.1857      0    170    299              354      2
   8  K               -112042.7825      0    129    188              337      2
   9  K               -111995.4682      0    400    122              408      3
  10  K               -111910.6727      0    215    375              400      3
  11  K               -111781.8053      0    134    202              501      3
  12  K               -111657.9760      0    176    137              515      3
  13  K               -111564.4928      0    136    175              399      3
  14  K               -111445.2403      0    182    132              397      3
  15  K               -111212.9571      0    129    174              419      3
  16  K               -110963.7306      0    265    142              517      4
  17  K               -110695.8255      0    136    249              511      4
  18  K               -110318.9199      0    153    134              551      4
  19  K               -110188.1916      0    158    151              516      4
  20  K               -109908.1452      0    281    178              488      4
  21  K               -109723.5773      0    152    263              533      4
  22  K               -109611.0451      0    111    147              494      4
  23  K               -109568.1568      0     58    106              484      5
  24  K               -109522.9894      0    298     65              512      5
  25  K               -109483.7484      0    344    324              400      5
  26  K               -109456.8095      0    425    320              562      6
  27  K               -109420.6369      0    149    398              517      6
  28  K               -109391.1088      0    455    159              632      7
  29  K               -109369.1592      0    204    433              484      7
  30  K               -109359.6130      0    137    229              381      8
  31  K               -109350.8184      0    372    164              457      8
  32  K               -109347.6621      0    288    348              534      8
  33  K               -109342.3062      0    156    297              473      9
  34  K               -109335.9262      0    489    152              594      9
  35  K               -109319.7736      0    276    463              597      9
  36  K               -109317.7968      0    213    268              528     10
  37  K               -109309.1160      0    306    237              403     10
  38  K               -109299.6175      0     80    284              454     10
  39  K               -109287.4494      0     84     80              467     10
  40  K               -109280.1390      0     96    102              421     11
  41  K               -109270.9127      0    633    109              567     11
  42  K               -109259.2561      0    507    632              499     12
  43  K               -109252.7506      0    576    498              597     12
  44  K               -109205.7558      0    149    522              478     13
  45  K               -109174.7925      0     81    181              398     13
  46  K               -109143.1375      0    123     92              485     13
  47  K               -109124.5938      0    555    138              498     14
  48  K               -108979.1469      0    343    546              521     14
  49  K               -108875.2336      0    559    369              605     15
  50  K               -108808.1409      0    398    536              525     16
  51  K               -108701.6186      0    371    382              565     17
  52  K               -108648.6481      0    255    355              574     17
  53  K               -108541.4130      0    563    268              542     17
  54  K               -108413.6412      0    452    553              559     18
  55  K               -108299.5534      0    711    457              571     18
  56  K               -108251.9370      0    424    701              564     19
  57  K               -108173.4392      0    522    418              586     19
  58  K               -108128.8713      0    374    514              608     19
  59  K               -108071.0812      0    664    374              611     19
  60  K               -108040.1137      0    302    654              623     20
  61  K               -108024.5577      0    178    297              596     20
  62  K               -108005.7927      0    283    172              612     20
  63  K               -107988.8297      0     93    277              635     20
  64  K               -107969.8856      0    450    112              613     20
  65  K               -107912.4547      0    134    423              599     20
  66  K               -107827.4232      0    157    154              659     21
  67  K               -107787.5391      0    433    159              652     21
  68  K               -107701.4360      0    539    433              657     21
  69  K               -107673.1564      0    338    519              634     21
  70  K               -107651.2863      0    312    315              647     21
  71  K               -107630.1907      0    190    313              653     22
  72  K               -107613.6621      0     84    188              609     22
  73  K               -107599.7724      0    517    101              668     22
  74  K               -107567.4388      0    132    536              528     22
  75  K               -107542.4280      0    597    142              577     22
  76  K               -107418.7923      0    454    580              673     23
  77  K               -107127.1765      0    343    448              602     23
  78  K               -107124.5202      0    403    360              536     23
  79  K               -107122.3266      0    378    398              561     23
  80  K               -107119.9829      0    312    378              500     23
  81  K               -107117.2105      0     44    312              413     23
  82  K               -107113.1066      0    127     54              487     23
  83  K               -107105.2153      0    418    129              513     24
  84  K               -107097.4549      0     40    402              455     24
  85  K               -107095.7941      0    325     58              518     24
  86  K               -107094.4796      0    574    317              507     24
  87  K               -107092.9300      0     21    555              445     24
  88  K               -107092.4430      0    517     43              476     24
  89  K               -107088.2597      0    169    508              443     24
  90  K               -107077.5437      0    345    185              438     24
  91  K               -107069.2431      0    394    345              491     25
  92  K               -107067.3012      0    305    391              577     25
  93  K               -107065.5049      0    132    301              497     25
  94  K               -107057.0186      0    326    133              453     25
  95  K               -107051.6552      0    410    322              507     25
  96  K               -107044.5339      0    462    395              587     26
  97  K               -107030.2680      0    548    459              586     26
  98  K               -107024.2806      0    316    538              526     26
  99  K               -107018.0486      0    231    321              564     26
 100  K               -107012.0291      0     80    232              489     26
 101  K               -107009.3726      0    331    105              572     26
 102  K               -107006.8479      0    112    316              550     27
 103  K               -107002.4608      0    404    121              554     27
 104  K               -107000.3955      0     91    389              542     27
 105  K               -106997.9020      0     50    106              550     27
 106  K               -106995.9360      0    378     53              551     27
 107  K               -106993.5403      0     32    367              509     27
 108  K               -106990.4468      0     28     48              537     27
 109  K               -106988.6657      0   1209     42              520     27
 110  K               -106980.2137      0    284   1174              568     28
 111  K               -106980.0846      0    868    311              555     28
 112  K               -106977.2583      0    352    838              582     28
 113  K               -106975.2075      0    409    337              453     28
 114  K               -106973.0187      0    245    405              520     28
 115  K               -106972.2191      0    272    242              506     28
 116  K               -106971.7795      0    784    279              486     28
 117  K               -106971.6916      0    136    769              487     29
 118  K               -106971.6916      0      5    132              497     29
 119  K               -106971.4779      0    215     15              501     29
 120  K               -106970.9903      0     25    204              503     29
 121  K               -106969.0837      0      5     37              494     29
 122  K               -106969.0837      0     15      9              498     29
 123  K               -106969.0837      0      2     11              498     29
 124  K               -106969.0837      0      3      2              499     29
 125  K               -106969.0837      0     11      4              500     29
 126  K               -106969.0837      0      3      7              498     29
 127  K               -106969.0837      0      2      7              499     29
 128  K               -106969.0837      0      0      1              501     29
Heuristic search started
R        -102430.2032 -106969.0837      1                  4.24%       0     30
R        -103665.7116 -106969.0837      2                  3.09%       0     30
R        -104038.3676 -106969.0837      3                  2.74%       0     30
Heuristic search stopped

Cuts in the matrix         : 262
Cut elements in the matrix : 31558

Starting tree search.
Deterministic mode with up to 1 running thread and up to 1 task.

    Node     BestSoln    BestBound   Sols Active  Depth     Gap     GInf   Time
       1 -104038.3676 -106966.4027      3      2      1    2.74%     501     33
       2 -104038.3676 -106966.3373      3      2      3    2.74%     419     33
       3 -104038.3676 -106964.8234      3      3      4    2.74%     435     35
       4 -104038.3676 -106964.8234      3      4      5    2.74%     396     35
       5 -104038.3676 -106953.2075      3      5      3    2.73%     334     36
       6 -104038.3676 -106953.2075      3      6      4    2.73%     288     37
       7 -104038.3676 -106953.2075      3      7      5    2.73%     260     37
       8 -104038.3676 -106952.2074      3      8      6    2.72%     227     37
       9 -104038.3676 -106951.8656      3      9      7    2.72%     419     38
      10 -104038.3676 -106951.8656      3     10      8    2.72%     364     39
      20 -104038.3676 -106943.1636      3     19     15    2.72%     228     45
      30 -104038.3676 -106943.1636      3     27     25    2.72%     140     47
E     32 -104723.7751 -106943.1636      4     27     27    2.08%       0     48
      43 -104723.7751 -106943.1636      4     27     36    2.08%     140     48
      53 -104723.7751 -106943.1388      4     42     13    2.08%     434     52
      63 -104723.7751 -106943.1388      4     48     20    2.08%     174     56
      73 -104723.7751 -106943.1388      4     48      8    2.08%     410     58
      83 -104723.7751 -106941.9731      4     56     17    2.07%     218     63
      93 -104723.7751 -106941.9731      4     56     27    2.07%     105     65
B&B tree size: 16Mb total

    Node     BestSoln    BestBound   Sols Active  Depth     Gap     GInf   Time
     103 -104723.7751 -106941.9731      4     75     37    2.07%     127     67
a    123 -104743.0482 -106941.9731      5     75     52    2.06%       0     69
a    124 -104769.2172 -106941.9731      6     75     53    2.03%       0     69
a    126 -104769.4012 -106941.9731      7     75     54    2.03%       0     69
E    178 -105401.4756 -106936.1367      8    118     33    1.44%       0     85
     216 -105401.4756 -106936.1367      8    118      1    1.44%       1     85
E    244 -105653.2647 -106936.1367      9    126     29    1.20%       0     92
     316 -105653.2647 -106932.5185      9    135     20    1.20%     295    100
     416 -105653.2647 -106925.6739      9    192     22    1.19%     163    123
     518 -105653.2647 -106923.3420      9    230     28    1.19%     227    138
     619 -105653.2647 -106913.2478      9    287     21    1.18%     160    159
     719 -105653.2647 -106913.1661      9    336     14    1.18%     347    177
     820 -105653.2647 -106910.9526      9    379     27    1.18%     232    193
     921 -105653.2647 -106907.9019      9    423     28    1.17%     283    213
E    947 -106107.1911 -106907.3759     10    437     20    0.75%       0    217
    1145 -106107.1911 -106907.3759     10    247      1    0.75%       1    217
    1245 -106107.1911 -106902.2518     10    282     16    0.74%     426    230
E   1285 -106330.6101 -106900.7251     11    296     29    0.53%       0    238
    1410 -106330.6101 -106900.7251     11    207      1    0.53%       1    240
    1511 -106330.6101 -106897.7353     11    231     28    0.53%     263    252
B&B tree size: 62Mb total

    Node     BestSoln    BestBound   Sols Active  Depth     Gap     GInf   Time
    1611 -106330.6101 -106889.5548     11    275     28    0.52%     158    265
    1711 -106330.6101 -106887.5070     11    310     20    0.52%     325    276
    1815 -106330.6101 -106884.2756     11    341     39    0.52%     148    290
    1915 -106330.6101 -106883.0597     11    383     14    0.52%     363    302
    2017 -106330.6101 -106880.0424     11    417     34    0.51%     235    313
    2119 -106330.6101 -106877.7444     11    453     32    0.51%     154    325
    2219 -106330.6101 -106876.5134     11    486     24    0.51%     175    337
    2320 -106330.6101 -106875.5416     11    512     32    0.51%     285    350
    2420 -106330.6101 -106874.5051     11    545     22    0.51%     305    359
    2523 -106330.6101 -106872.4154     11    572     38    0.51%     107    372
    2623 -106330.6101 -106870.4407     11    607     36    0.51%     309    383
    2725 -106330.6101 -106869.0365     11    641     52    0.50%     238    401
    2825 -106330.6101 -106868.7108     11    666     32    0.50%     360    414
    2925 -106330.6101 -106868.1102     11    712     27    0.50%     252    423
    3025 -106330.6101 -106866.6070     11    739     27    0.50%     338    435
    3125 -106330.6101 -106866.0386     11    781     34    0.50%     308    448
    3228 -106330.6101 -106864.1525     11    811     27    0.50%     249    460
    3328 -106330.6101 -106862.5658     11    839     38    0.50%     350    472
    3429 -106330.6101 -106861.5404     11    872     30    0.50%     244    487
    3530 -106330.6101 -106860.5593     11    919     24    0.50%     246    502
B&B tree size: 212Mb total

    Node     BestSoln    BestBound   Sols Active  Depth     Gap     GInf   Time
    3630 -106330.6101 -106859.2399     11    943     32    0.49%     269    516
    3734 -106330.6101 -106857.1119     11    982     50    0.49%     266    531
    3834 -106330.6101 -106855.5138     11   1027     29    0.49%     402    544
    3939 -106330.6101 -106853.1724     11   1066     52    0.49%     135    554
    4040 -106330.6101 -106851.4209     11   1106     19    0.49%     302    566
    4140 -106330.6101 -106849.6090     11   1135     40    0.49%      67    577
    4240 -106330.6101 -106849.0496     11   1164     22    0.49%     188    590
    4345 -106330.6101 -106848.1224     11   1198     46    0.48%     213    601
    4445 -106330.6101 -106846.3723     11   1240     21    0.48%     157    614
    4546 -106330.6101 -106844.8519     11   1265     28    0.48%     270    625
    4646 -106330.6101 -106844.6328     11   1297     25    0.48%     286    636
    4748 -106330.6101 -106843.4228     11   1318     34    0.48%     265    651
    4851 -106330.6101 -106842.0025     11   1359     40    0.48%     242    664
    4951 -106330.6101 -106840.8258     11   1394     40    0.48%     197    677
    5052 -106330.6101 -106840.5723     11   1430     30    0.48%     233    688
    5153 -106330.6101 -106840.0872     11   1464     56    0.48%     271    699
    5253 -106330.6101 -106838.8233     11   1500     44    0.48%     251    713
    5355 -106330.6101 -106838.3493     11   1531     15    0.48%     337    726
    5456 -106330.6101 -106836.9098     11   1564     40    0.47%     267    742
    5556 -106330.6101 -106835.9517     11   1587     41    0.47%     354    753
B&B tree size: 352Mb total

    Node     BestSoln    BestBound   Sols Active  Depth     Gap     GInf   Time
    5656 -106330.6101 -106835.7197     11   1610     50    0.47%     144    765
    5757 -106330.6101 -106835.3061     11   1648     26    0.47%     275    775
    5857 -106330.6101 -106834.8125     11   1681     36    0.47%     321    789
    5965 -106330.6101 -106834.4463     11   1698     53    0.47%     119    800
    6066 -106330.6101 -106833.8113     11   1741     34    0.47%     273    811
    6166 -106330.6101 -106832.9081     11   1780     31    0.47%     345    822
    6266 -106330.6101 -106831.9288     11   1808     32    0.47%     261    836
    6366 -106330.6101 -106831.1812     11   1837     28    0.47%     343    848
    6466 -106330.6101 -106830.1480     11   1858     32    0.47%     227    864
    6569 -106330.6101 -106829.6452     11   1885     34    0.47%     247    875
    6674 -106330.6101 -106827.7880     11   1916     26    0.47%     148    889
    6774 -106330.6101 -106827.3631     11   1951     20    0.47%     385    899
    6875 -106330.6101 -106826.4591     11   1983     36    0.46%     322    911
    6975 -106330.6101 -106826.3612     11   2011     27    0.46%     342    917
    7077 -106330.6101 -106825.6698     11   2050     41    0.46%     241    929
    7178 -106330.6101 -106825.3359     11   2068     51    0.46%     320    940
    7281 -106330.6101 -106824.6248     11   2101     36    0.46%     215    953
    7381 -106330.6101 -106823.7229     11   2137     32    0.46%     148    959
    7482 -106330.6101 -106822.7716     11   2165     42    0.46%     210    973
    7582 -106330.6101 -106821.8508     11   2199     28    0.46%     259    984
B&B tree size: 482Mb total

    Node     BestSoln    BestBound   Sols Active  Depth     Gap     GInf   Time
    7682 -106330.6101 -106821.7073     11   2228     30    0.46%     282    994
    7782 -106330.6101 -106821.1795     11   2257     32    0.46%     259   1003
    7882 -106330.6101 -106820.9266     11   2281     21    0.46%     421   1017
    7982 -106330.6101 -106820.7441     11   2308     11    0.46%     350   1026
    8082 -106330.6101 -106820.2507     11   2335     32    0.46%     127   1038
    8182 -106330.6101 -106819.8894     11   2355     26    0.46%     303   1047
    8291 -106330.6101 -106819.7790     11   2383     50    0.46%     309   1063
    8394 -106330.6101 -106819.3825     11   2415     66    0.46%     181   1075
    8494 -106330.6101 -106818.4916     11   2451     18    0.46%     347   1088
    8595 -106330.6101 -106817.6088     11   2482     32    0.46%     131   1097
    8695 -106330.6101 -106817.0404     11   2516     34    0.46%     170   1107
    8796 -106330.6101 -106816.4510     11   2549     38    0.45%     258   1117
    8900 -106330.6101 -106815.4961     11   2570     42    0.45%     233   1126
    9000 -106330.6101 -106814.9071     11   2600     31    0.45%     370   1138
    9100 -106330.6101 -106814.6095     11   2630     36    0.45%     302   1153
    9200 -106330.6101 -106813.4472     11   2657     44    0.45%     314   1164
    9300 -106330.6101 -106813.0447     11   2678     44    0.45%     324   1173
    9402 -106330.6101 -106812.7019     11   2713     61    0.45%     386   1191
    9504 -106330.6101 -106812.2278     11   2728     36    0.45%     289   1203
    9606 -106330.6101 -106811.8635     11   2750     24    0.45%     412   1213
B&B tree size: 0.5Gb total

    Node     BestSoln    BestBound   Sols Active  Depth     Gap     GInf   Time
    9707 -106330.6101 -106811.4904     11   2782     38    0.45%     265   1220
    9809 -106330.6101 -106810.8059     11   2812     39    0.45%     275   1232
    9910 -106330.6101 -106810.3368     11   2834     20    0.45%     367   1243
   10013 -106330.6101 -106810.2113     11   2864     72    0.45%     189   1256
   11014 -106330.6101 -106804.6534     11   3140     52    0.44%     222   1376
   12017 -106330.6101 -106800.7747     11   3420     36    0.44%     191   1480
   13017 -106330.6101 -106795.9866     11   3664     35    0.44%     266   1589
   14017 -106330.6101 -106792.3239     11   3893     21    0.43%     302   1706
   15019 -106330.6101 -106789.5185     11   4151     53    0.43%     294   1815
   16019 -106330.6101 -106787.4944     11   4397     56    0.43%     195   1928
   17020 -106330.6101 -106784.1788     11   4690     29    0.42%     304   2050
   18020 -106330.6101 -106781.4750     11   4923     33    0.42%     314   2161
   19020 -106330.6101 -106778.9298     11   5144     27    0.42%     329   2277
R  19894 -106410.3341 -106775.5208     12   5359     34    0.34%       0   2383
   21234 -106410.3341 -106775.4634     12   4028      1    0.34%       1   2384
   22234 -106410.3341 -106772.4982     12   4229     53    0.34%     244   2491
   23234 -106410.3341 -106769.7338     12   4403     44    0.34%     255   2590
   24235 -106410.3341 -106765.7975     12   4579     32    0.33%     305   2678
   25235 -106410.3341 -106763.7790     12   4761     34    0.33%     220   2790
   26235 -106410.3341 -106760.5636     12   4948     35    0.33%     277   2898
B&B tree size: 1.2Gb total

    Node     BestSoln    BestBound   Sols Active  Depth     Gap     GInf   Time
   27236 -106410.3341 -106757.5178     12   5125     37    0.33%     333   3008
   28236 -106410.3341 -106755.1794     12   5343     46    0.32%     281   3106
   29236 -106410.3341 -106752.3529     12   5544     33    0.32%     224   3207
R  29412 -106411.8401 -106752.2104     13   5599     14    0.32%       0   3225
   30236 -106411.8401 -106749.7146     13   5760     36    0.32%     269   3302
   31237 -106411.8401 -106747.6521     13   5927     52    0.31%     214   3403
   32238 -106411.8401 -106745.8889     13   6089     58    0.31%     272   3497
   33239 -106411.8401 -106744.4229     13   6265     52    0.31%     357   3602
   34240 -106411.8401 -106742.4417     13   6418     40    0.31%     326   3690
   35241 -106411.8401 -106741.2823     13   6587     49    0.31%     306   3803
   36241 -106411.8401 -106739.7359     13   6752     48    0.31%     326   3908
   37243 -106411.8401 -106738.3349     13   6934     65    0.31%     292   4014
   38243 -106411.8401 -106737.2219     13   7097     55    0.30%     305   4109
   39243 -106411.8401 -106736.0159     13   7300     55    0.30%     189   4202
   40245 -106411.8401 -106734.2515     13   7459     36    0.30%     397   4302
   41247 -106411.8401 -106733.0829     13   7623     56    0.30%     266   4397
   42248 -106411.8401 -106731.7031     13   7809     43    0.30%     302   4496
   43248 -106411.8401 -106730.5534     13   7989     68    0.30%     308   4601
   44248 -106411.8401 -106729.7902     13   8148     43    0.30%     335   4695
   45248 -106411.8401 -106728.5396     13   8306     42    0.30%     349   4789
B&B tree size: 2.1Gb total

    Node     BestSoln    BestBound   Sols Active  Depth     Gap     GInf   Time
   46248 -106411.8401 -106727.0110     13   8457     35    0.30%     191   4882
   47249 -106411.8401 -106725.5202     13   8603     36    0.29%     286   4984
   48251 -106411.8401 -106724.6228     13   8762     81    0.29%     231   5084
   49251 -106411.8401 -106723.4919     13   8923     79    0.29%     326   5185
   50252 -106411.8401 -106722.6787     13   9116     52    0.29%     278   5276
   51257 -106411.8401 -106721.2429     13   9313     51    0.29%     373   5372
   52261 -106411.8401 -106720.4835     13   9512     60    0.29%     204   5460
   53263 -106411.8401 -106719.3604     13   9673     58    0.29%     240   5545
   54264 -106411.8401 -106718.3368     13   9829     42    0.29%     356   5642
   55265 -106411.8401 -106717.2607     13  10000     55    0.29%     297   5732
   56269 -106411.8401 -106716.4555     13  10151     54    0.29%      62   5819
   57269 -106411.8401 -106715.4244     13  10306     59    0.28%     237   5915
   58269 -106411.8401 -106714.5070     13  10508     41    0.28%     356   6014
   59270 -106411.8401 -106713.3633     13  10644     35    0.28%     255   6111
   60271 -106411.8401 -106711.9906     13  10801     20    0.28%     166   6203
   61273 -106411.8401 -106711.0276     13  10985     52    0.28%     262   6302
   62273 -106411.8401 -106709.9427     13  11141     85    0.28%     113   6391
   63274 -106411.8401 -106708.9190     13  11305     60    0.28%     218   6479
   64275 -106411.8401 -106707.9806     13  11449     55    0.28%     344   6564
   65276 -106411.8401 -106707.2514     13  11621     43    0.28%     390   6639
B&B tree size: 2.9Gb total

    Node     BestSoln    BestBound   Sols Active  Depth     Gap     GInf   Time
   66276 -106411.8401 -106706.4610     13  11801     60    0.28%     167   6726
   67276 -106411.8401 -106705.6596     13  11969     44    0.28%     351   6813
   68276 -106411.8401 -106704.8075     13  12142     77    0.27%     110   6894
   69277 -106411.8401 -106703.9857     13  12298     55    0.27%     320   6981
   70277 -106411.8401 -106703.2313     13  12448     46    0.27%     293   7059
   71277 -106411.8401 -106702.3053     13  12604     44    0.27%     224   7148
STOPPING - MAXTIME limit reached.
 *** Search unfinished ***    Time:  7200 Nodes:      71853
Number of integer feasible solutions found is 13
Best integer solution found is -106411.8401
Best bound is -106701.8161
Objective value = -106411.8401
Best Bound = -106701.8161100846045883372
Nodes explored = 71853
file3

@04 1481138636
@05 7200

Read MPS: 1
MIP has 21600 vars and 4964 constraints
Read SOL: 1
Objective value computed by solver: -106412

Integrality tolerance: 1/10000
Linear tolerance: 1/10000
Objective tolerance: 1/10000

Check SOL: Integrality 1 Constraints 1 Objective 1
Maximum violations: Integrality 2e-15 Constraints 4e-15 Objective 2.94577e-13

-----------------------------
Wed Dec  7 12:23:56 MST 2016
-----------------------------

=ready=
