@01 instances/miplib2010/satellites1-25.mps.gz ===========
-----------------------------
Wed Dec  7 19:21:57 MST 2016
-----------------------------
@03 1481163717
FICO Xpress-Optimizer 64-bit v30.01.03 (Hyper64 capacity)
FICO Xpress-SLP release version 30.01.03 Dec  2 2016
(c) Copyright Fair Isaac Corporation 1983-2017. All rights reserved
Xpress-Nonlinear Knitro 10.0.0 extension
Using Xpress-Optimizer [/home/beck/math/opt/xpressmp/lib/libxprs.so.30.01.03]
Using Xpress-SLP       [/home/beck/math/opt/xpressmp/lib/libxslp.so]
Using Knitro           [/home/beck/math/opt/xpressmp/lib/libxknitro.so]
MAXTIME=-7200
CPUTIME=0
THREADS=1
MIPRELSTOP=0

Reading Problem satellites1-25
Problem Statistics
        5997 (      0 spare) rows
        9013 (      0 spare) structural columns
       59379 (      0 spare) non-zero elements
Global Statistics
        8509 entities        0 sets        0 set members
Minimizing MILP satellites1-25
Original problem has:
      5997 rows         9013 cols        59379 elements      8509 globals
Presolved problem has:
      4424 rows         7634 cols        41320 elements      7567 globals
LP relaxation tightened
Will try to keep branch and bound tree memory usage below 18.0Gb
 *** Heuristic solution found:   183.000000      Time: 0 ***
 *** Heuristic solution found:   143.000000      Time: 0 ***
Crash basis containing 163 structural columns created

   Its         Obj Value      S   Ninf  Nneg   Sum Dual Inf  Time
     0       -226.000000      D   2393     0        .000000     0
  4814        -20.000000      P      0     0        .000000     0
Optimal solution found
Dual solved problem
  4814 simplex iterations in 0s

Final objective                         : -2.000000000000000e+01
  Max primal violation      (abs / rel) : 2.442e-15 / 2.442e-15
  Max dual violation        (abs / rel) :       0.0 /       0.0
  Max complementarity viol. (abs / rel) :       0.0 /       0.0
All values within tolerances

Starting root cutting & heuristics

 Its Type    BestSoln    BestBound   Sols    Add    Del     Gap     GInf   Time
   1  K    143.000000   -20.000000      2    177      0     163      721      1
   2  K    143.000000   -20.000000      2    258    153     163      803      2
   3  K    143.000000   -20.000000      2    242    243     163      719      2
   4  K    143.000000   -20.000000      2    275    253     163      648      3
   5  K    143.000000   -20.000000      2    255    262     163      601      3
   6  K    143.000000   -20.000000      2    325    253     163      668      4
   7  K    143.000000   -20.000000      2    189    314     163      483      4
   8  K    143.000000   -20.000000      2    217    202     163      683      4
   9  K    143.000000   -20.000000      2    206    217     163      689      5
  10  K    143.000000   -20.000000      2    258    208     163      638      6
  11  K    143.000000   -20.000000      2    336    265     163      566      6
  12  K    143.000000   -20.000000      2    501    339     163      584      6
a           71.000000   -20.000000      3                    91        0      7
  13  K     71.000000   -20.000000      3    183    480      91      474      7
  14  K     71.000000   -20.000000      3    183    195      91      560      7
  15  K     71.000000   -20.000000      3    405    188      91      558      8
  16  K     71.000000   -20.000000      3    404    401      91      715      8
  17  K     71.000000   -20.000000      3    280    409      91      604      8
  18  K     71.000000   -20.000000      3    317    269      91      671      9
  19  K     71.000000   -20.000000      3     91    317      91      392      9
  20  K     71.000000   -20.000000      3     66    179      91      358      9
  21  G     71.000000   -20.000000      3    499      2      91      511     10
  22  G     71.000000   -20.000000      3    145    605      91      751     10
Heuristic search started
Heuristic search stopped

Cuts in the matrix         : 58
Cut elements in the matrix : 2217

Starting tree search.
Deterministic mode with up to 1 running thread and up to 1 task.

    Node     BestSoln    BestBound   Sols Active  Depth     Gap     GInf   Time
       1    71.000000   -20.000000      3      2      1      91      563     16
       2    71.000000   -20.000000      3      2      2      91      620     17
       3    71.000000   -20.000000      3      3      3      91      558     17
       4    71.000000   -20.000000      3      4      4      91      543     18
       5    71.000000   -20.000000      3      5      3      91      590     18
       6    71.000000   -20.000000      3      6      4      91      526     19
       7    71.000000   -20.000000      3      7      5      91      359     19
       8    71.000000   -20.000000      3      6      5      91      522     20
       9    71.000000   -20.000000      3      7      6      91      319     20
q      9    70.000000   -20.000000      4      8      7      90        0     20
      10    70.000000   -20.000000      4      8      7      90       50     20
      20    70.000000   -20.000000      4     12      9      90      291     27
      30    70.000000   -20.000000      4     16     15      90      192     29
q     33    34.000000   -20.000000      5     16     17      54        0     29
      40    34.000000   -20.000000      5     16      9      54      547     32
      50    34.000000   -20.000000      5     21     16      54      237     34
q     59    33.000000   -20.000000      6     21     24      53        0     34
      61    33.000000   -20.000000      6     21     24      53      103     34
      71    33.000000   -20.000000      6     23      9      53      372     37
B&B tree size: 1.8Mb total

    Node     BestSoln    BestBound   Sols Active  Depth     Gap     GInf   Time
      81    33.000000   -20.000000      6     29      8      53      632     39
      91    33.000000   -20.000000      6     35     13      53      449     41
     102    33.000000   -20.000000      6     37     20      53       52     42
q    105    30.000000   -20.000000      7     37     23      50        0     42
     202    30.000000   -20.000000      7     43     14      50      283     50
     306    30.000000   -20.000000      7     73     12      50      433     58
     410    30.000000   -20.000000      7     96     20      50      548     63
q    442    27.000000   -20.000000      8    106     36      47        0     65
     512    27.000000   -20.000000      8     85     20      47      400     68
     612    27.000000   -20.000000      8    112     18      47      282     73
     714    27.000000   -20.000000      8    137     11      47      284     78
     816    27.000000   -19.588235      8    154     25 46.5882      242     82
     916    27.000000   -19.000000      8    156     16      46      564     86
    1021    27.000000   -19.000000      8    178     21      46      294     91
    1121    27.000000   -19.000000      8    200     32      46      360     96
    1222    27.000000   -19.000000      8    209     25      46      538    101
    1323    27.000000   -19.000000      8    234     28      46      593    106
*   1419    -2.000000   -19.000000      9    248     48   89.47%       0    110
    1449    -2.000000   -19.000000      9    220      1   89.47%       1    110
*   1470    -3.000000   -19.000000     10    221     32   84.21%       0    110
B&B tree size: 18Mb total

    Node     BestSoln    BestBound   Sols Active  Depth     Gap     GInf   Time
    1551    -3.000000   -19.000000     10    225     30   84.21%     415    113
    1656    -3.000000   -19.000000     10    230     28   84.21%     325    117
    1756    -3.000000   -19.000000     10    228     20   84.21%     217    120
    1856    -3.000000   -18.750000     10    230     21   84.00%     404    124
    1957    -3.000000   -18.500000     10    231     28   83.78%     416    128
    2058    -3.000000   -18.500000     10    216     28   83.78%     473    130
    2162    -3.000000   -18.000000     10    211     28   83.33%     478    134
    2262    -3.000000   -18.000000     10    204     28   83.33%     481    137
    2362    -3.000000   -18.000000     10    203     24   83.33%     432    140
    2463    -3.000000   -18.000000     10    200     20   83.33%     248    143
    2565    -3.000000   -18.000000     10    206     32   83.33%     356    148
    2665    -3.000000   -18.000000     10    214     27   83.33%     527    153
    2765    -3.000000   -18.000000     10    225     33   83.33%     298    157
    2865    -3.000000   -18.000000     10    238     43   83.33%     282    160
    2967    -3.000000   -17.750000     10    235     27   83.10%     535    163
    3070    -3.000000   -17.500000     10    237     35   82.86%     135    166
    3170    -3.000000   -17.500000     10    248     26   82.86%     307    169
    3270    -3.000000   -17.000000     10    242     10   82.35%     561    171
    3370    -3.000000   -17.000000     10    249     32   82.35%     301    175
    3475    -3.000000   -17.000000     10    247     28   82.35%     272    179
B&B tree size: 29Mb total

    Node     BestSoln    BestBound   Sols Active  Depth     Gap     GInf   Time
    3580    -3.000000   -17.000000     10    244     39   82.35%     383    182
    3681    -3.000000   -17.000000     10    245     28   82.35%     273    185
    3781    -3.000000   -17.000000     10    258     31   82.35%     486    188
    3881    -3.000000   -17.000000     10    261     36   82.35%     231    190
    3983    -3.000000   -17.000000     10    273     30   82.35%     293    193
    4085    -3.000000   -17.000000     10    277     40   82.35%     172    196
    4185    -3.000000   -16.666667     10    272     32   82.00%     412    199
    4287    -3.000000   -16.500000     10    280     35   81.82%     232    201
    4387    -3.000000   -16.000000     10    263     29   81.25%     431    203
    4487    -3.000000   -16.000000     10    265     31   81.25%     342    205
    4588    -3.000000   -16.000000     10    257     36   81.25%     477    208
    4690    -3.000000   -16.000000     10    254     35   81.25%     289    210
    4792    -3.000000   -15.784484     10    242     28   80.99%     112    211
    4892    -3.000000   -15.500000     10    226     28   80.65%     312    214
    4992    -3.000000   -15.000000     10    212     36   80.00%     310    216
*   5073    -4.000000   -15.000000     11    183     37   73.33%       0    217
    5095    -4.000000   -14.882792     11    168     37   73.12%     154    218
    5199    -4.000000   -14.500000     11    172     36   72.41%     169    219
    5300    -4.000000   -14.000000     11    155     36   71.43%     317    221
    5400    -4.000000   -13.773369     11    152     40   70.96%     277    223
B&B tree size: 28Mb total

    Node     BestSoln    BestBound   Sols Active  Depth     Gap     GInf   Time
*   5482    -5.000000   -13.000000     12    142     39   61.54%       0    224
    5502    -5.000000   -13.000000     12    123      1   61.54%       1    224
    5603    -5.000000   -12.000000     12     98     33   58.33%     155    225
    5706    -5.000000   -11.000000     12     77     27   54.55%     192    226
    5807    -5.000000   -11.000000     12     58     34   54.55%     119    227
    5907    -5.000000    -8.000000     12     23     33   37.50%     182    228
 *** Search completed ***     Time:   228 Nodes:       5937
Number of integer feasible solutions found is 12
Best integer solution found is    -5.000000
Best bound is    -5.000000
Uncrunching matrix
Objective value = -5.0
Best Bound = -5
Nodes explored = 5937
file3

@04 1481163946
@05 7200

Read MPS: 1
MIP has 9013 vars and 5996 constraints
Read SOL: 1
Objective value computed by solver: -5

Integrality tolerance: 1/10000
Linear tolerance: 1/10000
Objective tolerance: 1/10000

Check SOL: Integrality 1 Constraints 1 Objective 1
Maximum violations: Integrality 2e-15 Constraints 7e-11 Objective 1.04729e-15

-----------------------------
Wed Dec  7 19:25:47 MST 2016
-----------------------------

=ready=
